#include <lib/nlang/runtime.h>
#include "lib/nlang/module.n.h.out"
#include "t00/bool.n.h.out"
nlang_builtins_i32 __Nmain(void){
 {
nlang_builtins_bool x = (nlang_builtins_bool)0;
;
if (x && (nlang_builtins_bool)1) {
return (nlang_builtins_i32)0;
}
else  {
return (nlang_builtins_i32)1;
};
}
}
void t00_bool_Nrunexamples(void) __attribute__((section(".text.nlang.examples")));
void t00_bool_Nrunexamples(void) {
}
