from nlang import *
type nocopy = <root>.nlang.builtins.i_trivial_ctor
  let this = nocopy
  x:i32

fun <root>.nlang.builtins.i_trivial_ctor.new = @#this

fun <root>.nlang.builtins.i_trivial_ctor.mk = r:this

nocopy method <root>.nlang.builtins.i_trivial_ctor.ctor = void

fun foo = _nretval:nocopy
  let r:nocopy
    r!x = 0
  return r

export fun main = i32
  let __gensym0 = foo
  return __gensym0.x
