from nlang import *
type nocopy = <root>.nlang.builtins.i_trivial_ctor
  let this = nocopy
  let final = nocopy
  x:i32

fun <root>.nlang.builtins.i_trivial_ctor.new = @#final

fun <root>.nlang.builtins.i_trivial_ctor.mk = r:final

nocopy method <root>.nlang.builtins.i_trivial_ctor.ctor = void

fun foo = _nretval:nocopy
  let r:nocopy  such
    r!x = 0
  return r

export fun main = i32
  let _Ngensym0:t00.fixme05.nocopy  such
    return block 
  _Ngensym0 = foo
  _Ngensym0;;.x
