from nlang import *
type a = <root>.nlang.builtins.i_trivial_ctor
  let this = a
  let final = a
  x:i32

fun <root>.nlang.builtins.i_trivial_ctor.new = @#final

fun <root>.nlang.builtins.i_trivial_ctor.mk = r:final

a method <root>.nlang.builtins.i_trivial_ctor.ctor = void

a method foo = i32
  return x

extern fun main = i32
  let y = { }
  return t00.fixme08.a.foo @y
