#include <lib/nlang/runtime.h>
#define NLANG_DECLARE_TYPES
# include "lib/nlang/module.n.h.out"
#undef NLANG_DECLARE_TYPES

#define NLANG_DECLARE_TYPES
# include "t00/fixme10.n.h.out"
#undef NLANG_DECLARE_TYPES
struct t00_fixme10_a;
typedef struct t00_fixme10_a t00_fixme10_a;
typedef const t00_fixme10_a* _Ngen_nlang_builtins_ref__t00_fixme10_a_genN_;
typedef _Ngen_nlang_builtins_ref__t00_fixme10_a_genN_ _Ngen_nlang_builtins_nullable_ref__t00_fixme10_a_genN_;
typedef t00_fixme10_a* _Ngen_nlang_builtins_mutable_ref__t00_fixme10_a_genN_;
typedef _Ngen_nlang_builtins_mutable_ref__t00_fixme10_a_genN_ _Ngen_nlang_builtins_mercurial_ref__t00_fixme10_a_genN_;
typedef _Ngen_nlang_builtins_mutable_ref__t00_fixme10_a_genN_ _Ngen_nlang_builtins_nullable_mutable_ref__t00_fixme10_a_genN_;
typedef _Ngen_nlang_builtins_mercurial_ref__t00_fixme10_a_genN_ _Ngen_nlang_builtins_nullable_mercurial_ref__t00_fixme10_a_genN_;




struct t00_fixme10_b;
typedef struct t00_fixme10_b t00_fixme10_b;
typedef const t00_fixme10_b* _Ngen_nlang_builtins_ref__t00_fixme10_b_genN_;
typedef _Ngen_nlang_builtins_ref__t00_fixme10_b_genN_ _Ngen_nlang_builtins_nullable_ref__t00_fixme10_b_genN_;
typedef t00_fixme10_b* _Ngen_nlang_builtins_mutable_ref__t00_fixme10_b_genN_;
typedef _Ngen_nlang_builtins_mutable_ref__t00_fixme10_b_genN_ _Ngen_nlang_builtins_mercurial_ref__t00_fixme10_b_genN_;
typedef _Ngen_nlang_builtins_mutable_ref__t00_fixme10_b_genN_ _Ngen_nlang_builtins_nullable_mutable_ref__t00_fixme10_b_genN_;
typedef _Ngen_nlang_builtins_mercurial_ref__t00_fixme10_b_genN_ _Ngen_nlang_builtins_nullable_mercurial_ref__t00_fixme10_b_genN_;



#define NLANG_DEFINE_TYPES
# include "lib/nlang/module.n.h.out"
#undef NLANG_DEFINE_TYPES

#define NLANG_DEFINE_TYPES
# include "t00/fixme10.n.h.out"
#undef NLANG_DEFINE_TYPES
struct t00_fixme10_a {
t00_fixme10_b x;
}
;




struct t00_fixme10_b {
t00_fixme10_a y;
}
;



#define NLANG_DECLARE_FUNCTIONS
# include "lib/nlang/module.n.h.out"
#undef NLANG_DECLARE_FUNCTIONS

#define NLANG_DECLARE_FUNCTIONS
# include "t00/fixme10.n.h.out"
#undef NLANG_DECLARE_FUNCTIONS

_Ngen_nlang_builtins_mercurial_ref__t00_fixme10_a_genN_ t00_fixme10_a_new(void);

void t00_fixme10_a_mk(t00_fixme10_a *_nrtr_r);

nlang_builtins_void t00_fixme10_a_ctor(_Ngen_nlang_builtins_mercurial_ref__t00_fixme10_a_genN_ self) __attribute__((__nonnull__(1)));


_Ngen_nlang_builtins_mercurial_ref__t00_fixme10_b_genN_ t00_fixme10_b_new(void);

void t00_fixme10_b_mk(t00_fixme10_b *_nrtr_r);

nlang_builtins_void t00_fixme10_b_ctor(_Ngen_nlang_builtins_mercurial_ref__t00_fixme10_b_genN_ self) __attribute__((__nonnull__(1)));
#define NLANG_DEFINE_FUNCTIONS
# include "lib/nlang/module.n.h.out"
#undef NLANG_DEFINE_FUNCTIONS

#define NLANG_DEFINE_FUNCTIONS
# include "t00/fixme10.n.h.out"
#undef NLANG_DEFINE_FUNCTIONS

_Ngen_nlang_builtins_mercurial_ref__t00_fixme10_a_genN_ t00_fixme10_a_new(void) {
#define THIS(x) t00_fixme10_a##x
return calloc(1, sizeof(THIS()));
#undef THIS
}

void t00_fixme10_a_mk(t00_fixme10_a *_nrtr_r) {
#define THIS(x) t00_fixme10_a##x
#define r (*_nrtr_r)
#undef r
#undef THIS
}

nlang_builtins_void t00_fixme10_a_ctor(_Ngen_nlang_builtins_mercurial_ref__t00_fixme10_a_genN_ self) {
#define THIS(x) t00_fixme10_a##x
#undef THIS
}


_Ngen_nlang_builtins_mercurial_ref__t00_fixme10_b_genN_ t00_fixme10_b_new(void) {
#define THIS(x) t00_fixme10_b##x
return calloc(1, sizeof(THIS()));
#undef THIS
}

void t00_fixme10_b_mk(t00_fixme10_b *_nrtr_r) {
#define THIS(x) t00_fixme10_b##x
#define r (*_nrtr_r)
#undef r
#undef THIS
}

nlang_builtins_void t00_fixme10_b_ctor(_Ngen_nlang_builtins_mercurial_ref__t00_fixme10_b_genN_ self) {
#define THIS(x) t00_fixme10_b##x
#undef THIS
}
void t00_fixme10_Nrunexamples(void) __attribute__((section(".text.nlang.examples")));
void t00_fixme10_Nrunexamples(void) {
}
