from nlang import *
export fun main = i32
  and _Ngensym0:nlang.chars.static_string  such
    say block 
  _Ngensym0 = 'Hello, World!'
  @_Ngensym0;;
  and _Ngensym1:nlang.builtins.bool  such
    say block 
  _Ngensym1 = true
  @_Ngensym1;;
  and _Ngensym2:nlang.builtins.u32  such
    say block 
  _Ngensym2 = 1
  @_Ngensym2;;
  and _Ngensym3:nlang.builtins.float  such
    say block 
  _Ngensym3 = 1.0
  @_Ngensym3;;
  return 0
