#include <lib/nlang/runtime.h>
#include "lib/nlang/module.n.h.out"
typedef nlang_builtins_u32 t00_match_enu;
static const t00_match_enu t00_match_enu_A = (nlang_builtins_u32)0;
static const t00_match_enu t00_match_enu_B = (nlang_builtins_u32)0 + (nlang_builtins_u32)1;
typedef const t00_match_enu* _ngen_nlang_builtins_ref__t00_match_enu;
typedef _ngen_nlang_builtins_ref__t00_match_enu _ngen_nlang_builtins_nref__t00_match_enu;
typedef t00_match_enu* _ngen_nlang_builtins_mref__t00_match_enu;
typedef _ngen_nlang_builtins_mref__t00_match_enu _ngen_nlang_builtins_mmref__t00_match_enu;
typedef _ngen_nlang_builtins_mref__t00_match_enu _ngen_nlang_builtins_nmref__t00_match_enu;
typedef _ngen_nlang_builtins_mref__t00_match_enu _ngen_nlang_builtins_nmmref__t00_match_enu;

nlang_builtins_i32 main(void){
 {
t00_match_enu n = t00_match_enu_A;
if (n == t00_match_enu_B) {
return (nlang_builtins_i32)0;
}
else  {
return (nlang_builtins_i32)1;
};
}
}
