#include <lib/nlang/runtime.h>
#define NLANG_DECLARE_TYPES
# include "lib/nlang/module.n.h.out"
#undef NLANG_DECLARE_TYPES

#define NLANG_DECLARE_TYPES
# include "t00/match.n.h.out"
#undef NLANG_DECLARE_TYPES
typedef nlang_builtins_u32 t00_match_enu;
typedef const t00_match_enu* _Ngen_nlang_builtins_ref__t00_match_enu_genN_;
typedef _Ngen_nlang_builtins_ref__t00_match_enu_genN_ _Ngen_nlang_builtins_nullable_ref__t00_match_enu_genN_;
typedef t00_match_enu* _Ngen_nlang_builtins_mutable_ref__t00_match_enu_genN_;
typedef _Ngen_nlang_builtins_mutable_ref__t00_match_enu_genN_ _Ngen_nlang_builtins_mercurial_ref__t00_match_enu_genN_;
typedef _Ngen_nlang_builtins_mutable_ref__t00_match_enu_genN_ _Ngen_nlang_builtins_nullable_mutable_ref__t00_match_enu_genN_;
typedef _Ngen_nlang_builtins_mercurial_ref__t00_match_enu_genN_ _Ngen_nlang_builtins_nullable_mercurial_ref__t00_match_enu_genN_;



struct t00_match_t;
typedef struct t00_match_t t00_match_t;
typedef const t00_match_t* _Ngen_nlang_builtins_ref__t00_match_t_genN_;
typedef _Ngen_nlang_builtins_ref__t00_match_t_genN_ _Ngen_nlang_builtins_nullable_ref__t00_match_t_genN_;
typedef t00_match_t* _Ngen_nlang_builtins_mutable_ref__t00_match_t_genN_;
typedef _Ngen_nlang_builtins_mutable_ref__t00_match_t_genN_ _Ngen_nlang_builtins_mercurial_ref__t00_match_t_genN_;
typedef _Ngen_nlang_builtins_mutable_ref__t00_match_t_genN_ _Ngen_nlang_builtins_nullable_mutable_ref__t00_match_t_genN_;
typedef _Ngen_nlang_builtins_mercurial_ref__t00_match_t_genN_ _Ngen_nlang_builtins_nullable_mercurial_ref__t00_match_t_genN_;


#define NLANG_DEFINE_TYPES
# include "lib/nlang/module.n.h.out"
#undef NLANG_DEFINE_TYPES

#define NLANG_DEFINE_TYPES
# include "t00/match.n.h.out"
#undef NLANG_DEFINE_TYPES
#define t00_match_enu_A_label__ ((nlang_builtins_u32)0)
static const t00_match_enu t00_match_enu_A = t00_match_enu_A_label__;
#define t00_match_enu_B_label__ (((nlang_builtins_u32)0 + (nlang_builtins_u32)1))
static const t00_match_enu t00_match_enu_B = t00_match_enu_B_label__;



struct t00_match_t {
t00_match_enu x;
}
;


#define NLANG_DECLARE_FUNCTIONS
# include "lib/nlang/module.n.h.out"
#undef NLANG_DECLARE_FUNCTIONS

#define NLANG_DECLARE_FUNCTIONS
# include "t00/match.n.h.out"
#undef NLANG_DECLARE_FUNCTIONS
nlang_builtins_void t00_match_enu_copy_ctor(_Ngen_nlang_builtins_mercurial_ref__t00_match_enu_genN_ self, _Ngen_nlang_builtins_ref__t00_match_enu_genN_ other) __attribute__((__nonnull__(1, 2)));
;

static nlang_builtins_i32 t00_match_foo(t00_match_enu n);

static nlang_builtins_i32 t00_match_bar(t00_match_enu n);

nlang_builtins_void t00_match_t_ctor(_Ngen_nlang_builtins_mercurial_ref__t00_match_t_genN_ self) __attribute__((__nonnull__(1)));
;
void t00_match_t_mk(t00_match_t *_nrtr_r);
;
_Ngen_nlang_builtins_mercurial_ref__t00_match_t_genN_ t00_match_t_new(void);
;

static nlang_builtins_bool t00_match_bor(_Ngen_nlang_builtins_ref__t00_match_t_genN_ xt) __attribute__((__nonnull__(1)));

#define NLANG_DEFINE_FUNCTIONS
# include "lib/nlang/module.n.h.out"
#undef NLANG_DEFINE_FUNCTIONS

#define NLANG_DEFINE_FUNCTIONS
# include "t00/match.n.h.out"
#undef NLANG_DEFINE_FUNCTIONS
nlang_builtins_void t00_match_enu_copy_ctor(_Ngen_nlang_builtins_mercurial_ref__t00_match_enu_genN_ self, _Ngen_nlang_builtins_ref__t00_match_enu_genN_ other) {
#define THIS(x) t00_match_enu##x
memcpy(self, other, sizeof(*self));
#undef THIS
}
;

static nlang_builtins_i32 t00_match_foo(t00_match_enu n) {
 {
switch (n) {
case t00_match_enu_A_label__:
 {
return (nlang_builtins_i32)0;
}
case t00_match_enu_B_label__:
default:
 {
return (nlang_builtins_i32)1;
}
};
}
}

static nlang_builtins_i32 t00_match_bar(t00_match_enu n) {
 {
switch (n) {
case t00_match_enu_A_label__:
 {
return (nlang_builtins_i32)0;
}
default:
 {
return (nlang_builtins_i32)1;
}
};
}
}

nlang_builtins_void t00_match_t_ctor(_Ngen_nlang_builtins_mercurial_ref__t00_match_t_genN_ self) {
#define THIS(x) t00_match_t##x
#undef THIS
}
;
void t00_match_t_mk(t00_match_t *_nrtr_r) {
#define THIS(x) t00_match_t##x
#define r (*_nrtr_r)
#undef r
#undef THIS
}
;
_Ngen_nlang_builtins_mercurial_ref__t00_match_t_genN_ t00_match_t_new(void) {
#define THIS(x) t00_match_t##x
return calloc(1, sizeof(THIS()));
#undef THIS
}
;

static nlang_builtins_bool t00_match_bor(_Ngen_nlang_builtins_ref__t00_match_t_genN_ xt) {
 {
return ((xt->x) == t00_match_enu_A);
}
}

nlang_builtins_i32 _Nmain(void) {
 {
t00_match_t xt= { 0 };
xt.x = t00_match_enu_A;
;
;
if ((!t00_match_bor(((&xt))))) {
return (nlang_builtins_i32)1;
};
t00_match_enu n = (t00_match_enu_A);
;
if ((n != (xt.x))) {
return (nlang_builtins_i32)1;
};
(void) (t00_match_foo(n));
;
(void) (t00_match_bar(t00_match_enu_A));
;
switch (n) {
case t00_match_enu_A_label__:
 {
return (nlang_builtins_i32)0;
}
case t00_match_enu_B_label__:
default:
 {
return (nlang_builtins_i32)1;
}
};
}
}
void t00_match_Nrunexamples(void) __attribute__((section(".text.nlang.examples")));
void t00_match_Nrunexamples(void) {
}
