#include <lib/nlang/runtime.h>
#include "lib/nlang/module.n.h.out"
#include "t00/match.n.h.out"
typedef nlang_builtins_u32 t00_match_enu;
typedef const t00_match_enu* _Ngen_nlang_builtins_i_ref__t00_match_enu_genN_;
typedef _Ngen_nlang_builtins_i_ref__t00_match_enu_genN_ _Ngen_nlang_builtins_i_nullable_ref__t00_match_enu_genN_;
typedef t00_match_enu* _Ngen_nlang_builtins_i_mutable_ref__t00_match_enu_genN_;
typedef _Ngen_nlang_builtins_i_mutable_ref__t00_match_enu_genN_ _Ngen_nlang_builtins_i_mercurial_ref__t00_match_enu_genN_;
typedef _Ngen_nlang_builtins_i_mutable_ref__t00_match_enu_genN_ _Ngen_nlang_builtins_i_nullable_mutable_ref__t00_match_enu_genN_;
typedef _Ngen_nlang_builtins_i_mercurial_ref__t00_match_enu_genN_ _Ngen_nlang_builtins_i_nullable_mercurial_ref__t00_match_enu_genN_;




#define t00_match_enu_A_label__ ((nlang_builtins_u32)0)
static const t00_match_enu t00_match_enu_A = (nlang_builtins_u32)0;
#define t00_match_enu_B_label__ ((nlang_builtins_u32)0 + (nlang_builtins_u32)1)
static const t00_match_enu t00_match_enu_B = (nlang_builtins_u32)0 + (nlang_builtins_u32)1;





nlang_builtins_void t00_match_enu_copy_ctor(_Ngen_nlang_builtins_i_mercurial_ref__t00_match_enu_genN_ self, _Ngen_nlang_builtins_i_ref__t00_match_enu_genN_ other);

static nlang_builtins_i32 t00_match_foo(t00_match_enu n);

static nlang_builtins_i32 t00_match_bar(t00_match_enu n);


nlang_builtins_void t00_match_enu_copy_ctor(_Ngen_nlang_builtins_i_mercurial_ref__t00_match_enu_genN_ self, _Ngen_nlang_builtins_i_ref__t00_match_enu_genN_ other) {
#define THIS(x) t00_match_enu##x
memcpy(self, other, sizeof(*self));
#undef THIS
}

static nlang_builtins_i32 t00_match_foo(t00_match_enu n){
 {
switch (n) {
case t00_match_enu_A_label__:
 {
return (nlang_builtins_i32)0;
}
case t00_match_enu_B_label__:
default:
 {
return (nlang_builtins_i32)1;
}
};
}
}

static nlang_builtins_i32 t00_match_bar(t00_match_enu n){
 {
switch (n) {
case t00_match_enu_A_label__:
 {
return (nlang_builtins_i32)0;
}
default:
 {
return (nlang_builtins_i32)1;
}
};
}
}

nlang_builtins_i32 main(void){
 {
t00_match_enu n = t00_match_enu_A;
;
t00_match_foo(n);
t00_match_bar(n);
switch (n) {
case t00_match_enu_A_label__:
 {
return (nlang_builtins_i32)0;
}
case t00_match_enu_B_label__:
default:
 {
return (nlang_builtins_i32)1;
}
};
}
}
