from nlang import *
type enu = <root>.nlang.builtins.i_trivial_copy <root>.nlang.builtins.i_trivial_dtor
  let this = enu
  | A = 0
  | B = 0 + 1

enu method <root>.nlang.builtins.i_copyable.copy_ctor self:@#this = void

export fun main = i32
  let n = enu.A
  if n == enu.B
    return 0
  else
    return 1
