#include <lib/nlang/runtime.h>
#include "lib/nlang/module.n.h.out"
struct t00_method_t;
typedef struct t00_method_t t00_method_t;
struct t00_method_t {
nlang_builtins_i32 x;
}
;
typedef const t00_method_t* _ngen_nlang_builtins_Ref__t00_method_t;
typedef _ngen_nlang_builtins_Ref__t00_method_t _ngen_nlang_builtins_NullableRef__t00_method_t;
typedef t00_method_t* _ngen_nlang_builtins_MutableRef__t00_method_t;
typedef _ngen_nlang_builtins_MutableRef__t00_method_t _ngen_nlang_builtins_MercurialRef__t00_method_t;
typedef _ngen_nlang_builtins_MutableRef__t00_method_t _ngen_nlang_builtins_NullableMutableRef__t00_method_t;
typedef _ngen_nlang_builtins_MercurialRef__t00_method_t _ngen_nlang_builtins_NullableMercurialRef__t00_method_t;

nlang_builtins_i32 t00_method_t_get(_ngen_nlang_builtins_Ref__t00_method_t self){
#define THIS(x) t00_method_t##x
 {
return self->x;
}
#undef THIS
}

nlang_builtins_void t00_method_t_set(_ngen_nlang_builtins_MutableRef__t00_method_t self, nlang_builtins_i32 x){
#define THIS(x) t00_method_t##x
 {
self->x = x;
}
#undef THIS
}

nlang_builtins_i32 main(void){
 {
t00_method_t tt; memset(&tt, 0, sizeof(tt));
{
memset(&(tt), 0, sizeof(t00_method_t));
tt.x = (nlang_builtins_i32)0;
 }
;
 {
t00_method_t_set((&tt), (nlang_builtins_i32)1);
};
return t00_method_t_get((&tt)) - (nlang_builtins_i32)1;
}
}
