from nlang import *
type t = TrivialCopy
  let this = t
  x:i32

t method <root>.nlang.builtins.Copyable.operator_copy self:@#this = void

t method get = i32
  return self.x

t method set self:@!this = void
  self!x = x

export fun main = i32
  let tt = t{{ x=0 }}
    t00.method.t.set @!tt 1
  return (t00.method.t.get @tt) - 1
