#include <lib/nlang/runtime.h>
#define NLANG_DECLARE_TYPES
# include "lib/nlang/module.n.h.out"
#undef NLANG_DECLARE_TYPES

#define NLANG_DECLARE_TYPES
# include "t00/optional.n.h.out"
#undef NLANG_DECLARE_TYPES
#ifndef HAS0__Ngen_nlang_builtins_nullable_ref__nlang_builtins_i32_genN_
#define HAS0__Ngen_nlang_builtins_nullable_ref__nlang_builtins_i32_genN_
typedef const nlang_builtins_i32* _Ngen_nlang_builtins_nullable_ref__nlang_builtins_i32_genN_;
#endif // HAS0__Ngen_nlang_builtins_nullable_ref__nlang_builtins_i32_genN_

#ifndef HAS0__Ngen_nlang_builtins_ref__nlang_builtins_i32_genN_
#define HAS0__Ngen_nlang_builtins_ref__nlang_builtins_i32_genN_
typedef const nlang_builtins_i32* _Ngen_nlang_builtins_ref__nlang_builtins_i32_genN_;
#endif // HAS0__Ngen_nlang_builtins_ref__nlang_builtins_i32_genN_
#ifndef HAS0__Ngen_nlang_containers__Ni_iterator___Ngen_nlang_builtins_ref__nlang_builtins_i32_genN__genN_
#define HAS0__Ngen_nlang_containers__Ni_iterator___Ngen_nlang_builtins_ref__nlang_builtins_i32_genN__genN_
struct _Ndyn__Ngen_nlang_containers__Ni_iterator___Ngen_nlang_builtins_ref__nlang_builtins_i32_genN__genN_;
struct _Ngen_nlang_containers__Ni_iterator___Ngen_nlang_builtins_ref__nlang_builtins_i32_genN__genN_;
typedef struct _Ngen_nlang_containers__Ni_iterator___Ngen_nlang_builtins_ref__nlang_builtins_i32_genN__genN_ _Ngen_nlang_containers__Ni_iterator___Ngen_nlang_builtins_ref__nlang_builtins_i32_genN__genN_;
#endif // HAS0__Ngen_nlang_containers__Ni_iterator___Ngen_nlang_builtins_ref__nlang_builtins_i32_genN__genN_
#ifndef HAS0__Ngen_nlang_builtins__Ni_no_dyn_iterator___Ngen_nlang_builtins_ref__nlang_builtins_i32_genN__genN_
#define HAS0__Ngen_nlang_builtins__Ni_no_dyn_iterator___Ngen_nlang_builtins_ref__nlang_builtins_i32_genN__genN_
struct _Ndyn__Ngen_nlang_builtins__Ni_no_dyn_iterator___Ngen_nlang_builtins_ref__nlang_builtins_i32_genN__genN_;
struct _Ngen_nlang_builtins__Ni_no_dyn_iterator___Ngen_nlang_builtins_ref__nlang_builtins_i32_genN__genN_;
typedef struct _Ngen_nlang_builtins__Ni_no_dyn_iterator___Ngen_nlang_builtins_ref__nlang_builtins_i32_genN__genN_ _Ngen_nlang_builtins__Ni_no_dyn_iterator___Ngen_nlang_builtins_ref__nlang_builtins_i32_genN__genN_;
#endif // HAS0__Ngen_nlang_builtins__Ni_no_dyn_iterator___Ngen_nlang_builtins_ref__nlang_builtins_i32_genN__genN_
#ifndef HAS0__Ngen_nlang_builtins_vararg___Ngen_nlang_builtins_ref__nlang_builtins_i32_genN__genN_
#define HAS0__Ngen_nlang_builtins_vararg___Ngen_nlang_builtins_ref__nlang_builtins_i32_genN__genN_
struct _Ngen_nlang_builtins_vararg___Ngen_nlang_builtins_ref__nlang_builtins_i32_genN__genN_;
typedef struct _Ngen_nlang_builtins_vararg___Ngen_nlang_builtins_ref__nlang_builtins_i32_genN__genN_ _Ngen_nlang_builtins_vararg___Ngen_nlang_builtins_ref__nlang_builtins_i32_genN__genN_;
#ifndef HAS0__Ngen_nlang_builtins_ref___Ngen_nlang_builtins_vararg___Ngen_nlang_builtins_ref__nlang_builtins_i32_genN__genN__genN_
#define HAS0__Ngen_nlang_builtins_ref___Ngen_nlang_builtins_vararg___Ngen_nlang_builtins_ref__nlang_builtins_i32_genN__genN__genN_
struct _Ngen_nlang_builtins_vararg___Ngen_nlang_builtins_ref__nlang_builtins_i32_genN__genN_;
typedef const struct _Ngen_nlang_builtins_vararg___Ngen_nlang_builtins_ref__nlang_builtins_i32_genN__genN_* _Ngen_nlang_builtins_ref___Ngen_nlang_builtins_vararg___Ngen_nlang_builtins_ref__nlang_builtins_i32_genN__genN__genN_;
#endif // HAS0__Ngen_nlang_builtins_ref___Ngen_nlang_builtins_vararg___Ngen_nlang_builtins_ref__nlang_builtins_i32_genN__genN__genN_
;
#ifndef HAS0__Ngen_nlang_builtins_mercurial_ref___Ngen_nlang_builtins_vararg___Ngen_nlang_builtins_ref__nlang_builtins_i32_genN__genN__genN_
#define HAS0__Ngen_nlang_builtins_mercurial_ref___Ngen_nlang_builtins_vararg___Ngen_nlang_builtins_ref__nlang_builtins_i32_genN__genN__genN_
struct _Ngen_nlang_builtins_vararg___Ngen_nlang_builtins_ref__nlang_builtins_i32_genN__genN_;
typedef struct _Ngen_nlang_builtins_vararg___Ngen_nlang_builtins_ref__nlang_builtins_i32_genN__genN_* _Ngen_nlang_builtins_mercurial_ref___Ngen_nlang_builtins_vararg___Ngen_nlang_builtins_ref__nlang_builtins_i32_genN__genN__genN_;
#endif // HAS0__Ngen_nlang_builtins_mercurial_ref___Ngen_nlang_builtins_vararg___Ngen_nlang_builtins_ref__nlang_builtins_i32_genN__genN__genN_
;
#endif // HAS0__Ngen_nlang_builtins_vararg___Ngen_nlang_builtins_ref__nlang_builtins_i32_genN__genN_
#ifndef HAS0__Ngen_nlang_builtins_mutable_ref___Ngen_nlang_builtins_vararg___Ngen_nlang_builtins_ref__nlang_builtins_i32_genN__genN__genN_
#define HAS0__Ngen_nlang_builtins_mutable_ref___Ngen_nlang_builtins_vararg___Ngen_nlang_builtins_ref__nlang_builtins_i32_genN__genN__genN_
struct _Ngen_nlang_builtins_vararg___Ngen_nlang_builtins_ref__nlang_builtins_i32_genN__genN_;
typedef struct _Ngen_nlang_builtins_vararg___Ngen_nlang_builtins_ref__nlang_builtins_i32_genN__genN_* _Ngen_nlang_builtins_mutable_ref___Ngen_nlang_builtins_vararg___Ngen_nlang_builtins_ref__nlang_builtins_i32_genN__genN__genN_;
#endif // HAS0__Ngen_nlang_builtins_mutable_ref___Ngen_nlang_builtins_vararg___Ngen_nlang_builtins_ref__nlang_builtins_i32_genN__genN__genN_



#define NLANG_DEFINE_TYPES
# include "lib/nlang/module.n.h.out"
#undef NLANG_DEFINE_TYPES

#define NLANG_DEFINE_TYPES
# include "t00/optional.n.h.out"
#undef NLANG_DEFINE_TYPES

#ifndef HAS1__Ngen_nlang_containers__Ni_iterator___Ngen_nlang_builtins_ref__nlang_builtins_i32_genN__genN_
#define HAS1__Ngen_nlang_containers__Ni_iterator___Ngen_nlang_builtins_ref__nlang_builtins_i32_genN__genN_
struct _Ndyn__Ngen_nlang_containers__Ni_iterator___Ngen_nlang_builtins_ref__nlang_builtins_i32_genN__genN_ {
nlang_builtins_bool (*has_next)(void *self);
_Ngen_nlang_builtins_ref__nlang_builtins_i32_genN_ (*next)(void *self);
};
struct _Ngen_nlang_containers__Ni_iterator___Ngen_nlang_builtins_ref__nlang_builtins_i32_genN__genN_ {
const struct _Ndyn__Ngen_nlang_containers__Ni_iterator___Ngen_nlang_builtins_ref__nlang_builtins_i32_genN__genN_ *vptr;
void *obj;
};
#endif // HAS1__Ngen_nlang_containers__Ni_iterator___Ngen_nlang_builtins_ref__nlang_builtins_i32_genN__genN_
#ifndef HAS1__Ngen_nlang_builtins__Ni_no_dyn_iterator___Ngen_nlang_builtins_ref__nlang_builtins_i32_genN__genN_
#define HAS1__Ngen_nlang_builtins__Ni_no_dyn_iterator___Ngen_nlang_builtins_ref__nlang_builtins_i32_genN__genN_
struct _Ndyn__Ngen_nlang_builtins__Ni_no_dyn_iterator___Ngen_nlang_builtins_ref__nlang_builtins_i32_genN__genN_ {
nlang_builtins_bool (*has_next)(void *self);
_Ngen_nlang_builtins_ref__nlang_builtins_i32_genN_ (*next)(void *self);
};
struct _Ngen_nlang_builtins__Ni_no_dyn_iterator___Ngen_nlang_builtins_ref__nlang_builtins_i32_genN__genN_ {
const struct _Ndyn__Ngen_nlang_builtins__Ni_no_dyn_iterator___Ngen_nlang_builtins_ref__nlang_builtins_i32_genN__genN_ *vptr;
void *obj;
};
#endif // HAS1__Ngen_nlang_builtins__Ni_no_dyn_iterator___Ngen_nlang_builtins_ref__nlang_builtins_i32_genN__genN_
#ifndef HAS1__Ngen_nlang_builtins_vararg___Ngen_nlang_builtins_ref__nlang_builtins_i32_genN__genN_
#define HAS1__Ngen_nlang_builtins_vararg___Ngen_nlang_builtins_ref__nlang_builtins_i32_genN__genN_
struct _Ngen_nlang_builtins_vararg___Ngen_nlang_builtins_ref__nlang_builtins_i32_genN__genN_ {
nlang_builtins_valist ap;
nlang_builtins_size n;
}
;
#endif // HAS1__Ngen_nlang_builtins_vararg___Ngen_nlang_builtins_ref__nlang_builtins_i32_genN__genN_



#define NLANG_DECLARE_FUNCTIONS
# include "lib/nlang/module.n.h.out"
#undef NLANG_DECLARE_FUNCTIONS

#define NLANG_DECLARE_FUNCTIONS
# include "t00/optional.n.h.out"
#undef NLANG_DECLARE_FUNCTIONS
#ifndef HAS2__Ngen_nlang_builtins_nullable_ref__nlang_builtins_i32_genN_
#define HAS2__Ngen_nlang_builtins_nullable_ref__nlang_builtins_i32_genN_
typedef const nlang_builtins_i32* _Ngen_nlang_builtins_nullable_ref__nlang_builtins_i32_genN_;
#endif // HAS2__Ngen_nlang_builtins_nullable_ref__nlang_builtins_i32_genN_
#ifndef HAS2__Ngen_nlang_builtins_optional__nlang_builtins_i32_genN_
#define HAS2__Ngen_nlang_builtins_optional__nlang_builtins_i32_genN_
static inline nlang_builtins_i32 _Ngen_nlang_builtins_optional__nlang_builtins_i32_genN_(_Ngen_nlang_builtins_nullable_ref__nlang_builtins_i32_genN_ opt, nlang_builtins_i32 fallback);
#endif // HAS2__Ngen_nlang_builtins_optional__nlang_builtins_i32_genN_
static nlang_builtins_i32 t00_optional_opts(_Ngen_nlang_builtins_nullable_ref__nlang_builtins_i32_genN_ a);

#ifndef HAS2__Ngen_nlang_builtins_ref__nlang_builtins_i32_genN_
#define HAS2__Ngen_nlang_builtins_ref__nlang_builtins_i32_genN_
typedef const nlang_builtins_i32* _Ngen_nlang_builtins_ref__nlang_builtins_i32_genN_;
#endif // HAS2__Ngen_nlang_builtins_ref__nlang_builtins_i32_genN_
#ifndef HAS2__Ngen_nlang_containers__Ni_iterator___Ngen_nlang_builtins_ref__nlang_builtins_i32_genN__genN_
#define HAS2__Ngen_nlang_containers__Ni_iterator___Ngen_nlang_builtins_ref__nlang_builtins_i32_genN__genN_
nlang_builtins_bool _Ngen_nlang_containers__Ni_iterator___Ngen_nlang_builtins_ref__nlang_builtins_i32_genN__genN__has_next(_Ngen_nlang_containers__Ni_iterator___Ngen_nlang_builtins_ref__nlang_builtins_i32_genN__genN_ self);
_Ngen_nlang_builtins_ref__nlang_builtins_i32_genN_ _Ngen_nlang_containers__Ni_iterator___Ngen_nlang_builtins_ref__nlang_builtins_i32_genN__genN__next(_Ngen_nlang_containers__Ni_iterator___Ngen_nlang_builtins_ref__nlang_builtins_i32_genN__genN_ self);
#endif // HAS2__Ngen_nlang_containers__Ni_iterator___Ngen_nlang_builtins_ref__nlang_builtins_i32_genN__genN_
#ifndef HAS2__Ngen_nlang_builtins__Ni_no_dyn_iterator___Ngen_nlang_builtins_ref__nlang_builtins_i32_genN__genN_
#define HAS2__Ngen_nlang_builtins__Ni_no_dyn_iterator___Ngen_nlang_builtins_ref__nlang_builtins_i32_genN__genN_
#endif // HAS2__Ngen_nlang_builtins__Ni_no_dyn_iterator___Ngen_nlang_builtins_ref__nlang_builtins_i32_genN__genN_
#ifndef HAS2__Ngen_nlang_builtins_vararg___Ngen_nlang_builtins_ref__nlang_builtins_i32_genN__genN_
#define HAS2__Ngen_nlang_builtins_vararg___Ngen_nlang_builtins_ref__nlang_builtins_i32_genN__genN_
#ifndef HAS2__Ngen_nlang_builtins_ref___Ngen_nlang_builtins_vararg___Ngen_nlang_builtins_ref__nlang_builtins_i32_genN__genN__genN_
#define HAS2__Ngen_nlang_builtins_ref___Ngen_nlang_builtins_vararg___Ngen_nlang_builtins_ref__nlang_builtins_i32_genN__genN__genN_
struct _Ngen_nlang_builtins_vararg___Ngen_nlang_builtins_ref__nlang_builtins_i32_genN__genN_;
typedef const struct _Ngen_nlang_builtins_vararg___Ngen_nlang_builtins_ref__nlang_builtins_i32_genN__genN_* _Ngen_nlang_builtins_ref___Ngen_nlang_builtins_vararg___Ngen_nlang_builtins_ref__nlang_builtins_i32_genN__genN__genN_;
#endif // HAS2__Ngen_nlang_builtins_ref___Ngen_nlang_builtins_vararg___Ngen_nlang_builtins_ref__nlang_builtins_i32_genN__genN__genN_
#ifndef HAS2__Ngen_nlang_builtins_vararg___Ngen_nlang_builtins_ref__nlang_builtins_i32_genN__genN__has_next
#define HAS2__Ngen_nlang_builtins_vararg___Ngen_nlang_builtins_ref__nlang_builtins_i32_genN__genN__has_next
static inline nlang_builtins_bool _Ngen_nlang_builtins_vararg___Ngen_nlang_builtins_ref__nlang_builtins_i32_genN__genN__has_next(_Ngen_nlang_builtins_ref___Ngen_nlang_builtins_vararg___Ngen_nlang_builtins_ref__nlang_builtins_i32_genN__genN__genN_ self) __attribute__((__nonnull__(1)));
#endif // HAS2__Ngen_nlang_builtins_vararg___Ngen_nlang_builtins_ref__nlang_builtins_i32_genN__genN__has_next
;
#ifndef HAS2__Ngen_nlang_builtins_vararg___Ngen_nlang_builtins_ref__nlang_builtins_i32_genN__genN__left
#define HAS2__Ngen_nlang_builtins_vararg___Ngen_nlang_builtins_ref__nlang_builtins_i32_genN__genN__left
static inline nlang_builtins_size _Ngen_nlang_builtins_vararg___Ngen_nlang_builtins_ref__nlang_builtins_i32_genN__genN__left(_Ngen_nlang_builtins_ref___Ngen_nlang_builtins_vararg___Ngen_nlang_builtins_ref__nlang_builtins_i32_genN__genN__genN_ self) __attribute__((__nonnull__(1)));
#endif // HAS2__Ngen_nlang_builtins_vararg___Ngen_nlang_builtins_ref__nlang_builtins_i32_genN__genN__left
;
#ifndef HAS2__Ngen_nlang_builtins_mercurial_ref___Ngen_nlang_builtins_vararg___Ngen_nlang_builtins_ref__nlang_builtins_i32_genN__genN__genN_
#define HAS2__Ngen_nlang_builtins_mercurial_ref___Ngen_nlang_builtins_vararg___Ngen_nlang_builtins_ref__nlang_builtins_i32_genN__genN__genN_
struct _Ngen_nlang_builtins_vararg___Ngen_nlang_builtins_ref__nlang_builtins_i32_genN__genN_;
typedef struct _Ngen_nlang_builtins_vararg___Ngen_nlang_builtins_ref__nlang_builtins_i32_genN__genN_* _Ngen_nlang_builtins_mercurial_ref___Ngen_nlang_builtins_vararg___Ngen_nlang_builtins_ref__nlang_builtins_i32_genN__genN__genN_;
#endif // HAS2__Ngen_nlang_builtins_mercurial_ref___Ngen_nlang_builtins_vararg___Ngen_nlang_builtins_ref__nlang_builtins_i32_genN__genN__genN_
#ifndef HAS2__Ngen_nlang_builtins_vararg___Ngen_nlang_builtins_ref__nlang_builtins_i32_genN__genN__ctor
#define HAS2__Ngen_nlang_builtins_vararg___Ngen_nlang_builtins_ref__nlang_builtins_i32_genN__genN__ctor
static inline nlang_builtins_void _Ngen_nlang_builtins_vararg___Ngen_nlang_builtins_ref__nlang_builtins_i32_genN__genN__ctor(_Ngen_nlang_builtins_mercurial_ref___Ngen_nlang_builtins_vararg___Ngen_nlang_builtins_ref__nlang_builtins_i32_genN__genN__genN_ self) __attribute__((__nonnull__(1)));
#endif // HAS2__Ngen_nlang_builtins_vararg___Ngen_nlang_builtins_ref__nlang_builtins_i32_genN__genN__ctor
;
#ifndef HAS2__Ngen_nlang_builtins_vararg___Ngen_nlang_builtins_ref__nlang_builtins_i32_genN__genN__mk
#define HAS2__Ngen_nlang_builtins_vararg___Ngen_nlang_builtins_ref__nlang_builtins_i32_genN__genN__mk
static inline void _Ngen_nlang_builtins_vararg___Ngen_nlang_builtins_ref__nlang_builtins_i32_genN__genN__mk(_Ngen_nlang_builtins_vararg___Ngen_nlang_builtins_ref__nlang_builtins_i32_genN__genN_ *_nrtr_r);
#endif // HAS2__Ngen_nlang_builtins_vararg___Ngen_nlang_builtins_ref__nlang_builtins_i32_genN__genN__mk
;
#ifndef HAS2__Ngen_nlang_builtins_vararg___Ngen_nlang_builtins_ref__nlang_builtins_i32_genN__genN__new
#define HAS2__Ngen_nlang_builtins_vararg___Ngen_nlang_builtins_ref__nlang_builtins_i32_genN__genN__new
static inline _Ngen_nlang_builtins_mercurial_ref___Ngen_nlang_builtins_vararg___Ngen_nlang_builtins_ref__nlang_builtins_i32_genN__genN__genN_ _Ngen_nlang_builtins_vararg___Ngen_nlang_builtins_ref__nlang_builtins_i32_genN__genN__new(void);
#endif // HAS2__Ngen_nlang_builtins_vararg___Ngen_nlang_builtins_ref__nlang_builtins_i32_genN__genN__new
;
#ifndef HAS2__Ngen_nlang_builtins_vararg___Ngen_nlang_builtins_ref__nlang_builtins_i32_genN__genN__copy_ctor
#define HAS2__Ngen_nlang_builtins_vararg___Ngen_nlang_builtins_ref__nlang_builtins_i32_genN__genN__copy_ctor
static inline nlang_builtins_void _Ngen_nlang_builtins_vararg___Ngen_nlang_builtins_ref__nlang_builtins_i32_genN__genN__copy_ctor(_Ngen_nlang_builtins_mercurial_ref___Ngen_nlang_builtins_vararg___Ngen_nlang_builtins_ref__nlang_builtins_i32_genN__genN__genN_ self, _Ngen_nlang_builtins_ref___Ngen_nlang_builtins_vararg___Ngen_nlang_builtins_ref__nlang_builtins_i32_genN__genN__genN_ other) __attribute__((__nonnull__(1, 2)));
#endif // HAS2__Ngen_nlang_builtins_vararg___Ngen_nlang_builtins_ref__nlang_builtins_i32_genN__genN__copy_ctor
;
#endif // HAS2__Ngen_nlang_builtins_vararg___Ngen_nlang_builtins_ref__nlang_builtins_i32_genN__genN_
#ifndef HAS2__Ngen_nlang_builtins_mutable_ref___Ngen_nlang_builtins_vararg___Ngen_nlang_builtins_ref__nlang_builtins_i32_genN__genN__genN_
#define HAS2__Ngen_nlang_builtins_mutable_ref___Ngen_nlang_builtins_vararg___Ngen_nlang_builtins_ref__nlang_builtins_i32_genN__genN__genN_
struct _Ngen_nlang_builtins_vararg___Ngen_nlang_builtins_ref__nlang_builtins_i32_genN__genN_;
typedef struct _Ngen_nlang_builtins_vararg___Ngen_nlang_builtins_ref__nlang_builtins_i32_genN__genN_* _Ngen_nlang_builtins_mutable_ref___Ngen_nlang_builtins_vararg___Ngen_nlang_builtins_ref__nlang_builtins_i32_genN__genN__genN_;
#endif // HAS2__Ngen_nlang_builtins_mutable_ref___Ngen_nlang_builtins_vararg___Ngen_nlang_builtins_ref__nlang_builtins_i32_genN__genN__genN_
static nlang_builtins_i32 t00_optional_chained(_Ngen_nlang_builtins_mutable_ref___Ngen_nlang_builtins_vararg___Ngen_nlang_builtins_ref__nlang_builtins_i32_genN__genN__genN_ v) __attribute__((__nonnull__(1)));

static nlang_builtins_i32 t00_optional_var(nlang_builtins_i32 a, _Ngen_nlang_builtins_nullable_ref__nlang_builtins_i32_genN_ b, nlang_builtins_size _Nvarargcount, ...);

static nlang_builtins_i32 t00_optional_onlyvar(nlang_builtins_size _Nvarargcount, ...);

#define NLANG_DEFINE_FUNCTIONS
# include "lib/nlang/module.n.h.out"
#undef NLANG_DEFINE_FUNCTIONS

#define NLANG_DEFINE_FUNCTIONS
# include "t00/optional.n.h.out"
#undef NLANG_DEFINE_FUNCTIONS
#ifndef HAS3__Ngen_nlang_builtins_nullable_ref__nlang_builtins_i32_genN_
#define HAS3__Ngen_nlang_builtins_nullable_ref__nlang_builtins_i32_genN_
typedef const nlang_builtins_i32* _Ngen_nlang_builtins_nullable_ref__nlang_builtins_i32_genN_;
#endif // HAS3__Ngen_nlang_builtins_nullable_ref__nlang_builtins_i32_genN_
#ifndef HAS3__Ngen_nlang_builtins_optional__nlang_builtins_i32_genN_
#define HAS3__Ngen_nlang_builtins_optional__nlang_builtins_i32_genN_
static inline nlang_builtins_i32 _Ngen_nlang_builtins_optional__nlang_builtins_i32_genN_(_Ngen_nlang_builtins_nullable_ref__nlang_builtins_i32_genN_ opt, nlang_builtins_i32 fallback) {
 {
( ((opt != NULL)) ? ( {
return ((*opt));
})
 : ( {
return fallback;
}));
}
}
#endif // HAS3__Ngen_nlang_builtins_optional__nlang_builtins_i32_genN_
static nlang_builtins_i32 t00_optional_opts(_Ngen_nlang_builtins_nullable_ref__nlang_builtins_i32_genN_ a) {
 {
return _Ngen_nlang_builtins_optional__nlang_builtins_i32_genN_(a, (nlang_builtins_i32)1);
}
}

#ifndef HAS3__Ngen_nlang_builtins_ref__nlang_builtins_i32_genN_
#define HAS3__Ngen_nlang_builtins_ref__nlang_builtins_i32_genN_
typedef const nlang_builtins_i32* _Ngen_nlang_builtins_ref__nlang_builtins_i32_genN_;
#endif // HAS3__Ngen_nlang_builtins_ref__nlang_builtins_i32_genN_
#ifndef HAS3__Ngen_nlang_containers__Ni_iterator___Ngen_nlang_builtins_ref__nlang_builtins_i32_genN__genN_
#define HAS3__Ngen_nlang_containers__Ni_iterator___Ngen_nlang_builtins_ref__nlang_builtins_i32_genN__genN_
nlang_builtins_bool _Ngen_nlang_containers__Ni_iterator___Ngen_nlang_builtins_ref__nlang_builtins_i32_genN__genN__has_next(_Ngen_nlang_containers__Ni_iterator___Ngen_nlang_builtins_ref__nlang_builtins_i32_genN__genN_ self) {
return self.vptr->has_next(self.obj);
}
_Ngen_nlang_builtins_ref__nlang_builtins_i32_genN_ _Ngen_nlang_containers__Ni_iterator___Ngen_nlang_builtins_ref__nlang_builtins_i32_genN__genN__next(_Ngen_nlang_containers__Ni_iterator___Ngen_nlang_builtins_ref__nlang_builtins_i32_genN__genN_ self) {
return self.vptr->next(self.obj);
}
#endif // HAS3__Ngen_nlang_containers__Ni_iterator___Ngen_nlang_builtins_ref__nlang_builtins_i32_genN__genN_
#ifndef HAS3__Ngen_nlang_builtins__Ni_no_dyn_iterator___Ngen_nlang_builtins_ref__nlang_builtins_i32_genN__genN_
#define HAS3__Ngen_nlang_builtins__Ni_no_dyn_iterator___Ngen_nlang_builtins_ref__nlang_builtins_i32_genN__genN_
#endif // HAS3__Ngen_nlang_builtins__Ni_no_dyn_iterator___Ngen_nlang_builtins_ref__nlang_builtins_i32_genN__genN_
#ifndef HAS3__Ngen_nlang_builtins_vararg___Ngen_nlang_builtins_ref__nlang_builtins_i32_genN__genN_
#define HAS3__Ngen_nlang_builtins_vararg___Ngen_nlang_builtins_ref__nlang_builtins_i32_genN__genN_
#ifndef HAS3__Ngen_nlang_builtins_ref___Ngen_nlang_builtins_vararg___Ngen_nlang_builtins_ref__nlang_builtins_i32_genN__genN__genN_
#define HAS3__Ngen_nlang_builtins_ref___Ngen_nlang_builtins_vararg___Ngen_nlang_builtins_ref__nlang_builtins_i32_genN__genN__genN_
struct _Ngen_nlang_builtins_vararg___Ngen_nlang_builtins_ref__nlang_builtins_i32_genN__genN_;
typedef const struct _Ngen_nlang_builtins_vararg___Ngen_nlang_builtins_ref__nlang_builtins_i32_genN__genN_* _Ngen_nlang_builtins_ref___Ngen_nlang_builtins_vararg___Ngen_nlang_builtins_ref__nlang_builtins_i32_genN__genN__genN_;
#endif // HAS3__Ngen_nlang_builtins_ref___Ngen_nlang_builtins_vararg___Ngen_nlang_builtins_ref__nlang_builtins_i32_genN__genN__genN_
#ifndef HAS3__Ngen_nlang_builtins_vararg___Ngen_nlang_builtins_ref__nlang_builtins_i32_genN__genN__has_next
#define HAS3__Ngen_nlang_builtins_vararg___Ngen_nlang_builtins_ref__nlang_builtins_i32_genN__genN__has_next
static inline nlang_builtins_bool _Ngen_nlang_builtins_vararg___Ngen_nlang_builtins_ref__nlang_builtins_i32_genN__genN__has_next(_Ngen_nlang_builtins_ref___Ngen_nlang_builtins_vararg___Ngen_nlang_builtins_ref__nlang_builtins_i32_genN__genN__genN_ self) {
#define THIS(x) _Ngen_nlang_builtins_vararg___Ngen_nlang_builtins_ref__nlang_builtins_i32_genN__genN_##x
 {
return ((self->n) > (nlang_builtins_size)0);
}
#undef THIS
}
#endif // HAS3__Ngen_nlang_builtins_vararg___Ngen_nlang_builtins_ref__nlang_builtins_i32_genN__genN__has_next
;
#ifndef HAS3__Ngen_nlang_builtins_vararg___Ngen_nlang_builtins_ref__nlang_builtins_i32_genN__genN__left
#define HAS3__Ngen_nlang_builtins_vararg___Ngen_nlang_builtins_ref__nlang_builtins_i32_genN__genN__left
static inline nlang_builtins_size _Ngen_nlang_builtins_vararg___Ngen_nlang_builtins_ref__nlang_builtins_i32_genN__genN__left(_Ngen_nlang_builtins_ref___Ngen_nlang_builtins_vararg___Ngen_nlang_builtins_ref__nlang_builtins_i32_genN__genN__genN_ self) {
#define THIS(x) _Ngen_nlang_builtins_vararg___Ngen_nlang_builtins_ref__nlang_builtins_i32_genN__genN_##x
 {
return (self->n);
}
#undef THIS
}
#endif // HAS3__Ngen_nlang_builtins_vararg___Ngen_nlang_builtins_ref__nlang_builtins_i32_genN__genN__left
;
#ifndef HAS3__Ngen_nlang_builtins_mercurial_ref___Ngen_nlang_builtins_vararg___Ngen_nlang_builtins_ref__nlang_builtins_i32_genN__genN__genN_
#define HAS3__Ngen_nlang_builtins_mercurial_ref___Ngen_nlang_builtins_vararg___Ngen_nlang_builtins_ref__nlang_builtins_i32_genN__genN__genN_
struct _Ngen_nlang_builtins_vararg___Ngen_nlang_builtins_ref__nlang_builtins_i32_genN__genN_;
typedef struct _Ngen_nlang_builtins_vararg___Ngen_nlang_builtins_ref__nlang_builtins_i32_genN__genN_* _Ngen_nlang_builtins_mercurial_ref___Ngen_nlang_builtins_vararg___Ngen_nlang_builtins_ref__nlang_builtins_i32_genN__genN__genN_;
#endif // HAS3__Ngen_nlang_builtins_mercurial_ref___Ngen_nlang_builtins_vararg___Ngen_nlang_builtins_ref__nlang_builtins_i32_genN__genN__genN_
#ifndef HAS3__Ngen_nlang_builtins_vararg___Ngen_nlang_builtins_ref__nlang_builtins_i32_genN__genN__ctor
#define HAS3__Ngen_nlang_builtins_vararg___Ngen_nlang_builtins_ref__nlang_builtins_i32_genN__genN__ctor
static inline nlang_builtins_void _Ngen_nlang_builtins_vararg___Ngen_nlang_builtins_ref__nlang_builtins_i32_genN__genN__ctor(_Ngen_nlang_builtins_mercurial_ref___Ngen_nlang_builtins_vararg___Ngen_nlang_builtins_ref__nlang_builtins_i32_genN__genN__genN_ self) {
#define THIS(x) _Ngen_nlang_builtins_vararg___Ngen_nlang_builtins_ref__nlang_builtins_i32_genN__genN_##x
#undef THIS
}
#endif // HAS3__Ngen_nlang_builtins_vararg___Ngen_nlang_builtins_ref__nlang_builtins_i32_genN__genN__ctor
;
#ifndef HAS3__Ngen_nlang_builtins_vararg___Ngen_nlang_builtins_ref__nlang_builtins_i32_genN__genN__mk
#define HAS3__Ngen_nlang_builtins_vararg___Ngen_nlang_builtins_ref__nlang_builtins_i32_genN__genN__mk
static inline void _Ngen_nlang_builtins_vararg___Ngen_nlang_builtins_ref__nlang_builtins_i32_genN__genN__mk(_Ngen_nlang_builtins_vararg___Ngen_nlang_builtins_ref__nlang_builtins_i32_genN__genN_ *_nrtr_r) {
#define THIS(x) _Ngen_nlang_builtins_vararg___Ngen_nlang_builtins_ref__nlang_builtins_i32_genN__genN_##x
#define r (*_nrtr_r)
#undef r
#undef THIS
}
#endif // HAS3__Ngen_nlang_builtins_vararg___Ngen_nlang_builtins_ref__nlang_builtins_i32_genN__genN__mk
;
#ifndef HAS3__Ngen_nlang_builtins_vararg___Ngen_nlang_builtins_ref__nlang_builtins_i32_genN__genN__new
#define HAS3__Ngen_nlang_builtins_vararg___Ngen_nlang_builtins_ref__nlang_builtins_i32_genN__genN__new
static inline _Ngen_nlang_builtins_mercurial_ref___Ngen_nlang_builtins_vararg___Ngen_nlang_builtins_ref__nlang_builtins_i32_genN__genN__genN_ _Ngen_nlang_builtins_vararg___Ngen_nlang_builtins_ref__nlang_builtins_i32_genN__genN__new(void) {
#define THIS(x) _Ngen_nlang_builtins_vararg___Ngen_nlang_builtins_ref__nlang_builtins_i32_genN__genN_##x
return calloc(1, sizeof(THIS()));
#undef THIS
}
#endif // HAS3__Ngen_nlang_builtins_vararg___Ngen_nlang_builtins_ref__nlang_builtins_i32_genN__genN__new
;
#ifndef HAS3__Ngen_nlang_builtins_vararg___Ngen_nlang_builtins_ref__nlang_builtins_i32_genN__genN__copy_ctor
#define HAS3__Ngen_nlang_builtins_vararg___Ngen_nlang_builtins_ref__nlang_builtins_i32_genN__genN__copy_ctor
static inline nlang_builtins_void _Ngen_nlang_builtins_vararg___Ngen_nlang_builtins_ref__nlang_builtins_i32_genN__genN__copy_ctor(_Ngen_nlang_builtins_mercurial_ref___Ngen_nlang_builtins_vararg___Ngen_nlang_builtins_ref__nlang_builtins_i32_genN__genN__genN_ self, _Ngen_nlang_builtins_ref___Ngen_nlang_builtins_vararg___Ngen_nlang_builtins_ref__nlang_builtins_i32_genN__genN__genN_ other) {
#define THIS(x) _Ngen_nlang_builtins_vararg___Ngen_nlang_builtins_ref__nlang_builtins_i32_genN__genN_##x
memcpy(self, other, sizeof(*self));
#undef THIS
}
#endif // HAS3__Ngen_nlang_builtins_vararg___Ngen_nlang_builtins_ref__nlang_builtins_i32_genN__genN__copy_ctor
;
#endif // HAS3__Ngen_nlang_builtins_vararg___Ngen_nlang_builtins_ref__nlang_builtins_i32_genN__genN_
#ifndef HAS3__Ngen_nlang_builtins_mutable_ref___Ngen_nlang_builtins_vararg___Ngen_nlang_builtins_ref__nlang_builtins_i32_genN__genN__genN_
#define HAS3__Ngen_nlang_builtins_mutable_ref___Ngen_nlang_builtins_vararg___Ngen_nlang_builtins_ref__nlang_builtins_i32_genN__genN__genN_
struct _Ngen_nlang_builtins_vararg___Ngen_nlang_builtins_ref__nlang_builtins_i32_genN__genN_;
typedef struct _Ngen_nlang_builtins_vararg___Ngen_nlang_builtins_ref__nlang_builtins_i32_genN__genN_* _Ngen_nlang_builtins_mutable_ref___Ngen_nlang_builtins_vararg___Ngen_nlang_builtins_ref__nlang_builtins_i32_genN__genN__genN_;
#endif // HAS3__Ngen_nlang_builtins_mutable_ref___Ngen_nlang_builtins_vararg___Ngen_nlang_builtins_ref__nlang_builtins_i32_genN__genN__genN_
static nlang_builtins_i32 t00_optional_chained(_Ngen_nlang_builtins_mutable_ref___Ngen_nlang_builtins_vararg___Ngen_nlang_builtins_ref__nlang_builtins_i32_genN__genN__genN_ v) {
 {
nlang_builtins_i32 s = (nlang_builtins_i32)0;
_Ngen_nlang_builtins_mutable_ref___Ngen_nlang_builtins_vararg___Ngen_nlang_builtins_ref__nlang_builtins_i32_genN__genN__genN_ _Ngensym0 = ((&((*v))));
while (_Ngen_nlang_builtins_vararg___Ngen_nlang_builtins_ref__nlang_builtins_i32_genN__genN__has_next(_Ngensym0)) {
_Ngen_nlang_builtins_ref__nlang_builtins_i32_genN_ i = NLANG_BUILTINS_VARARG_NEXT(_Ngen_nlang_builtins_ref__nlang_builtins_i32_genN_, *(_Ngensym0));
s += ((*i));
;
};
;
;
return s;
}
}

static nlang_builtins_i32 t00_optional_var(nlang_builtins_i32 a, _Ngen_nlang_builtins_nullable_ref__nlang_builtins_i32_genN_ b, nlang_builtins_size _Nvarargcount, ...) {
_Ngen_nlang_builtins_vararg___Ngen_nlang_builtins_ref__nlang_builtins_i32_genN__genN_ v = { 0 };
NLANG_BUILTINS_VARARG_START(v);
 {
nlang_builtins_i32 s = t00_optional_chained(((&v)));
;
return ((a + _Ngen_nlang_builtins_optional__nlang_builtins_i32_genN_(b, (nlang_builtins_i32)0)) + s);
}
NLANG_BUILTINS_VARARG_END(v);
}

static nlang_builtins_i32 t00_optional_onlyvar(nlang_builtins_size _Nvarargcount, ...) {
_Ngen_nlang_builtins_vararg___Ngen_nlang_builtins_ref__nlang_builtins_i32_genN__genN_ v = { 0 };
NLANG_BUILTINS_VARARG_START(v);
 {
nlang_builtins_i32 s = (nlang_builtins_i32)0;
_Ngen_nlang_builtins_mutable_ref___Ngen_nlang_builtins_vararg___Ngen_nlang_builtins_ref__nlang_builtins_i32_genN__genN__genN_ _Ngensym1 = ((&v));
while (_Ngen_nlang_builtins_vararg___Ngen_nlang_builtins_ref__nlang_builtins_i32_genN__genN__has_next(_Ngensym1)) {
_Ngen_nlang_builtins_ref__nlang_builtins_i32_genN_ i = NLANG_BUILTINS_VARARG_NEXT(_Ngen_nlang_builtins_ref__nlang_builtins_i32_genN_, *(_Ngensym1));
s += ((*i));
;
};
;
;
return s;
}
NLANG_BUILTINS_VARARG_END(v);
}

nlang_builtins_i32 _Nmain(void) {
 {
nlang_builtins_i32 _Ngensym2 = { 0 };
( ((t00_optional_opts(({ _Ngensym2 = (nlang_builtins_i32)1;
((&_Ngensym2));
; })) != (nlang_builtins_i32)1)) ? ( {
return (nlang_builtins_i32)1;
}) : ({;}) );
;
nlang_builtins_i32 _Ngensym3 = { 0 };
( ((t00_optional_opts(({ _Ngensym3 = (nlang_builtins_i32)1;
((&_Ngensym3));
; })) != t00_optional_opts(NULL))) ? ( {
return (nlang_builtins_i32)1;
}) : ({;}) );
;
nlang_builtins_i32 _Ngensym4 = { 0 };
nlang_builtins_i32 _Ngensym5 = { 0 };
nlang_builtins_i32 _Ngensym6 = { 0 };
nlang_builtins_i32 _Ngensym7 = { 0 };
nlang_builtins_assert(((nlang_builtins_i32)10 == t00_optional_var((nlang_builtins_i32)0, ({ _Ngensym4 = (nlang_builtins_i32)1;
((&_Ngensym4));
; }), 3, ({ _Ngensym5 = (nlang_builtins_i32)2;
((&_Ngensym5));
; }), ({ _Ngensym6 = (nlang_builtins_i32)3;
((&_Ngensym6));
; }), ({ _Ngensym7 = (nlang_builtins_i32)4;
((&_Ngensym7));
; }))));
;
nlang_builtins_i32 _Ngensym8 = { 0 };
nlang_builtins_i32 _Ngensym9 = { 0 };
nlang_builtins_i32 _Ngensyma = { 0 };
nlang_builtins_i32 _Ngensymb = { 0 };
nlang_builtins_i32 _Ngensymc = { 0 };
nlang_builtins_assert(((nlang_builtins_i32)10 == t00_optional_onlyvar(5, ({ _Ngensym8 = (nlang_builtins_i32)0;
((&_Ngensym8));
; }), ({ _Ngensym9 = (nlang_builtins_i32)1;
((&_Ngensym9));
; }), ({ _Ngensyma = (nlang_builtins_i32)2;
((&_Ngensyma));
; }), ({ _Ngensymb = (nlang_builtins_i32)3;
((&_Ngensymb));
; }), ({ _Ngensymc = (nlang_builtins_i32)4;
((&_Ngensymc));
; }))));
;
nlang_builtins_i32 _Ngensymd = { 0 };
return t00_optional_opts(({ _Ngensymd = (nlang_builtins_i32)0;
((&_Ngensymd));
; }));
;
}
}
void t00_optional_Nrunexamples(void) __attribute__((section(".text.nlang.examples")));
void t00_optional_Nrunexamples(void) {
}
