from nlang import *
type t = <root>.nlang.builtins.i_trivial_ctor
  let this = t
  x:i32
  xx:i32

fun <root>.nlang.builtins.i_trivial_ctor.new = @#this

fun <root>.nlang.builtins.i_trivial_ctor.mk = r:this

t method <root>.nlang.builtins.i_trivial_ctor.ctor = void

fun foo = _nretval:t
  return t{{ x=3 }}

fun bar = _nretval:t
  return foo

fun bar2 = r:t
  r = bar
  return r

export fun main = i32
  let y = bar
  let __gensym0 = bar2
  if y.x != __gensym0.x
    return 1
  return y.xx
