#include <lib/nlang/runtime.h>
#include "lib/nlang/module.n.h.out"
struct t00_return_copy;
typedef struct t00_return_copy t00_return_copy;
struct t00_return_copy {
nlang_builtins_i32 x;
}
;
typedef const t00_return_copy* _ngen_nlang_builtins_Ref__t00_return_copy;
typedef _ngen_nlang_builtins_Ref__t00_return_copy _ngen_nlang_builtins_NullableRef__t00_return_copy;
typedef t00_return_copy* _ngen_nlang_builtins_MutableRef__t00_return_copy;
typedef _ngen_nlang_builtins_MutableRef__t00_return_copy _ngen_nlang_builtins_MercurialRef__t00_return_copy;
typedef _ngen_nlang_builtins_MutableRef__t00_return_copy _ngen_nlang_builtins_NullableMutableRef__t00_return_copy;
typedef _ngen_nlang_builtins_MercurialRef__t00_return_copy _ngen_nlang_builtins_NullableMercurialRef__t00_return_copy;

t00_return_copy t00_return_foo(nlang_builtins_i32 x){
__attribute__((__unused__)) t00_return_copy n;
 {
n.x = x;
return n;
}
}

t00_return_copy t00_return_chained(nlang_builtins_i32 x){
__attribute__((__unused__)) t00_return_copy n;
 {
return t00_return_foo(x);
}
}

nlang_builtins_i32 main(void){
 {
return t00_return_chained((nlang_builtins_i32)1).x - (nlang_builtins_i32)1;
}
}
