#include <lib/nlang/runtime.h>
#define NLANG_DECLARE_TYPES
# include "lib/nlang/module.n.h.out"
#undef NLANG_DECLARE_TYPES

#define NLANG_DECLARE_TYPES
# include "t00/sum.n.h.out"
#undef NLANG_DECLARE_TYPES
struct t00_sum_sum;
typedef struct t00_sum_sum t00_sum_sum;
typedef const t00_sum_sum* _Ngen_nlang_builtins_i_ref__t00_sum_sum_genN_;
typedef _Ngen_nlang_builtins_i_ref__t00_sum_sum_genN_ _Ngen_nlang_builtins_i_nullable_ref__t00_sum_sum_genN_;
typedef t00_sum_sum* _Ngen_nlang_builtins_i_mutable_ref__t00_sum_sum_genN_;
typedef _Ngen_nlang_builtins_i_mutable_ref__t00_sum_sum_genN_ _Ngen_nlang_builtins_i_mercurial_ref__t00_sum_sum_genN_;
typedef _Ngen_nlang_builtins_i_mutable_ref__t00_sum_sum_genN_ _Ngen_nlang_builtins_i_nullable_mutable_ref__t00_sum_sum_genN_;
typedef _Ngen_nlang_builtins_i_mercurial_ref__t00_sum_sum_genN_ _Ngen_nlang_builtins_i_nullable_mercurial_ref__t00_sum_sum_genN_;
typedef nlang_builtins_u32 t00_sum_sum_which_type__;
#define t00_sum_sum_A_which___label__ ((nlang_builtins_u32)0)
static const t00_sum_sum_which_type__ t00_sum_sum_A_which__ = t00_sum_sum_A_which___label__;
#define t00_sum_sum_B_which___label__ (((nlang_builtins_u32)0 + (nlang_builtins_u32)1))
static const t00_sum_sum_which_type__ t00_sum_sum_B_which__ = t00_sum_sum_B_which___label__;
typedef nlang_builtins_u32 t00_sum_sum_A;
typedef nlang_builtins_i32 t00_sum_sum_B;




struct t00_sum_ta;
typedef struct t00_sum_ta t00_sum_ta;
typedef const t00_sum_ta* _Ngen_nlang_builtins_i_ref__t00_sum_ta_genN_;
typedef _Ngen_nlang_builtins_i_ref__t00_sum_ta_genN_ _Ngen_nlang_builtins_i_nullable_ref__t00_sum_ta_genN_;
typedef t00_sum_ta* _Ngen_nlang_builtins_i_mutable_ref__t00_sum_ta_genN_;
typedef _Ngen_nlang_builtins_i_mutable_ref__t00_sum_ta_genN_ _Ngen_nlang_builtins_i_mercurial_ref__t00_sum_ta_genN_;
typedef _Ngen_nlang_builtins_i_mutable_ref__t00_sum_ta_genN_ _Ngen_nlang_builtins_i_nullable_mutable_ref__t00_sum_ta_genN_;
typedef _Ngen_nlang_builtins_i_mercurial_ref__t00_sum_ta_genN_ _Ngen_nlang_builtins_i_nullable_mercurial_ref__t00_sum_ta_genN_;





struct t00_sum_tb;
typedef struct t00_sum_tb t00_sum_tb;
typedef const t00_sum_tb* _Ngen_nlang_builtins_i_ref__t00_sum_tb_genN_;
typedef _Ngen_nlang_builtins_i_ref__t00_sum_tb_genN_ _Ngen_nlang_builtins_i_nullable_ref__t00_sum_tb_genN_;
typedef t00_sum_tb* _Ngen_nlang_builtins_i_mutable_ref__t00_sum_tb_genN_;
typedef _Ngen_nlang_builtins_i_mutable_ref__t00_sum_tb_genN_ _Ngen_nlang_builtins_i_mercurial_ref__t00_sum_tb_genN_;
typedef _Ngen_nlang_builtins_i_mutable_ref__t00_sum_tb_genN_ _Ngen_nlang_builtins_i_nullable_mutable_ref__t00_sum_tb_genN_;
typedef _Ngen_nlang_builtins_i_mercurial_ref__t00_sum_tb_genN_ _Ngen_nlang_builtins_i_nullable_mercurial_ref__t00_sum_tb_genN_;





struct t00_sum_sum_nocopy;
typedef struct t00_sum_sum_nocopy t00_sum_sum_nocopy;
typedef const t00_sum_sum_nocopy* _Ngen_nlang_builtins_i_ref__t00_sum_sum_nocopy_genN_;
typedef _Ngen_nlang_builtins_i_ref__t00_sum_sum_nocopy_genN_ _Ngen_nlang_builtins_i_nullable_ref__t00_sum_sum_nocopy_genN_;
typedef t00_sum_sum_nocopy* _Ngen_nlang_builtins_i_mutable_ref__t00_sum_sum_nocopy_genN_;
typedef _Ngen_nlang_builtins_i_mutable_ref__t00_sum_sum_nocopy_genN_ _Ngen_nlang_builtins_i_mercurial_ref__t00_sum_sum_nocopy_genN_;
typedef _Ngen_nlang_builtins_i_mutable_ref__t00_sum_sum_nocopy_genN_ _Ngen_nlang_builtins_i_nullable_mutable_ref__t00_sum_sum_nocopy_genN_;
typedef _Ngen_nlang_builtins_i_mercurial_ref__t00_sum_sum_nocopy_genN_ _Ngen_nlang_builtins_i_nullable_mercurial_ref__t00_sum_sum_nocopy_genN_;
typedef nlang_builtins_u32 t00_sum_sum_nocopy_which_type__;
#define t00_sum_sum_nocopy_A_which___label__ ((nlang_builtins_u32)0)
static const t00_sum_sum_nocopy_which_type__ t00_sum_sum_nocopy_A_which__ = t00_sum_sum_nocopy_A_which___label__;
#define t00_sum_sum_nocopy_B_which___label__ (((nlang_builtins_u32)0 + (nlang_builtins_u32)1))
static const t00_sum_sum_nocopy_which_type__ t00_sum_sum_nocopy_B_which__ = t00_sum_sum_nocopy_B_which___label__;
typedef t00_sum_ta t00_sum_sum_nocopy_A;
typedef t00_sum_tb t00_sum_sum_nocopy_B;

#define NLANG_DEFINE_TYPES
# include "lib/nlang/module.n.h.out"
#undef NLANG_DEFINE_TYPES

#define NLANG_DEFINE_TYPES
# include "t00/sum.n.h.out"
#undef NLANG_DEFINE_TYPES
union t00_sum_sum_as_type__ {
t00_sum_sum_A A;
t00_sum_sum_B B;
};
typedef union t00_sum_sum_as_type__ t00_sum_sum_as_type__;
struct t00_sum_sum {
t00_sum_sum_which_type__ which__;
t00_sum_sum_as_type__ as__;
}
;




struct t00_sum_ta {
nlang_builtins_u32 x;
}
;





struct t00_sum_tb {
nlang_builtins_i32 y;
}
;





union t00_sum_sum_nocopy_as_type__ {
t00_sum_sum_nocopy_A A;
t00_sum_sum_nocopy_B B;
};
typedef union t00_sum_sum_nocopy_as_type__ t00_sum_sum_nocopy_as_type__;
struct t00_sum_sum_nocopy {
t00_sum_sum_nocopy_which_type__ which__;
t00_sum_sum_nocopy_as_type__ as__;
}
;

#define NLANG_DECLARE_FUNCTIONS
# include "lib/nlang/module.n.h.out"
#undef NLANG_DECLARE_FUNCTIONS

#define NLANG_DECLARE_FUNCTIONS
# include "t00/sum.n.h.out"
#undef NLANG_DECLARE_FUNCTIONS
void t00_sum_sum_A_mk(nlang_builtins_u32 c, t00_sum_sum *_nrtr_r);
_Ngen_nlang_builtins_i_mercurial_ref__t00_sum_sum_genN_ t00_sum_sum_A_new(nlang_builtins_u32 c);
nlang_builtins_void t00_sum_sum_A_ctor(_Ngen_nlang_builtins_i_mercurial_ref__t00_sum_sum_genN_ self, nlang_builtins_u32 c);
void t00_sum_sum_B_mk(nlang_builtins_i32 c, t00_sum_sum *_nrtr_r);
_Ngen_nlang_builtins_i_mercurial_ref__t00_sum_sum_genN_ t00_sum_sum_B_new(nlang_builtins_i32 c);
nlang_builtins_void t00_sum_sum_B_ctor(_Ngen_nlang_builtins_i_mercurial_ref__t00_sum_sum_genN_ self, nlang_builtins_i32 c);
static inline nlang_builtins_i_sum_copy t00_sum_sum_mkdyn__nlang_builtins_i_sum_copy(t00_sum_sum *obj);
static inline nlang_builtins_i_sum_equality t00_sum_sum_mkdyn__nlang_builtins_i_sum_equality(t00_sum_sum *obj);

nlang_builtins_bool t00_sum_sum_operator_ne(_Ngen_nlang_builtins_i_ref__t00_sum_sum_genN_ self, _Ngen_nlang_builtins_i_ref__t00_sum_sum_genN_ other);

nlang_builtins_bool t00_sum_sum_operator_eq(_Ngen_nlang_builtins_i_ref__t00_sum_sum_genN_ self, _Ngen_nlang_builtins_i_ref__t00_sum_sum_genN_ other);

nlang_builtins_void t00_sum_sum_copy_ctor(_Ngen_nlang_builtins_i_mercurial_ref__t00_sum_sum_genN_ self, _Ngen_nlang_builtins_i_ref__t00_sum_sum_genN_ other);


nlang_builtins_void t00_sum_ta_copy_ctor(_Ngen_nlang_builtins_i_mercurial_ref__t00_sum_ta_genN_ self, _Ngen_nlang_builtins_i_ref__t00_sum_ta_genN_ other);

_Ngen_nlang_builtins_i_mercurial_ref__t00_sum_ta_genN_ t00_sum_ta_new(void);

void t00_sum_ta_mk(t00_sum_ta *_nrtr_r);

nlang_builtins_void t00_sum_ta_ctor(_Ngen_nlang_builtins_i_mercurial_ref__t00_sum_ta_genN_ self);


nlang_builtins_void t00_sum_tb_copy_ctor(_Ngen_nlang_builtins_i_mercurial_ref__t00_sum_tb_genN_ self, _Ngen_nlang_builtins_i_ref__t00_sum_tb_genN_ other);

_Ngen_nlang_builtins_i_mercurial_ref__t00_sum_tb_genN_ t00_sum_tb_new(void);

void t00_sum_tb_mk(t00_sum_tb *_nrtr_r);

nlang_builtins_void t00_sum_tb_ctor(_Ngen_nlang_builtins_i_mercurial_ref__t00_sum_tb_genN_ self);

void t00_sum_sum_nocopy_A_mk(t00_sum_ta c, t00_sum_sum_nocopy *_nrtr_r);
_Ngen_nlang_builtins_i_mercurial_ref__t00_sum_sum_nocopy_genN_ t00_sum_sum_nocopy_A_new(t00_sum_ta c);
nlang_builtins_void t00_sum_sum_nocopy_A_ctor(_Ngen_nlang_builtins_i_mercurial_ref__t00_sum_sum_nocopy_genN_ self, t00_sum_ta c);
void t00_sum_sum_nocopy_B_mk(t00_sum_tb c, t00_sum_sum_nocopy *_nrtr_r);
_Ngen_nlang_builtins_i_mercurial_ref__t00_sum_sum_nocopy_genN_ t00_sum_sum_nocopy_B_new(t00_sum_tb c);
nlang_builtins_void t00_sum_sum_nocopy_B_ctor(_Ngen_nlang_builtins_i_mercurial_ref__t00_sum_sum_nocopy_genN_ self, t00_sum_tb c);

#define NLANG_DEFINE_FUNCTIONS
# include "lib/nlang/module.n.h.out"
#undef NLANG_DEFINE_FUNCTIONS

#define NLANG_DEFINE_FUNCTIONS
# include "t00/sum.n.h.out"
#undef NLANG_DEFINE_FUNCTIONS
void t00_sum_sum_A_mk(nlang_builtins_u32 c, t00_sum_sum *_nrtr_r) {
#define THIS(x) t00_sum_sum##x
#define r (*_nrtr_r)
THIS(_A_ctor)(&r, c);
#undef r
#undef THIS
}
_Ngen_nlang_builtins_i_mercurial_ref__t00_sum_sum_genN_ t00_sum_sum_A_new(nlang_builtins_u32 c) {
#define THIS(x) t00_sum_sum##x
THIS() *self = calloc(1, sizeof(sizeof(THIS())));
THIS(_A_ctor)(self, c);
return self;
#undef THIS
}
nlang_builtins_void t00_sum_sum_A_ctor(_Ngen_nlang_builtins_i_mercurial_ref__t00_sum_sum_genN_ self, nlang_builtins_u32 c) {
#define THIS(x) t00_sum_sum##x
self->which__ = t00_sum_sum_A_which__;
self->as__.A = c;
#undef THIS
}
void t00_sum_sum_B_mk(nlang_builtins_i32 c, t00_sum_sum *_nrtr_r) {
#define THIS(x) t00_sum_sum##x
#define r (*_nrtr_r)
THIS(_B_ctor)(&r, c);
#undef r
#undef THIS
}
_Ngen_nlang_builtins_i_mercurial_ref__t00_sum_sum_genN_ t00_sum_sum_B_new(nlang_builtins_i32 c) {
#define THIS(x) t00_sum_sum##x
THIS() *self = calloc(1, sizeof(sizeof(THIS())));
THIS(_B_ctor)(self, c);
return self;
#undef THIS
}
nlang_builtins_void t00_sum_sum_B_ctor(_Ngen_nlang_builtins_i_mercurial_ref__t00_sum_sum_genN_ self, nlang_builtins_i32 c) {
#define THIS(x) t00_sum_sum##x
self->which__ = t00_sum_sum_B_which__;
self->as__.B = c;
#undef THIS
}
static inline nlang_builtins_i_sum_copy t00_sum_sum_mkdyn__nlang_builtins_i_sum_copy(t00_sum_sum *obj) {
static const struct _Ndyn_nlang_builtins_i_sum_copy vtable = {
0,
};
return (nlang_builtins_i_sum_copy){ .vptr = &vtable, .obj = obj };
}
static inline nlang_builtins_i_sum_equality t00_sum_sum_mkdyn__nlang_builtins_i_sum_equality(t00_sum_sum *obj) {
static const struct _Ndyn_nlang_builtins_i_sum_equality vtable = {
0,
};
return (nlang_builtins_i_sum_equality){ .vptr = &vtable, .obj = obj };
}

nlang_builtins_bool t00_sum_sum_operator_ne(_Ngen_nlang_builtins_i_ref__t00_sum_sum_genN_ self, _Ngen_nlang_builtins_i_ref__t00_sum_sum_genN_ other) {
#define THIS(x) t00_sum_sum##x
if (self->which__ != other->which__) { return 1; }
switch (self->which__) {
case THIS(_A_which___label__): return nlang_builtins_u32_operator_ne(&self->as__.A, &other->as__.A);
case THIS(_B_which___label__): return nlang_builtins_i32_operator_ne(&self->as__.B, &other->as__.B);
}
return 0;
#undef THIS
}

nlang_builtins_bool t00_sum_sum_operator_eq(_Ngen_nlang_builtins_i_ref__t00_sum_sum_genN_ self, _Ngen_nlang_builtins_i_ref__t00_sum_sum_genN_ other) {
#define THIS(x) t00_sum_sum##x
if (self->which__ != other->which__) { return 0; }
switch (self->which__) {
case THIS(_A_which___label__): return nlang_builtins_u32_operator_eq(&self->as__.A, &other->as__.A);
case THIS(_B_which___label__): return nlang_builtins_i32_operator_eq(&self->as__.B, &other->as__.B);
}
return 0;
#undef THIS
}

nlang_builtins_void t00_sum_sum_copy_ctor(_Ngen_nlang_builtins_i_mercurial_ref__t00_sum_sum_genN_ self, _Ngen_nlang_builtins_i_ref__t00_sum_sum_genN_ other) {
#define THIS(x) t00_sum_sum##x
self->which__ = other->which__;
switch (self->which__) {
case THIS(_A_which___label__):  nlang_builtins_u32_copy_ctor(&self->as__.A, &other->as__.A);
case THIS(_B_which___label__):  nlang_builtins_i32_copy_ctor(&self->as__.B, &other->as__.B);
}
#undef THIS
}


nlang_builtins_void t00_sum_ta_copy_ctor(_Ngen_nlang_builtins_i_mercurial_ref__t00_sum_ta_genN_ self, _Ngen_nlang_builtins_i_ref__t00_sum_ta_genN_ other) {
#define THIS(x) t00_sum_ta##x
memcpy(self, other, sizeof(*self));
#undef THIS
}

_Ngen_nlang_builtins_i_mercurial_ref__t00_sum_ta_genN_ t00_sum_ta_new(void) {
#define THIS(x) t00_sum_ta##x
return calloc(1, sizeof(THIS()));
#undef THIS
}

void t00_sum_ta_mk(t00_sum_ta *_nrtr_r) {
#define THIS(x) t00_sum_ta##x
#define r (*_nrtr_r)
#undef r
#undef THIS
}

nlang_builtins_void t00_sum_ta_ctor(_Ngen_nlang_builtins_i_mercurial_ref__t00_sum_ta_genN_ self) {
#define THIS(x) t00_sum_ta##x
#undef THIS
}


nlang_builtins_void t00_sum_tb_copy_ctor(_Ngen_nlang_builtins_i_mercurial_ref__t00_sum_tb_genN_ self, _Ngen_nlang_builtins_i_ref__t00_sum_tb_genN_ other) {
#define THIS(x) t00_sum_tb##x
memcpy(self, other, sizeof(*self));
#undef THIS
}

_Ngen_nlang_builtins_i_mercurial_ref__t00_sum_tb_genN_ t00_sum_tb_new(void) {
#define THIS(x) t00_sum_tb##x
return calloc(1, sizeof(THIS()));
#undef THIS
}

void t00_sum_tb_mk(t00_sum_tb *_nrtr_r) {
#define THIS(x) t00_sum_tb##x
#define r (*_nrtr_r)
#undef r
#undef THIS
}

nlang_builtins_void t00_sum_tb_ctor(_Ngen_nlang_builtins_i_mercurial_ref__t00_sum_tb_genN_ self) {
#define THIS(x) t00_sum_tb##x
#undef THIS
}

void t00_sum_sum_nocopy_A_mk(t00_sum_ta c, t00_sum_sum_nocopy *_nrtr_r) {
#define THIS(x) t00_sum_sum_nocopy##x
#define r (*_nrtr_r)
THIS(_A_ctor)(&r, c);
#undef r
#undef THIS
}
_Ngen_nlang_builtins_i_mercurial_ref__t00_sum_sum_nocopy_genN_ t00_sum_sum_nocopy_A_new(t00_sum_ta c) {
#define THIS(x) t00_sum_sum_nocopy##x
THIS() *self = calloc(1, sizeof(sizeof(THIS())));
THIS(_A_ctor)(self, c);
return self;
#undef THIS
}
nlang_builtins_void t00_sum_sum_nocopy_A_ctor(_Ngen_nlang_builtins_i_mercurial_ref__t00_sum_sum_nocopy_genN_ self, t00_sum_ta c) {
#define THIS(x) t00_sum_sum_nocopy##x
self->which__ = t00_sum_sum_nocopy_A_which__;
self->as__.A = c;
#undef THIS
}
void t00_sum_sum_nocopy_B_mk(t00_sum_tb c, t00_sum_sum_nocopy *_nrtr_r) {
#define THIS(x) t00_sum_sum_nocopy##x
#define r (*_nrtr_r)
THIS(_B_ctor)(&r, c);
#undef r
#undef THIS
}
_Ngen_nlang_builtins_i_mercurial_ref__t00_sum_sum_nocopy_genN_ t00_sum_sum_nocopy_B_new(t00_sum_tb c) {
#define THIS(x) t00_sum_sum_nocopy##x
THIS() *self = calloc(1, sizeof(sizeof(THIS())));
THIS(_B_ctor)(self, c);
return self;
#undef THIS
}
nlang_builtins_void t00_sum_sum_nocopy_B_ctor(_Ngen_nlang_builtins_i_mercurial_ref__t00_sum_sum_nocopy_genN_ self, t00_sum_tb c) {
#define THIS(x) t00_sum_sum_nocopy##x
self->which__ = t00_sum_sum_nocopy_B_which__;
self->as__.B = c;
#undef THIS
}

nlang_builtins_i32 _Nmain(void){
 {
t00_sum_ta _Ngensym0 = { 0 };
t00_sum_sum_nocopy m = { 0 };
t00_sum_sum_nocopy_A_mk(({ _Ngensym0.x = (nlang_builtins_u32)0;
;
_Ngensym0;
; }), &(m));
;
t00_sum_sum n = { 0 };
t00_sum_sum_A_mk((nlang_builtins_u32)0, &(n));
;
t00_sum_sum _Ngensym1 = { 0 };
if (t00_sum_sum_operator_eq(((&n)), ({ t00_sum_sum_A_mk((nlang_builtins_u32)0, &(_Ngensym1));
((&_Ngensym1));
; }))) {
return (nlang_builtins_i32)0;
}
else  {
return (nlang_builtins_i32)1;
};
;
}
}
void t00_sum_Nrunexamples(void) __attribute__((section(".text.nlang.examples")));
void t00_sum_Nrunexamples(void) {
}
