#include <lib/nlang/runtime.h>
#include "lib/nlang/module.n.h.out"
#include "t00/syntax.n.h.out"






struct t00_syntax_test;
typedef struct t00_syntax_test t00_syntax_test;
typedef const t00_syntax_test* _Ngen_nlang_builtins_i_ref__t00_syntax_test_genN_;
typedef _Ngen_nlang_builtins_i_ref__t00_syntax_test_genN_ _Ngen_nlang_builtins_i_nullable_ref__t00_syntax_test_genN_;
typedef t00_syntax_test* _Ngen_nlang_builtins_i_mutable_ref__t00_syntax_test_genN_;
typedef _Ngen_nlang_builtins_i_mutable_ref__t00_syntax_test_genN_ _Ngen_nlang_builtins_i_mercurial_ref__t00_syntax_test_genN_;
typedef _Ngen_nlang_builtins_i_mutable_ref__t00_syntax_test_genN_ _Ngen_nlang_builtins_i_nullable_mutable_ref__t00_syntax_test_genN_;
typedef _Ngen_nlang_builtins_i_mercurial_ref__t00_syntax_test_genN_ _Ngen_nlang_builtins_i_nullable_mercurial_ref__t00_syntax_test_genN_;







typedef nlang_builtins_u32 t00_syntax_enu;
typedef const t00_syntax_enu* _Ngen_nlang_builtins_i_ref__t00_syntax_enu_genN_;
typedef _Ngen_nlang_builtins_i_ref__t00_syntax_enu_genN_ _Ngen_nlang_builtins_i_nullable_ref__t00_syntax_enu_genN_;
typedef t00_syntax_enu* _Ngen_nlang_builtins_i_mutable_ref__t00_syntax_enu_genN_;
typedef _Ngen_nlang_builtins_i_mutable_ref__t00_syntax_enu_genN_ _Ngen_nlang_builtins_i_mercurial_ref__t00_syntax_enu_genN_;
typedef _Ngen_nlang_builtins_i_mutable_ref__t00_syntax_enu_genN_ _Ngen_nlang_builtins_i_nullable_mutable_ref__t00_syntax_enu_genN_;
typedef _Ngen_nlang_builtins_i_mercurial_ref__t00_syntax_enu_genN_ _Ngen_nlang_builtins_i_nullable_mercurial_ref__t00_syntax_enu_genN_;







struct t00_syntax_test {
nlang_builtins_i32 t;
}
;







#define t00_syntax_enu_V1_label__ ((nlang_builtins_u32)0)
static const t00_syntax_enu t00_syntax_enu_V1 = (nlang_builtins_u32)0;
#define t00_syntax_enu_V2_label__ ((nlang_builtins_u32)0 + (nlang_builtins_u32)1)
static const t00_syntax_enu t00_syntax_enu_V2 = (nlang_builtins_u32)0 + (nlang_builtins_u32)1;
#define t00_syntax_enu_V3_label__ ((nlang_builtins_u32)0 + (nlang_builtins_u32)1 + (nlang_builtins_u32)1)
static const t00_syntax_enu t00_syntax_enu_V3 = (nlang_builtins_u32)0 + (nlang_builtins_u32)1 + (nlang_builtins_u32)1;




static inline nlang_builtins_i32 t00_syntax_other4(nlang_builtins_i32 x);

extern nlang_builtins_i32 t00_syntax_other5(nlang_builtins_i32 x);



_Ngen_nlang_builtins_i_mercurial_ref__t00_syntax_test_genN_ t00_syntax_test_new(void);

void t00_syntax_test_mk(t00_syntax_test *_nrtr_r);

nlang_builtins_void t00_syntax_test_ctor(_Ngen_nlang_builtins_i_mercurial_ref__t00_syntax_test_genN_ self);

nlang_builtins_i32 t00_syntax_test_foo(_Ngen_nlang_builtins_i_ref__t00_syntax_test_genN_ self, nlang_builtins_i32 x);

static nlang_builtins_i32 t00_syntax_foobar(nlang_builtins_i32 x);

static nlang_builtins_void t00_syntax_foobar2(void);


nlang_builtins_void t00_syntax_enu_copy_ctor(_Ngen_nlang_builtins_i_mercurial_ref__t00_syntax_enu_genN_ self, _Ngen_nlang_builtins_i_ref__t00_syntax_enu_genN_ other);
nlang_builtins_i32 main(void){
 {
nlang_builtins_i32 x = (nlang_builtins_i32)(nlang_builtins_i32)1;
;
nlang_builtins_i32 y = (nlang_builtins_i32)2 + x;
;
return (nlang_builtins_i32)0 + y;
}
}

nlang_builtins_i32 t00_syntax_main2(void){
 {
return (nlang_builtins_i32)0;
}
}






_Ngen_nlang_builtins_i_mercurial_ref__t00_syntax_test_genN_ t00_syntax_test_new(void) {
#define THIS(x) t00_syntax_test##x
return calloc(1, sizeof(THIS()));
#undef THIS
}

void t00_syntax_test_mk(t00_syntax_test *_nrtr_r) {
#define THIS(x) t00_syntax_test##x
#define r (*_nrtr_r)
#undef r
#undef THIS
}

nlang_builtins_void t00_syntax_test_ctor(_Ngen_nlang_builtins_i_mercurial_ref__t00_syntax_test_genN_ self) {
#define THIS(x) t00_syntax_test##x
#undef THIS
}

nlang_builtins_i32 t00_syntax_test_foo(_Ngen_nlang_builtins_i_ref__t00_syntax_test_genN_ self, nlang_builtins_i32 x){
#define THIS(x) t00_syntax_test##x
 {
nlang_builtins_i32 y = x;
;
return y;
}
#undef THIS
}

static nlang_builtins_i32 t00_syntax_foobar(nlang_builtins_i32 x){
 {
pre {
x != (nlang_builtins_i32)0;
};
post {
x != (nlang_builtins_i32)0;
};
return (nlang_builtins_i32)0;
}
}

static nlang_builtins_void t00_syntax_foobar2(void){
 {
return;
}
}


nlang_builtins_void t00_syntax_enu_copy_ctor(_Ngen_nlang_builtins_i_mercurial_ref__t00_syntax_enu_genN_ self, _Ngen_nlang_builtins_i_ref__t00_syntax_enu_genN_ other) {
#define THIS(x) t00_syntax_enu##x
memcpy(self, other, sizeof(*self));
#undef THIS
}
