#include <lib/nlang/runtime.h>
#include "lib/nlang/module.n.h.out"






struct t00_syntax_test;
typedef struct t00_syntax_test t00_syntax_test;
typedef const t00_syntax_test* _Ngen_nlang_builtins_i_ref__t00_syntax_test_genN_;
typedef _Ngen_nlang_builtins_i_ref__t00_syntax_test_genN_ _Ngen_nlang_builtins_i_nullable_ref__t00_syntax_test_genN_;
typedef t00_syntax_test* _Ngen_nlang_builtins_i_mutable_ref__t00_syntax_test_genN_;
typedef _Ngen_nlang_builtins_i_mutable_ref__t00_syntax_test_genN_ _Ngen_nlang_builtins_i_mercurial_ref__t00_syntax_test_genN_;
typedef _Ngen_nlang_builtins_i_mutable_ref__t00_syntax_test_genN_ _Ngen_nlang_builtins_i_nullable_mutable_ref__t00_syntax_test_genN_;
typedef _Ngen_nlang_builtins_i_mercurial_ref__t00_syntax_test_genN_ _Ngen_nlang_builtins_i_nullable_mercurial_ref__t00_syntax_test_genN_;




typedef nlang_builtins_u32 t00_syntax_enu;
static const t00_syntax_enu t00_syntax_enu_V1 = (nlang_builtins_u32)0;
static const t00_syntax_enu t00_syntax_enu_V2 = (nlang_builtins_u32)0 + (nlang_builtins_u32)1;
static const t00_syntax_enu t00_syntax_enu_V3 = (nlang_builtins_u32)0 + (nlang_builtins_u32)1 + (nlang_builtins_u32)1;
typedef const t00_syntax_enu* _Ngen_nlang_builtins_i_ref__t00_syntax_enu_genN_;
typedef _Ngen_nlang_builtins_i_ref__t00_syntax_enu_genN_ _Ngen_nlang_builtins_i_nullable_ref__t00_syntax_enu_genN_;
typedef t00_syntax_enu* _Ngen_nlang_builtins_i_mutable_ref__t00_syntax_enu_genN_;
typedef _Ngen_nlang_builtins_i_mutable_ref__t00_syntax_enu_genN_ _Ngen_nlang_builtins_i_mercurial_ref__t00_syntax_enu_genN_;
typedef _Ngen_nlang_builtins_i_mutable_ref__t00_syntax_enu_genN_ _Ngen_nlang_builtins_i_nullable_mutable_ref__t00_syntax_enu_genN_;
typedef _Ngen_nlang_builtins_i_mercurial_ref__t00_syntax_enu_genN_ _Ngen_nlang_builtins_i_nullable_mercurial_ref__t00_syntax_enu_genN_;

nlang_builtins_i32 main(void);

nlang_builtins_i32 t00_syntax_main2(void);

static inline void t00_syntax_foo(nlang_strings_string *_nrtr__nretval);

static inline nlang_builtins_i32 t00_syntax_other4(nlang_builtins_i32 x);

extern nlang_builtins_i32 t00_syntax_other5(nlang_builtins_i32 x);



nlang_builtins_i32 t00_syntax_test_foo(_Ngen_nlang_builtins_i_ref__t00_syntax_test_genN_ self, nlang_builtins_i32 x);

static nlang_builtins_i32 t00_syntax_foobar(nlang_builtins_i32 x);

static nlang_builtins_void t00_syntax_foobar2(void);


nlang_builtins_void t00_syntax_enu_operator_copy(_Ngen_nlang_builtins_i_mercurial_ref__t00_syntax_enu_genN_ self, _Ngen_nlang_builtins_i_ref__t00_syntax_enu_genN_ other);
nlang_builtins_i32 main(void){
 {
nlang_builtins_i32 x = (nlang_builtins_i32)(nlang_builtins_i32)1;
;
nlang_builtins_i32 y = (nlang_builtins_i32)2 + x;
;
return (nlang_builtins_i32)0 + y;
}
}

nlang_builtins_i32 t00_syntax_main2(void){
 {
return (nlang_builtins_i32)0;
}
}

static inline void t00_syntax_foo(nlang_strings_string *_nrtr__nretval){
#define _nretval (*_nrtr__nretval)
 {
"test";
return;
}
#undef _nretval
}




struct t00_syntax_test {
nlang_builtins_i32 t;
}
;

nlang_builtins_i32 t00_syntax_test_foo(_Ngen_nlang_builtins_i_ref__t00_syntax_test_genN_ self, nlang_builtins_i32 x){
#define THIS(x) t00_syntax_test##x
 {
nlang_builtins_i32 y = x;
;
return y;
}
#undef THIS
}

static nlang_builtins_i32 t00_syntax_foobar(nlang_builtins_i32 x){
 {
pre {
x != (nlang_builtins_i32)0;
};
post {
x != (nlang_builtins_i32)0;
};
return (nlang_builtins_i32)0;
}
}

static nlang_builtins_void t00_syntax_foobar2(void){
 {
return;
}
}


nlang_builtins_void t00_syntax_enu_operator_copy(_Ngen_nlang_builtins_i_mercurial_ref__t00_syntax_enu_genN_ self, _Ngen_nlang_builtins_i_ref__t00_syntax_enu_genN_ other) {
#define THIS(x) t00_syntax_enu##x
memcpy(self, other, sizeof(*self));
#undef THIS
}
