#include <lib/nlang/runtime.h>
#include "lib/nlang/module.n.h.out"
struct t00_unary_t;
typedef struct t00_unary_t t00_unary_t;
struct t00_unary_t {
nlang_builtins_i32 x;
}
;
typedef const t00_unary_t* _ngen_nlang_builtins_Ref__t00_unary_t;
typedef _ngen_nlang_builtins_Ref__t00_unary_t _ngen_nlang_builtins_NullableRef__t00_unary_t;
typedef t00_unary_t* _ngen_nlang_builtins_MutableRef__t00_unary_t;
typedef _ngen_nlang_builtins_MutableRef__t00_unary_t _ngen_nlang_builtins_MercurialRef__t00_unary_t;
typedef _ngen_nlang_builtins_MutableRef__t00_unary_t _ngen_nlang_builtins_NullableMutableRef__t00_unary_t;
typedef _ngen_nlang_builtins_MercurialRef__t00_unary_t _ngen_nlang_builtins_NullableMercurialRef__t00_unary_t;

nlang_builtins_i32 t00_unary_t_get(_ngen_nlang_builtins_Ref__t00_unary_t self){
#define THIS(x) t00_unary_t##x
 {
return self->x;
}
#undef THIS
}

nlang_builtins_i32 main(void){
 {
t00_unary_t tt = (t00_unary_t){ .x = (nlang_builtins_i32)0,};
return t00_unary_t_get(&tt);
}
}
