#include <lib/nlang/runtime.h>
#include "lib/nlang/module.n.h.out"
nlang_builtins_i32 main(void){
 {
nlang_builtins_i32 j; memset(&j, 0, sizeof(j));j = (nlang_builtins_i32)(nlang_builtins_i32)0; {
nlang_builtins_i32 i; memset(&i, 0, sizeof(i));i = (nlang_builtins_i32)(nlang_builtins_i32)0; {
while (i < (nlang_builtins_i32)10) {
i += (nlang_builtins_i32)1;
j += (nlang_builtins_i32)1;
};
};
};
return j - (nlang_builtins_i32)10;
}
}
