#include <lib/nlang/runtime.h>
#include "lib/nlang/module.n.h.out"

static nlang_builtins_i32 _Ngen_t01_genericfun_decr__nlang_builtins_i32_genN_(nlang_builtins_i32 x);

nlang_builtins_i32 main(void);
static nlang_builtins_i32 _Ngen_t01_genericfun_decr__nlang_builtins_i32_genN_(nlang_builtins_i32 x){
 {
return x - (nlang_builtins_i32)1;
}
}

nlang_builtins_i32 main(void){
 {
return _Ngen_t01_genericfun_decr__nlang_builtins_i32_genN_((nlang_builtins_i32)1);
}
}
