from nlang import *
type container = `trivial_ctor <root>.nlang.builtins.`trivial_ctor
  and this = t01.generic.container
  and final = t01.generic.container
  x:t
  container method <root>.nlang.builtins.`trivial_ctor.ctor = void

  fun <root>.nlang.builtins.`trivial_ctor.mk = r:final

  fun <root>.nlang.builtins.`trivial_ctor.new = @#final


export fun main = i32
  and v = { x=1 }
  return v.x - 1
