#include <lib/nlang/runtime.h>
#define NLANG_DECLARE_TYPES
# include "lib/nlang/module.n.h.out"
#undef NLANG_DECLARE_TYPES

#define NLANG_DECLARE_TYPES
# include "t01/genericsecondorder.n.h.out"
#undef NLANG_DECLARE_TYPES
struct t01_genericsecondorder_c;
typedef struct t01_genericsecondorder_c t01_genericsecondorder_c;
typedef const t01_genericsecondorder_c* _Ngen_nlang_builtins_ref__t01_genericsecondorder_c_genN_;
typedef _Ngen_nlang_builtins_ref__t01_genericsecondorder_c_genN_ _Ngen_nlang_builtins_nullable_ref__t01_genericsecondorder_c_genN_;
typedef t01_genericsecondorder_c* _Ngen_nlang_builtins_mutable_ref__t01_genericsecondorder_c_genN_;
typedef _Ngen_nlang_builtins_mutable_ref__t01_genericsecondorder_c_genN_ _Ngen_nlang_builtins_mercurial_ref__t01_genericsecondorder_c_genN_;
typedef _Ngen_nlang_builtins_mutable_ref__t01_genericsecondorder_c_genN_ _Ngen_nlang_builtins_nullable_mutable_ref__t01_genericsecondorder_c_genN_;
typedef _Ngen_nlang_builtins_mercurial_ref__t01_genericsecondorder_c_genN_ _Ngen_nlang_builtins_nullable_mercurial_ref__t01_genericsecondorder_c_genN_;





#define NLANG_DEFINE_TYPES
# include "lib/nlang/module.n.h.out"
#undef NLANG_DEFINE_TYPES

#define NLANG_DEFINE_TYPES
# include "t01/genericsecondorder.n.h.out"
#undef NLANG_DEFINE_TYPES
struct t01_genericsecondorder_c {
nlang_builtins_i32 x;
}
;





#define NLANG_DECLARE_FUNCTIONS
# include "lib/nlang/module.n.h.out"
#undef NLANG_DECLARE_FUNCTIONS

#define NLANG_DECLARE_FUNCTIONS
# include "t01/genericsecondorder.n.h.out"
#undef NLANG_DECLARE_FUNCTIONS

_Ngen_nlang_builtins_mercurial_ref__t01_genericsecondorder_c_genN_ t01_genericsecondorder_c_new(void);

void t01_genericsecondorder_c_mk(t01_genericsecondorder_c *_nrtr_r);

nlang_builtins_void t01_genericsecondorder_c_ctor(_Ngen_nlang_builtins_mercurial_ref__t01_genericsecondorder_c_genN_ self);

static _Ngen_nlang_builtins_ref__nlang_builtins_i32_genN_ _Ngen_t01_genericsecondorder_get__nlang_builtins_ref_genN_(_Ngen_nlang_builtins_ref__t01_genericsecondorder_c_genN_ m);

#define NLANG_DEFINE_FUNCTIONS
# include "lib/nlang/module.n.h.out"
#undef NLANG_DEFINE_FUNCTIONS

#define NLANG_DEFINE_FUNCTIONS
# include "t01/genericsecondorder.n.h.out"
#undef NLANG_DEFINE_FUNCTIONS

_Ngen_nlang_builtins_mercurial_ref__t01_genericsecondorder_c_genN_ t01_genericsecondorder_c_new(void) {
#define THIS(x) t01_genericsecondorder_c##x
return calloc(1, sizeof(THIS()));
#undef THIS
}

void t01_genericsecondorder_c_mk(t01_genericsecondorder_c *_nrtr_r) {
#define THIS(x) t01_genericsecondorder_c##x
#define r (*_nrtr_r)
#undef r
#undef THIS
}

nlang_builtins_void t01_genericsecondorder_c_ctor(_Ngen_nlang_builtins_mercurial_ref__t01_genericsecondorder_c_genN_ self) {
#define THIS(x) t01_genericsecondorder_c##x
#undef THIS
}

static _Ngen_nlang_builtins_ref__nlang_builtins_i32_genN_ _Ngen_t01_genericsecondorder_get__nlang_builtins_ref_genN_(_Ngen_nlang_builtins_ref__t01_genericsecondorder_c_genN_ m) {
 {
return ((&(m->x)));
}
}

nlang_builtins_i32 _Nmain(void) {
 {
t01_genericsecondorder_c x= { 0 };
x.x = (nlang_builtins_i32)0;
;
;
return ((*_Ngen_t01_genericsecondorder_get__nlang_builtins_ref_genN_(((&x)))));
}
}
void t01_genericsecondorder_Nrunexamples(void) __attribute__((section(".text.nlang.examples")));
void t01_genericsecondorder_Nrunexamples(void) {
}
