#include <lib/nlang/runtime.h>
#include "lib/nlang/module.n.h.out"
struct t01_wildcardmutability_c;
typedef struct t01_wildcardmutability_c t01_wildcardmutability_c;
struct t01_wildcardmutability_c {
nlang_builtins_i32 x;
}
;
typedef const t01_wildcardmutability_c* _ngen_nlang_builtins_Ref__t01_wildcardmutability_c;
typedef _ngen_nlang_builtins_Ref__t01_wildcardmutability_c _ngen_nlang_builtins_NullableRef__t01_wildcardmutability_c;
typedef t01_wildcardmutability_c* _ngen_nlang_builtins_MutableRef__t01_wildcardmutability_c;
typedef _ngen_nlang_builtins_MutableRef__t01_wildcardmutability_c _ngen_nlang_builtins_MercurialRef__t01_wildcardmutability_c;
typedef _ngen_nlang_builtins_MutableRef__t01_wildcardmutability_c _ngen_nlang_builtins_NullableMutableRef__t01_wildcardmutability_c;
typedef _ngen_nlang_builtins_MercurialRef__t01_wildcardmutability_c _ngen_nlang_builtins_NullableMercurialRef__t01_wildcardmutability_c;

_ngen_nlang_builtins_Ref__nlang_builtins_i32 _ngen_t01_wildcardmutability_c_get__nlang_builtins_Ref(_ngen_nlang_builtins_Ref__t01_wildcardmutability_c self){
#define THIS(x) t01_wildcardmutability_c##x
 {
return &self->x;
}
#undef THIS
}

nlang_builtins_i32 main(void){
 {
t01_wildcardmutability_c x; memset(&x, 0, sizeof(x));{
x.x = (nlang_builtins_i32)0;
 }
;
return (*_ngen_t01_wildcardmutability_c_get__nlang_builtins_Ref(&x));
}
}
