from nlang import *
type c = <root>.nlang.builtins.i_trivial_ctor
  let this = c
  x:i32

fun <root>.nlang.builtins.i_trivial_ctor.new = @#this

fun <root>.nlang.builtins.i_trivial_ctor.mk = r:this

c method <root>.nlang.builtins.i_trivial_ctor.ctor = void

c method get = __wildcard_ref_arg__ i32
  return @self.x

export fun main = i32
  let x = c{{ x=0 }}
  return .(t01.wildcardmutability.c.get @x)
