#include <lib/nlang/runtime.h>
#include "lib/nlang/module.n.h.out"
#include "t01/wildcardmutability.n.h.out"
struct t01_wildcardmutability_c;
typedef struct t01_wildcardmutability_c t01_wildcardmutability_c;
typedef const t01_wildcardmutability_c* _Ngen_nlang_builtins_i_ref__t01_wildcardmutability_c_genN_;
typedef _Ngen_nlang_builtins_i_ref__t01_wildcardmutability_c_genN_ _Ngen_nlang_builtins_i_nullable_ref__t01_wildcardmutability_c_genN_;
typedef t01_wildcardmutability_c* _Ngen_nlang_builtins_i_mutable_ref__t01_wildcardmutability_c_genN_;
typedef _Ngen_nlang_builtins_i_mutable_ref__t01_wildcardmutability_c_genN_ _Ngen_nlang_builtins_i_mercurial_ref__t01_wildcardmutability_c_genN_;
typedef _Ngen_nlang_builtins_i_mutable_ref__t01_wildcardmutability_c_genN_ _Ngen_nlang_builtins_i_nullable_mutable_ref__t01_wildcardmutability_c_genN_;
typedef _Ngen_nlang_builtins_i_mercurial_ref__t01_wildcardmutability_c_genN_ _Ngen_nlang_builtins_i_nullable_mercurial_ref__t01_wildcardmutability_c_genN_;





struct t01_wildcardmutability_c {
nlang_builtins_i32 x;
}
;





static inline nlang_builtins_i_trivial_ctor t01_wildcardmutability_c_mkdyn__nlang_builtins_i_trivial_ctor(t01_wildcardmutability_c *obj);

_Ngen_nlang_builtins_i_mercurial_ref__t01_wildcardmutability_c_genN_ t01_wildcardmutability_c_new(void);

void t01_wildcardmutability_c_mk(t01_wildcardmutability_c *_nrtr_r);

nlang_builtins_void t01_wildcardmutability_c_ctor(_Ngen_nlang_builtins_i_mercurial_ref__t01_wildcardmutability_c_genN_ self);

_Ngen_nlang_builtins_i_ref__nlang_builtins_i32_genN_ _Ngen_t01_wildcardmutability_c_get__nlang_builtins_i_ref_genN_(_Ngen_nlang_builtins_i_ref__t01_wildcardmutability_c_genN_ self);

static inline nlang_builtins_i_trivial_ctor t01_wildcardmutability_c_mkdyn__nlang_builtins_i_trivial_ctor(t01_wildcardmutability_c *obj) {
static const struct _Ndyn_nlang_builtins_i_trivial_ctor vtable = {
0,
};
return (nlang_builtins_i_trivial_ctor){ .vptr = &vtable, .obj = obj };
}

_Ngen_nlang_builtins_i_mercurial_ref__t01_wildcardmutability_c_genN_ t01_wildcardmutability_c_new(void) {
#define THIS(x) t01_wildcardmutability_c##x
return calloc(1, sizeof(THIS()));
#undef THIS
}

void t01_wildcardmutability_c_mk(t01_wildcardmutability_c *_nrtr_r) {
#define THIS(x) t01_wildcardmutability_c##x
#define r (*_nrtr_r)
#undef r
#undef THIS
}

nlang_builtins_void t01_wildcardmutability_c_ctor(_Ngen_nlang_builtins_i_mercurial_ref__t01_wildcardmutability_c_genN_ self) {
#define THIS(x) t01_wildcardmutability_c##x
#undef THIS
}

_Ngen_nlang_builtins_i_ref__nlang_builtins_i32_genN_ _Ngen_t01_wildcardmutability_c_get__nlang_builtins_i_ref_genN_(_Ngen_nlang_builtins_i_ref__t01_wildcardmutability_c_genN_ self){
#define THIS(x) t01_wildcardmutability_c##x
 {
return ((&(self->x)));
}
#undef THIS
}

nlang_builtins_i32 __Nmain(void){
 {
t01_wildcardmutability_c x; memset(&(x), 0, sizeof(t01_wildcardmutability_c));
x.x = (nlang_builtins_i32)0;
;
;
return ((*_Ngen_t01_wildcardmutability_c_get__nlang_builtins_i_ref_genN_(((&x)))));
}
}
void t01_wildcardmutability_Nrunexamples(void) __attribute__((section(".text.nlang.examples")));
void t01_wildcardmutability_Nrunexamples(void) {
}
