#include <lib/nlang/runtime.h>
#define NLANG_DECLARE_TYPES
# include "lib/nlang/module.n.h.out"
#undef NLANG_DECLARE_TYPES

#define NLANG_DECLARE_TYPES
# include "lib/nlang/sysheap.n.h.out"
#undef NLANG_DECLARE_TYPES

#define NLANG_DECLARE_TYPES
# include "t02/alloc.n.h.out"
#undef NLANG_DECLARE_TYPES
#ifndef HAS0__Ngen_nlang_builtins_mercurial_ref__nlang_builtins_i32_genN_
#define HAS0__Ngen_nlang_builtins_mercurial_ref__nlang_builtins_i32_genN_
typedef nlang_builtins_i32* _Ngen_nlang_builtins_mercurial_ref__nlang_builtins_i32_genN_;
#endif // HAS0__Ngen_nlang_builtins_mercurial_ref__nlang_builtins_i32_genN_
#ifndef HAS0__Ngen_nlang_builtins_mutable_ref__nlang_sysheap_heap_genN_
#define HAS0__Ngen_nlang_builtins_mutable_ref__nlang_sysheap_heap_genN_
struct nlang_sysheap_heap;
typedef struct nlang_sysheap_heap* _Ngen_nlang_builtins_mutable_ref__nlang_sysheap_heap_genN_;
#endif // HAS0__Ngen_nlang_builtins_mutable_ref__nlang_sysheap_heap_genN_
#ifndef HAS0__Ngen_nlang_builtins_mercurial_ref__nlang_builtins_u8_genN_
#define HAS0__Ngen_nlang_builtins_mercurial_ref__nlang_builtins_u8_genN_
typedef nlang_builtins_u8* _Ngen_nlang_builtins_mercurial_ref__nlang_builtins_u8_genN_;
#endif // HAS0__Ngen_nlang_builtins_mercurial_ref__nlang_builtins_u8_genN_
#define NLANG_DEFINE_TYPES
# include "lib/nlang/module.n.h.out"
#undef NLANG_DEFINE_TYPES

#define NLANG_DEFINE_TYPES
# include "lib/nlang/sysheap.n.h.out"
#undef NLANG_DEFINE_TYPES

#define NLANG_DEFINE_TYPES
# include "t02/alloc.n.h.out"
#undef NLANG_DEFINE_TYPES
#define NLANG_DECLARE_FUNCTIONS
# include "lib/nlang/module.n.h.out"
#undef NLANG_DECLARE_FUNCTIONS

#define NLANG_DECLARE_FUNCTIONS
# include "lib/nlang/sysheap.n.h.out"
#undef NLANG_DECLARE_FUNCTIONS

#define NLANG_DECLARE_FUNCTIONS
# include "t02/alloc.n.h.out"
#undef NLANG_DECLARE_FUNCTIONS
#ifndef HAS2__Ngen_nlang_builtins_mercurial_ref__nlang_builtins_i32_genN_
#define HAS2__Ngen_nlang_builtins_mercurial_ref__nlang_builtins_i32_genN_
typedef nlang_builtins_i32* _Ngen_nlang_builtins_mercurial_ref__nlang_builtins_i32_genN_;
#endif // HAS2__Ngen_nlang_builtins_mercurial_ref__nlang_builtins_i32_genN_
#ifndef HAS2__Ngen_nlang_builtins_mutable_ref__nlang_sysheap_heap_genN_
#define HAS2__Ngen_nlang_builtins_mutable_ref__nlang_sysheap_heap_genN_
struct nlang_sysheap_heap;
typedef struct nlang_sysheap_heap* _Ngen_nlang_builtins_mutable_ref__nlang_sysheap_heap_genN_;
#endif // HAS2__Ngen_nlang_builtins_mutable_ref__nlang_sysheap_heap_genN_
#ifndef HAS2__Ngen_nlang_builtins_mercurial_ref__nlang_builtins_u8_genN_
#define HAS2__Ngen_nlang_builtins_mercurial_ref__nlang_builtins_u8_genN_
typedef nlang_builtins_u8* _Ngen_nlang_builtins_mercurial_ref__nlang_builtins_u8_genN_;
#endif // HAS2__Ngen_nlang_builtins_mercurial_ref__nlang_builtins_u8_genN_
#ifndef HAS2__Ngen_nlang_sysheap_heap_alloc__nlang_builtins_i32_genN_
#define HAS2__Ngen_nlang_sysheap_heap_alloc__nlang_builtins_i32_genN_
static inline _Ngen_nlang_builtins_mercurial_ref__nlang_builtins_i32_genN_ _Ngen_nlang_sysheap_heap_alloc__nlang_builtins_i32_genN_(_Ngen_nlang_builtins_mutable_ref__nlang_sysheap_heap_genN_ self) __attribute__((__nonnull__(1)));
#endif // HAS2__Ngen_nlang_sysheap_heap_alloc__nlang_builtins_i32_genN_
#define NLANG_DEFINE_FUNCTIONS
# include "lib/nlang/module.n.h.out"
#undef NLANG_DEFINE_FUNCTIONS

#define NLANG_DEFINE_FUNCTIONS
# include "lib/nlang/sysheap.n.h.out"
#undef NLANG_DEFINE_FUNCTIONS

#define NLANG_DEFINE_FUNCTIONS
# include "t02/alloc.n.h.out"
#undef NLANG_DEFINE_FUNCTIONS
#ifndef HAS3__Ngen_nlang_builtins_mercurial_ref__nlang_builtins_i32_genN_
#define HAS3__Ngen_nlang_builtins_mercurial_ref__nlang_builtins_i32_genN_
typedef nlang_builtins_i32* _Ngen_nlang_builtins_mercurial_ref__nlang_builtins_i32_genN_;
#endif // HAS3__Ngen_nlang_builtins_mercurial_ref__nlang_builtins_i32_genN_
#ifndef HAS3__Ngen_nlang_builtins_mutable_ref__nlang_sysheap_heap_genN_
#define HAS3__Ngen_nlang_builtins_mutable_ref__nlang_sysheap_heap_genN_
struct nlang_sysheap_heap;
typedef struct nlang_sysheap_heap* _Ngen_nlang_builtins_mutable_ref__nlang_sysheap_heap_genN_;
#endif // HAS3__Ngen_nlang_builtins_mutable_ref__nlang_sysheap_heap_genN_
#ifndef HAS3__Ngen_nlang_builtins_mercurial_ref__nlang_builtins_u8_genN_
#define HAS3__Ngen_nlang_builtins_mercurial_ref__nlang_builtins_u8_genN_
typedef nlang_builtins_u8* _Ngen_nlang_builtins_mercurial_ref__nlang_builtins_u8_genN_;
#endif // HAS3__Ngen_nlang_builtins_mercurial_ref__nlang_builtins_u8_genN_
#ifndef HAS3__Ngen_nlang_sysheap_heap_alloc__nlang_builtins_i32_genN_
#define HAS3__Ngen_nlang_sysheap_heap_alloc__nlang_builtins_i32_genN_
static inline _Ngen_nlang_builtins_mercurial_ref__nlang_builtins_i32_genN_ _Ngen_nlang_sysheap_heap_alloc__nlang_builtins_i32_genN_(_Ngen_nlang_builtins_mutable_ref__nlang_sysheap_heap_genN_ self) {
#define THIS(x) nlang_sysheap_heap##x
 {
_Ngen_nlang_builtins_mercurial_ref__nlang_builtins_u8_genN_ raw = nlang_sysheap_realloc(NULL, (nlang_builtins_size)0, sizeof(nlang_builtins_i32));
;
return (_Ngen_nlang_builtins_mercurial_ref__nlang_builtins_i32_genN_)(raw);
}
#undef THIS
}
#endif // HAS3__Ngen_nlang_sysheap_heap_alloc__nlang_builtins_i32_genN_
nlang_builtins_i32 _Nmain(void) {
 {
_Ngen_nlang_builtins_mercurial_ref__nlang_builtins_i32_genN_ p = _Ngen_nlang_sysheap_heap_alloc__nlang_builtins_i32_genN_(((&nlang_sysheap_sysheap)));
;
((*p)) = (nlang_builtins_i32)1;
return (((*p)) - (nlang_builtins_i32)1);
}
}
void t02_alloc_Nrunexamples(void) __attribute__((section(".text.nlang.examples")));
void t02_alloc_Nrunexamples(void) {
}
