from nlang import *
from nlang.strings import *
fun foo = _nretval:string
  return nlang.strings.string.from_static_string 'test'

export fun main = i32
  and _Ngensym0:nlang.chars.static_string  such
    say block 
  _Ngensym0 = 'test'
  @_Ngensym0;;
  and _Ngensym1:nlang.strings.string  such
    say block 
  _Ngensym1 = foo
  @_Ngensym1;;
  return 0
