#include <lib/nlang/runtime.h>
#define NLANG_DECLARE_TYPES
# include "lib/nlang/module.n.h.out"
#undef NLANG_DECLARE_TYPES

#define NLANG_DECLARE_TYPES
# include "lib/nlang/vectors.n.h.out"
#undef NLANG_DECLARE_TYPES

#define NLANG_DECLARE_TYPES
# include "t02/vector.n.h.out"
#undef NLANG_DECLARE_TYPES
#ifndef HAS0__Ngen_nlang_builtins__Ni_array_ctor__nlang_builtins_i32_genN_
#define HAS0__Ngen_nlang_builtins__Ni_array_ctor__nlang_builtins_i32_genN_
struct _Ndyn__Ngen_nlang_builtins__Ni_array_ctor__nlang_builtins_i32_genN_;
struct _Ngen_nlang_builtins__Ni_array_ctor__nlang_builtins_i32_genN_;
typedef struct _Ngen_nlang_builtins__Ni_array_ctor__nlang_builtins_i32_genN_ _Ngen_nlang_builtins__Ni_array_ctor__nlang_builtins_i32_genN_;
#endif // HAS0__Ngen_nlang_builtins__Ni_array_ctor__nlang_builtins_i32_genN_
#ifndef HAS0__Ngen_nlang_builtins_nullable_mercurial_ref__nlang_builtins_i32_genN_
#define HAS0__Ngen_nlang_builtins_nullable_mercurial_ref__nlang_builtins_i32_genN_
typedef nlang_builtins_i32* _Ngen_nlang_builtins_nullable_mercurial_ref__nlang_builtins_i32_genN_;
#endif // HAS0__Ngen_nlang_builtins_nullable_mercurial_ref__nlang_builtins_i32_genN_
#ifndef HAS0__Ngen_nlang_memory_slice__nlang_builtins_i32_genN_
#define HAS0__Ngen_nlang_memory_slice__nlang_builtins_i32_genN_
struct _Ngen_nlang_memory_slice__nlang_builtins_i32_genN_;
typedef struct _Ngen_nlang_memory_slice__nlang_builtins_i32_genN_ _Ngen_nlang_memory_slice__nlang_builtins_i32_genN_;
#ifndef HAS0__Ngen_nlang_builtins_mercurial_ref__nlang_builtins_i32_genN_
#define HAS0__Ngen_nlang_builtins_mercurial_ref__nlang_builtins_i32_genN_
typedef nlang_builtins_i32* _Ngen_nlang_builtins_mercurial_ref__nlang_builtins_i32_genN_;
#endif // HAS0__Ngen_nlang_builtins_mercurial_ref__nlang_builtins_i32_genN_
#ifndef HAS0__Ngen_nlang_builtins_mercurial_ref___Ngen_nlang_memory_slice__nlang_builtins_i32_genN__genN_
#define HAS0__Ngen_nlang_builtins_mercurial_ref___Ngen_nlang_memory_slice__nlang_builtins_i32_genN__genN_
struct _Ngen_nlang_memory_slice__nlang_builtins_i32_genN_;
typedef struct _Ngen_nlang_memory_slice__nlang_builtins_i32_genN_* _Ngen_nlang_builtins_mercurial_ref___Ngen_nlang_memory_slice__nlang_builtins_i32_genN__genN_;
#endif // HAS0__Ngen_nlang_builtins_mercurial_ref___Ngen_nlang_memory_slice__nlang_builtins_i32_genN__genN_
;
#ifndef HAS0__Ngen_nlang_builtins_ref___Ngen_nlang_memory_slice__nlang_builtins_i32_genN__genN_
#define HAS0__Ngen_nlang_builtins_ref___Ngen_nlang_memory_slice__nlang_builtins_i32_genN__genN_
struct _Ngen_nlang_memory_slice__nlang_builtins_i32_genN_;
typedef const struct _Ngen_nlang_memory_slice__nlang_builtins_i32_genN_* _Ngen_nlang_builtins_ref___Ngen_nlang_memory_slice__nlang_builtins_i32_genN__genN_;
#endif // HAS0__Ngen_nlang_builtins_ref___Ngen_nlang_memory_slice__nlang_builtins_i32_genN__genN_
;
#ifndef HAS0__Ngen_nlang_builtins_mercurial_ref__nlang_builtins_u8_genN_
#define HAS0__Ngen_nlang_builtins_mercurial_ref__nlang_builtins_u8_genN_
typedef nlang_builtins_u8* _Ngen_nlang_builtins_mercurial_ref__nlang_builtins_u8_genN_;
#endif // HAS0__Ngen_nlang_builtins_mercurial_ref__nlang_builtins_u8_genN_
#ifndef HAS0__Ngen_nlang_builtins_nullable_ref__nlang_builtins_i32_genN_
#define HAS0__Ngen_nlang_builtins_nullable_ref__nlang_builtins_i32_genN_
typedef const nlang_builtins_i32* _Ngen_nlang_builtins_nullable_ref__nlang_builtins_i32_genN_;
#endif // HAS0__Ngen_nlang_builtins_nullable_ref__nlang_builtins_i32_genN_
#ifndef HAS0__Ngen_nlang_builtins_ref__nlang_builtins_u8_genN_
#define HAS0__Ngen_nlang_builtins_ref__nlang_builtins_u8_genN_
typedef const nlang_builtins_u8* _Ngen_nlang_builtins_ref__nlang_builtins_u8_genN_;
#endif // HAS0__Ngen_nlang_builtins_ref__nlang_builtins_u8_genN_
;
#endif // HAS0__Ngen_nlang_memory_slice__nlang_builtins_i32_genN_
#ifndef HAS0__Ngen_nlang_vectors_vector__nlang_builtins_i32_genN_
#define HAS0__Ngen_nlang_vectors_vector__nlang_builtins_i32_genN_
struct _Ngen_nlang_vectors_vector__nlang_builtins_i32_genN_;
typedef struct _Ngen_nlang_vectors_vector__nlang_builtins_i32_genN_ _Ngen_nlang_vectors_vector__nlang_builtins_i32_genN_;
#ifndef HAS0__Ngen_nlang_builtins_nullable_mutable_ref__nlang_builtins_i32_genN_
#define HAS0__Ngen_nlang_builtins_nullable_mutable_ref__nlang_builtins_i32_genN_
typedef nlang_builtins_i32* _Ngen_nlang_builtins_nullable_mutable_ref__nlang_builtins_i32_genN_;
#endif // HAS0__Ngen_nlang_builtins_nullable_mutable_ref__nlang_builtins_i32_genN_
#ifndef HAS0__Ngen_nlang_builtins__Ni_trivial_array_ctor__nlang_builtins_i32_genN_
#define HAS0__Ngen_nlang_builtins__Ni_trivial_array_ctor__nlang_builtins_i32_genN_
struct _Ndyn__Ngen_nlang_builtins__Ni_trivial_array_ctor__nlang_builtins_i32_genN_;
struct _Ngen_nlang_builtins__Ni_trivial_array_ctor__nlang_builtins_i32_genN_;
typedef struct _Ngen_nlang_builtins__Ni_trivial_array_ctor__nlang_builtins_i32_genN_ _Ngen_nlang_builtins__Ni_trivial_array_ctor__nlang_builtins_i32_genN_;
#endif // HAS0__Ngen_nlang_builtins__Ni_trivial_array_ctor__nlang_builtins_i32_genN_
#ifndef HAS0__Ngen_nlang_builtins_static_array__nlang_builtins_i32_genN_
#define HAS0__Ngen_nlang_builtins_static_array__nlang_builtins_i32_genN_
struct _Ngen_nlang_builtins_static_array__nlang_builtins_i32_genN_;
typedef struct _Ngen_nlang_builtins_static_array__nlang_builtins_i32_genN_ _Ngen_nlang_builtins_static_array__nlang_builtins_i32_genN_;
#ifndef HAS0__Ngen_nlang_builtins_ref___Ngen_nlang_builtins_static_array__nlang_builtins_i32_genN__genN_
#define HAS0__Ngen_nlang_builtins_ref___Ngen_nlang_builtins_static_array__nlang_builtins_i32_genN__genN_
struct _Ngen_nlang_builtins_static_array__nlang_builtins_i32_genN_;
typedef const struct _Ngen_nlang_builtins_static_array__nlang_builtins_i32_genN_* _Ngen_nlang_builtins_ref___Ngen_nlang_builtins_static_array__nlang_builtins_i32_genN__genN_;
#endif // HAS0__Ngen_nlang_builtins_ref___Ngen_nlang_builtins_static_array__nlang_builtins_i32_genN__genN_
;
#ifndef HAS0__Ngen_nlang_builtins_mercurial_ref___Ngen_nlang_builtins_static_array__nlang_builtins_i32_genN__genN_
#define HAS0__Ngen_nlang_builtins_mercurial_ref___Ngen_nlang_builtins_static_array__nlang_builtins_i32_genN__genN_
struct _Ngen_nlang_builtins_static_array__nlang_builtins_i32_genN_;
typedef struct _Ngen_nlang_builtins_static_array__nlang_builtins_i32_genN_* _Ngen_nlang_builtins_mercurial_ref___Ngen_nlang_builtins_static_array__nlang_builtins_i32_genN__genN_;
#endif // HAS0__Ngen_nlang_builtins_mercurial_ref___Ngen_nlang_builtins_static_array__nlang_builtins_i32_genN__genN_
;
#endif // HAS0__Ngen_nlang_builtins_static_array__nlang_builtins_i32_genN_
#ifndef HAS0__Ngen_nlang_builtins_mercurial_ref___Ngen_nlang_vectors_vector__nlang_builtins_i32_genN__genN_
#define HAS0__Ngen_nlang_builtins_mercurial_ref___Ngen_nlang_vectors_vector__nlang_builtins_i32_genN__genN_
struct _Ngen_nlang_vectors_vector__nlang_builtins_i32_genN_;
typedef struct _Ngen_nlang_vectors_vector__nlang_builtins_i32_genN_* _Ngen_nlang_builtins_mercurial_ref___Ngen_nlang_vectors_vector__nlang_builtins_i32_genN__genN_;
#endif // HAS0__Ngen_nlang_builtins_mercurial_ref___Ngen_nlang_vectors_vector__nlang_builtins_i32_genN__genN_
#ifndef HAS0__Ngen_nlang_builtins_mutable_ref__nlang_containers_index_iterator_genN_
#define HAS0__Ngen_nlang_builtins_mutable_ref__nlang_containers_index_iterator_genN_
struct nlang_containers_index_iterator;
typedef struct nlang_containers_index_iterator* _Ngen_nlang_builtins_mutable_ref__nlang_containers_index_iterator_genN_;
#endif // HAS0__Ngen_nlang_builtins_mutable_ref__nlang_containers_index_iterator_genN_
#ifndef HAS0__Ngen_nlang_builtins_mutable_ref___Ngen_nlang_builtins_static_array__nlang_builtins_i32_genN__genN_
#define HAS0__Ngen_nlang_builtins_mutable_ref___Ngen_nlang_builtins_static_array__nlang_builtins_i32_genN__genN_
struct _Ngen_nlang_builtins_static_array__nlang_builtins_i32_genN_;
typedef struct _Ngen_nlang_builtins_static_array__nlang_builtins_i32_genN_* _Ngen_nlang_builtins_mutable_ref___Ngen_nlang_builtins_static_array__nlang_builtins_i32_genN__genN_;
#endif // HAS0__Ngen_nlang_builtins_mutable_ref___Ngen_nlang_builtins_static_array__nlang_builtins_i32_genN__genN_
#ifndef HAS0__Ngen_nlang_builtins_mutable_ref__nlang_builtins_u8_genN_
#define HAS0__Ngen_nlang_builtins_mutable_ref__nlang_builtins_u8_genN_
typedef nlang_builtins_u8* _Ngen_nlang_builtins_mutable_ref__nlang_builtins_u8_genN_;
#endif // HAS0__Ngen_nlang_builtins_mutable_ref__nlang_builtins_u8_genN_
#ifndef HAS0__Ngen_nlang_builtins_ref__nlang_builtins_i32_genN_
#define HAS0__Ngen_nlang_builtins_ref__nlang_builtins_i32_genN_
typedef const nlang_builtins_i32* _Ngen_nlang_builtins_ref__nlang_builtins_i32_genN_;
#endif // HAS0__Ngen_nlang_builtins_ref__nlang_builtins_i32_genN_
#ifndef HAS0__Ngen_nlang_builtins_ref__nlang_containers_index_range_genN_
#define HAS0__Ngen_nlang_builtins_ref__nlang_containers_index_range_genN_
struct nlang_containers_index_range;
typedef const struct nlang_containers_index_range* _Ngen_nlang_builtins_ref__nlang_containers_index_range_genN_;
#endif // HAS0__Ngen_nlang_builtins_ref__nlang_containers_index_range_genN_
;
#ifndef HAS0__Ngen_nlang_builtins_ref___Ngen_nlang_vectors_vector__nlang_builtins_i32_genN__genN_
#define HAS0__Ngen_nlang_builtins_ref___Ngen_nlang_vectors_vector__nlang_builtins_i32_genN__genN_
struct _Ngen_nlang_vectors_vector__nlang_builtins_i32_genN_;
typedef const struct _Ngen_nlang_vectors_vector__nlang_builtins_i32_genN_* _Ngen_nlang_builtins_ref___Ngen_nlang_vectors_vector__nlang_builtins_i32_genN__genN_;
#endif // HAS0__Ngen_nlang_builtins_ref___Ngen_nlang_vectors_vector__nlang_builtins_i32_genN__genN_
;
#ifndef HAS0__Ngen_nlang_builtins_mutable_ref__nlang_sysheap_heap_genN_
#define HAS0__Ngen_nlang_builtins_mutable_ref__nlang_sysheap_heap_genN_
struct nlang_sysheap_heap;
typedef struct nlang_sysheap_heap* _Ngen_nlang_builtins_mutable_ref__nlang_sysheap_heap_genN_;
#endif // HAS0__Ngen_nlang_builtins_mutable_ref__nlang_sysheap_heap_genN_
;
#endif // HAS0__Ngen_nlang_vectors_vector__nlang_builtins_i32_genN_


#ifndef HAS0__Ngen_nlang_builtins_ref__nlang_builtins_size_genN_
#define HAS0__Ngen_nlang_builtins_ref__nlang_builtins_size_genN_
typedef const nlang_builtins_size* _Ngen_nlang_builtins_ref__nlang_builtins_size_genN_;
#endif // HAS0__Ngen_nlang_builtins_ref__nlang_builtins_size_genN_
#ifndef HAS0__Ngen_nlang_builtins_ref__nlang_builtins_u32_genN_
#define HAS0__Ngen_nlang_builtins_ref__nlang_builtins_u32_genN_
typedef const nlang_builtins_u32* _Ngen_nlang_builtins_ref__nlang_builtins_u32_genN_;
#endif // HAS0__Ngen_nlang_builtins_ref__nlang_builtins_u32_genN_
#define NLANG_DEFINE_TYPES
# include "lib/nlang/module.n.h.out"
#undef NLANG_DEFINE_TYPES

#define NLANG_DEFINE_TYPES
# include "lib/nlang/vectors.n.h.out"
#undef NLANG_DEFINE_TYPES

#define NLANG_DEFINE_TYPES
# include "t02/vector.n.h.out"
#undef NLANG_DEFINE_TYPES
#ifndef HAS1__Ngen_nlang_builtins__Ni_array_ctor__nlang_builtins_i32_genN_
#define HAS1__Ngen_nlang_builtins__Ni_array_ctor__nlang_builtins_i32_genN_
struct _Ndyn__Ngen_nlang_builtins__Ni_array_ctor__nlang_builtins_i32_genN_ {
nlang_builtins_void (*ctorv)(void *self, _Ngen_nlang_builtins_ref___Ngen_nlang_builtins_static_array__nlang_builtins_i32_genN__genN_ c);
void (*mkv)(_Ngen_nlang_builtins_ref___Ngen_nlang_builtins_static_array__nlang_builtins_i32_genN__genN_ c, _Ngen_nlang_builtins__Ni_array_ctor__nlang_builtins_i32_genN_ *_nrtr_r);
_Ngen_nlang_builtins__Ni_array_ctor__nlang_builtins_i32_genN_ (*newv)(_Ngen_nlang_builtins_ref___Ngen_nlang_builtins_static_array__nlang_builtins_i32_genN__genN_ c);
};
struct _Ngen_nlang_builtins__Ni_array_ctor__nlang_builtins_i32_genN_ {
const struct _Ndyn__Ngen_nlang_builtins__Ni_array_ctor__nlang_builtins_i32_genN_ *vptr;
void *obj;
};
#endif // HAS1__Ngen_nlang_builtins__Ni_array_ctor__nlang_builtins_i32_genN_
#ifndef HAS1__Ngen_nlang_memory_slice__nlang_builtins_i32_genN_
#define HAS1__Ngen_nlang_memory_slice__nlang_builtins_i32_genN_
struct _Ngen_nlang_memory_slice__nlang_builtins_i32_genN_ {
_Ngen_nlang_builtins_nullable_mercurial_ref__nlang_builtins_i32_genN_ d;
nlang_builtins_size c;
}
;
#endif // HAS1__Ngen_nlang_memory_slice__nlang_builtins_i32_genN_
#ifndef HAS1__Ngen_nlang_vectors_vector__nlang_builtins_i32_genN_
#define HAS1__Ngen_nlang_vectors_vector__nlang_builtins_i32_genN_
#ifndef HAS1__Ngen_nlang_builtins__Ni_trivial_array_ctor__nlang_builtins_i32_genN_
#define HAS1__Ngen_nlang_builtins__Ni_trivial_array_ctor__nlang_builtins_i32_genN_
struct _Ndyn__Ngen_nlang_builtins__Ni_trivial_array_ctor__nlang_builtins_i32_genN_ {
nlang_builtins_void (*ctorv)(void *self, _Ngen_nlang_builtins_ref___Ngen_nlang_builtins_static_array__nlang_builtins_i32_genN__genN_ c);
void (*mkv)(_Ngen_nlang_builtins_ref___Ngen_nlang_builtins_static_array__nlang_builtins_i32_genN__genN_ c, _Ngen_nlang_builtins__Ni_array_ctor__nlang_builtins_i32_genN_ *_nrtr_r);
_Ngen_nlang_builtins__Ni_array_ctor__nlang_builtins_i32_genN_ (*newv)(_Ngen_nlang_builtins_ref___Ngen_nlang_builtins_static_array__nlang_builtins_i32_genN__genN_ c);
};
struct _Ngen_nlang_builtins__Ni_trivial_array_ctor__nlang_builtins_i32_genN_ {
const struct _Ndyn__Ngen_nlang_builtins__Ni_trivial_array_ctor__nlang_builtins_i32_genN_ *vptr;
void *obj;
};
#endif // HAS1__Ngen_nlang_builtins__Ni_trivial_array_ctor__nlang_builtins_i32_genN_
#ifndef HAS1__Ngen_nlang_builtins_static_array__nlang_builtins_i32_genN_
#define HAS1__Ngen_nlang_builtins_static_array__nlang_builtins_i32_genN_
struct _Ngen_nlang_builtins_static_array__nlang_builtins_i32_genN_ {
_Ngen_nlang_builtins_nullable_mutable_ref__nlang_builtins_i32_genN_ d;
nlang_builtins_size c;
}
;
#endif // HAS1__Ngen_nlang_builtins_static_array__nlang_builtins_i32_genN_
;
struct _Ngen_nlang_vectors_vector__nlang_builtins_i32_genN_ {
_Ngen_nlang_memory_slice__nlang_builtins_i32_genN_ p;
nlang_builtins_size c;
}
;
#endif // HAS1__Ngen_nlang_vectors_vector__nlang_builtins_i32_genN_


#define NLANG_DECLARE_FUNCTIONS
# include "lib/nlang/module.n.h.out"
#undef NLANG_DECLARE_FUNCTIONS

#define NLANG_DECLARE_FUNCTIONS
# include "lib/nlang/vectors.n.h.out"
#undef NLANG_DECLARE_FUNCTIONS

#define NLANG_DECLARE_FUNCTIONS
# include "t02/vector.n.h.out"
#undef NLANG_DECLARE_FUNCTIONS
#ifndef HAS2__Ngen_nlang_builtins__Ni_array_ctor__nlang_builtins_i32_genN_
#define HAS2__Ngen_nlang_builtins__Ni_array_ctor__nlang_builtins_i32_genN_
nlang_builtins_void _Ngen_nlang_builtins__Ni_array_ctor__nlang_builtins_i32_genN__ctorv(_Ngen_nlang_builtins__Ni_array_ctor__nlang_builtins_i32_genN_ self, _Ngen_nlang_builtins_ref___Ngen_nlang_builtins_static_array__nlang_builtins_i32_genN__genN_ c);
void _Ngen_nlang_builtins__Ni_array_ctor__nlang_builtins_i32_genN__mkv(_Ngen_nlang_builtins__Ni_array_ctor__nlang_builtins_i32_genN_ self, _Ngen_nlang_builtins_ref___Ngen_nlang_builtins_static_array__nlang_builtins_i32_genN__genN_ c, _Ngen_nlang_builtins__Ni_array_ctor__nlang_builtins_i32_genN_ *_nrtr_r);
_Ngen_nlang_builtins__Ni_array_ctor__nlang_builtins_i32_genN_ _Ngen_nlang_builtins__Ni_array_ctor__nlang_builtins_i32_genN__newv(_Ngen_nlang_builtins__Ni_array_ctor__nlang_builtins_i32_genN_ self, _Ngen_nlang_builtins_ref___Ngen_nlang_builtins_static_array__nlang_builtins_i32_genN__genN_ c);
#endif // HAS2__Ngen_nlang_builtins__Ni_array_ctor__nlang_builtins_i32_genN_
#ifndef HAS2__Ngen_nlang_builtins_nullable_mercurial_ref__nlang_builtins_i32_genN_
#define HAS2__Ngen_nlang_builtins_nullable_mercurial_ref__nlang_builtins_i32_genN_
typedef nlang_builtins_i32* _Ngen_nlang_builtins_nullable_mercurial_ref__nlang_builtins_i32_genN_;
#endif // HAS2__Ngen_nlang_builtins_nullable_mercurial_ref__nlang_builtins_i32_genN_
#ifndef HAS2__Ngen_nlang_memory_slice__nlang_builtins_i32_genN_
#define HAS2__Ngen_nlang_memory_slice__nlang_builtins_i32_genN_
#ifndef HAS2__Ngen_nlang_builtins_mercurial_ref__nlang_builtins_i32_genN_
#define HAS2__Ngen_nlang_builtins_mercurial_ref__nlang_builtins_i32_genN_
typedef nlang_builtins_i32* _Ngen_nlang_builtins_mercurial_ref__nlang_builtins_i32_genN_;
#endif // HAS2__Ngen_nlang_builtins_mercurial_ref__nlang_builtins_i32_genN_
#ifndef HAS2__Ngen_nlang_builtins_mercurial_ref___Ngen_nlang_memory_slice__nlang_builtins_i32_genN__genN_
#define HAS2__Ngen_nlang_builtins_mercurial_ref___Ngen_nlang_memory_slice__nlang_builtins_i32_genN__genN_
struct _Ngen_nlang_memory_slice__nlang_builtins_i32_genN_;
typedef struct _Ngen_nlang_memory_slice__nlang_builtins_i32_genN_* _Ngen_nlang_builtins_mercurial_ref___Ngen_nlang_memory_slice__nlang_builtins_i32_genN__genN_;
#endif // HAS2__Ngen_nlang_builtins_mercurial_ref___Ngen_nlang_memory_slice__nlang_builtins_i32_genN__genN_
#ifndef HAS2__Ngen_nlang_memory_slice__nlang_builtins_i32_genN__unsafe_wrap
#define HAS2__Ngen_nlang_memory_slice__nlang_builtins_i32_genN__unsafe_wrap
static inline nlang_builtins_void _Ngen_nlang_memory_slice__nlang_builtins_i32_genN__unsafe_wrap(_Ngen_nlang_builtins_mercurial_ref___Ngen_nlang_memory_slice__nlang_builtins_i32_genN__genN_ self, _Ngen_nlang_builtins_mercurial_ref__nlang_builtins_i32_genN_ data, nlang_builtins_size count) __attribute__((__nonnull__(1, 2)));
#endif // HAS2__Ngen_nlang_memory_slice__nlang_builtins_i32_genN__unsafe_wrap
;
#ifndef HAS2__Ngen_nlang_builtins_ref___Ngen_nlang_memory_slice__nlang_builtins_i32_genN__genN_
#define HAS2__Ngen_nlang_builtins_ref___Ngen_nlang_memory_slice__nlang_builtins_i32_genN__genN_
struct _Ngen_nlang_memory_slice__nlang_builtins_i32_genN_;
typedef const struct _Ngen_nlang_memory_slice__nlang_builtins_i32_genN_* _Ngen_nlang_builtins_ref___Ngen_nlang_memory_slice__nlang_builtins_i32_genN__genN_;
#endif // HAS2__Ngen_nlang_builtins_ref___Ngen_nlang_memory_slice__nlang_builtins_i32_genN__genN_
#ifndef HAS2__Ngen_nlang_memory_slice__nlang_builtins_i32_genN__count
#define HAS2__Ngen_nlang_memory_slice__nlang_builtins_i32_genN__count
static inline nlang_builtins_size _Ngen_nlang_memory_slice__nlang_builtins_i32_genN__count(_Ngen_nlang_builtins_ref___Ngen_nlang_memory_slice__nlang_builtins_i32_genN__genN_ self) __attribute__((__nonnull__(1)));
#endif // HAS2__Ngen_nlang_memory_slice__nlang_builtins_i32_genN__count
;
#ifndef HAS2__Ngen_nlang_memory_slice__nlang_builtins_i32_genN__bytecount
#define HAS2__Ngen_nlang_memory_slice__nlang_builtins_i32_genN__bytecount
static inline nlang_builtins_size _Ngen_nlang_memory_slice__nlang_builtins_i32_genN__bytecount(_Ngen_nlang_builtins_ref___Ngen_nlang_memory_slice__nlang_builtins_i32_genN__genN_ self) __attribute__((__nonnull__(1)));
#endif // HAS2__Ngen_nlang_memory_slice__nlang_builtins_i32_genN__bytecount
;
#ifndef HAS2__Ngen_nlang_memory_slice__nlang_builtins_i32_genN__all
#define HAS2__Ngen_nlang_memory_slice__nlang_builtins_i32_genN__all
static inline nlang_containers_index_range _Ngen_nlang_memory_slice__nlang_builtins_i32_genN__all(_Ngen_nlang_builtins_ref___Ngen_nlang_memory_slice__nlang_builtins_i32_genN__genN_ self) __attribute__((__nonnull__(1)));
#endif // HAS2__Ngen_nlang_memory_slice__nlang_builtins_i32_genN__all
;
#ifndef HAS2__Ngen_nlang_builtins_mercurial_ref__nlang_builtins_u8_genN_
#define HAS2__Ngen_nlang_builtins_mercurial_ref__nlang_builtins_u8_genN_
typedef nlang_builtins_u8* _Ngen_nlang_builtins_mercurial_ref__nlang_builtins_u8_genN_;
#endif // HAS2__Ngen_nlang_builtins_mercurial_ref__nlang_builtins_u8_genN_
#ifndef HAS2__Ngen__Ngen_nlang_memory_slice__nlang_builtins_i32_genN__unsafe_rawdata__nlang_builtins_mercurial_ref_genN_
#define HAS2__Ngen__Ngen_nlang_memory_slice__nlang_builtins_i32_genN__unsafe_rawdata__nlang_builtins_mercurial_ref_genN_
static inline _Ngen_nlang_builtins_mercurial_ref__nlang_builtins_u8_genN_ _Ngen__Ngen_nlang_memory_slice__nlang_builtins_i32_genN__unsafe_rawdata__nlang_builtins_mercurial_ref_genN_(_Ngen_nlang_builtins_mercurial_ref___Ngen_nlang_memory_slice__nlang_builtins_i32_genN__genN_ self) __attribute__((__nonnull__(1)));
#endif // HAS2__Ngen__Ngen_nlang_memory_slice__nlang_builtins_i32_genN__unsafe_rawdata__nlang_builtins_mercurial_ref_genN_
#ifndef HAS2__Ngen_nlang_builtins_nullable_ref__nlang_builtins_i32_genN_
#define HAS2__Ngen_nlang_builtins_nullable_ref__nlang_builtins_i32_genN_
typedef const nlang_builtins_i32* _Ngen_nlang_builtins_nullable_ref__nlang_builtins_i32_genN_;
#endif // HAS2__Ngen_nlang_builtins_nullable_ref__nlang_builtins_i32_genN_
#ifndef HAS2__Ngen_nlang_builtins_ref__nlang_builtins_u8_genN_
#define HAS2__Ngen_nlang_builtins_ref__nlang_builtins_u8_genN_
typedef const nlang_builtins_u8* _Ngen_nlang_builtins_ref__nlang_builtins_u8_genN_;
#endif // HAS2__Ngen_nlang_builtins_ref__nlang_builtins_u8_genN_
#ifndef HAS2__Ngen__Ngen_nlang_memory_slice__nlang_builtins_i32_genN__unsafe_rawdata__nlang_builtins_ref_genN_
#define HAS2__Ngen__Ngen_nlang_memory_slice__nlang_builtins_i32_genN__unsafe_rawdata__nlang_builtins_ref_genN_
static inline _Ngen_nlang_builtins_ref__nlang_builtins_u8_genN_ _Ngen__Ngen_nlang_memory_slice__nlang_builtins_i32_genN__unsafe_rawdata__nlang_builtins_ref_genN_(_Ngen_nlang_builtins_ref___Ngen_nlang_memory_slice__nlang_builtins_i32_genN__genN_ self) __attribute__((__nonnull__(1)));
#endif // HAS2__Ngen__Ngen_nlang_memory_slice__nlang_builtins_i32_genN__unsafe_rawdata__nlang_builtins_ref_genN_
#ifndef HAS2__Ngen_nlang_memory_slice__nlang_builtins_i32_genN__copy
#define HAS2__Ngen_nlang_memory_slice__nlang_builtins_i32_genN__copy
static inline nlang_builtins_void _Ngen_nlang_memory_slice__nlang_builtins_i32_genN__copy(_Ngen_nlang_builtins_mercurial_ref___Ngen_nlang_memory_slice__nlang_builtins_i32_genN__genN_ self, nlang_builtins_size at, _Ngen_nlang_builtins_ref___Ngen_nlang_memory_slice__nlang_builtins_i32_genN__genN_ other, nlang_builtins_size off, nlang_builtins_size count) __attribute__((__nonnull__(1, 3)));
#endif // HAS2__Ngen_nlang_memory_slice__nlang_builtins_i32_genN__copy
;
#ifndef HAS2__Ngen_nlang_memory_slice__nlang_builtins_i32_genN__ctor
#define HAS2__Ngen_nlang_memory_slice__nlang_builtins_i32_genN__ctor
static inline nlang_builtins_void _Ngen_nlang_memory_slice__nlang_builtins_i32_genN__ctor(_Ngen_nlang_builtins_mercurial_ref___Ngen_nlang_memory_slice__nlang_builtins_i32_genN__genN_ self) __attribute__((__nonnull__(1)));
#endif // HAS2__Ngen_nlang_memory_slice__nlang_builtins_i32_genN__ctor
;
#ifndef HAS2__Ngen_nlang_memory_slice__nlang_builtins_i32_genN__mk
#define HAS2__Ngen_nlang_memory_slice__nlang_builtins_i32_genN__mk
static inline void _Ngen_nlang_memory_slice__nlang_builtins_i32_genN__mk(_Ngen_nlang_memory_slice__nlang_builtins_i32_genN_ *_nrtr_r);
#endif // HAS2__Ngen_nlang_memory_slice__nlang_builtins_i32_genN__mk
;
#ifndef HAS2__Ngen_nlang_memory_slice__nlang_builtins_i32_genN__new
#define HAS2__Ngen_nlang_memory_slice__nlang_builtins_i32_genN__new
static inline _Ngen_nlang_builtins_mercurial_ref___Ngen_nlang_memory_slice__nlang_builtins_i32_genN__genN_ _Ngen_nlang_memory_slice__nlang_builtins_i32_genN__new(void);
#endif // HAS2__Ngen_nlang_memory_slice__nlang_builtins_i32_genN__new
;
#ifndef HAS2__Ngen_nlang_memory_slice__nlang_builtins_i32_genN__copy_ctor
#define HAS2__Ngen_nlang_memory_slice__nlang_builtins_i32_genN__copy_ctor
static inline nlang_builtins_void _Ngen_nlang_memory_slice__nlang_builtins_i32_genN__copy_ctor(_Ngen_nlang_builtins_mercurial_ref___Ngen_nlang_memory_slice__nlang_builtins_i32_genN__genN_ self, _Ngen_nlang_builtins_ref___Ngen_nlang_memory_slice__nlang_builtins_i32_genN__genN_ other) __attribute__((__nonnull__(1, 2)));
#endif // HAS2__Ngen_nlang_memory_slice__nlang_builtins_i32_genN__copy_ctor
;
#endif // HAS2__Ngen_nlang_memory_slice__nlang_builtins_i32_genN_
#ifndef HAS2__Ngen_nlang_vectors_vector__nlang_builtins_i32_genN_
#define HAS2__Ngen_nlang_vectors_vector__nlang_builtins_i32_genN_
#ifndef HAS2__Ngen_nlang_builtins_nullable_mutable_ref__nlang_builtins_i32_genN_
#define HAS2__Ngen_nlang_builtins_nullable_mutable_ref__nlang_builtins_i32_genN_
typedef nlang_builtins_i32* _Ngen_nlang_builtins_nullable_mutable_ref__nlang_builtins_i32_genN_;
#endif // HAS2__Ngen_nlang_builtins_nullable_mutable_ref__nlang_builtins_i32_genN_
#ifndef HAS2__Ngen_nlang_builtins__Ni_trivial_array_ctor__nlang_builtins_i32_genN_
#define HAS2__Ngen_nlang_builtins__Ni_trivial_array_ctor__nlang_builtins_i32_genN_
#endif // HAS2__Ngen_nlang_builtins__Ni_trivial_array_ctor__nlang_builtins_i32_genN_
#ifndef HAS2__Ngen_nlang_builtins_static_array__nlang_builtins_i32_genN_
#define HAS2__Ngen_nlang_builtins_static_array__nlang_builtins_i32_genN_
#ifndef HAS2__Ngen_nlang_builtins_ref___Ngen_nlang_builtins_static_array__nlang_builtins_i32_genN__genN_
#define HAS2__Ngen_nlang_builtins_ref___Ngen_nlang_builtins_static_array__nlang_builtins_i32_genN__genN_
struct _Ngen_nlang_builtins_static_array__nlang_builtins_i32_genN_;
typedef const struct _Ngen_nlang_builtins_static_array__nlang_builtins_i32_genN_* _Ngen_nlang_builtins_ref___Ngen_nlang_builtins_static_array__nlang_builtins_i32_genN__genN_;
#endif // HAS2__Ngen_nlang_builtins_ref___Ngen_nlang_builtins_static_array__nlang_builtins_i32_genN__genN_
#ifndef HAS2__Ngen_nlang_builtins_static_array__nlang_builtins_i32_genN__count
#define HAS2__Ngen_nlang_builtins_static_array__nlang_builtins_i32_genN__count
static inline nlang_builtins_size _Ngen_nlang_builtins_static_array__nlang_builtins_i32_genN__count(_Ngen_nlang_builtins_ref___Ngen_nlang_builtins_static_array__nlang_builtins_i32_genN__genN_ self) __attribute__((__nonnull__(1)));
#endif // HAS2__Ngen_nlang_builtins_static_array__nlang_builtins_i32_genN__count
;
#ifndef HAS2__Ngen_nlang_builtins_static_array__nlang_builtins_i32_genN__bytecount
#define HAS2__Ngen_nlang_builtins_static_array__nlang_builtins_i32_genN__bytecount
static inline nlang_builtins_size _Ngen_nlang_builtins_static_array__nlang_builtins_i32_genN__bytecount(_Ngen_nlang_builtins_ref___Ngen_nlang_builtins_static_array__nlang_builtins_i32_genN__genN_ self) __attribute__((__nonnull__(1)));
#endif // HAS2__Ngen_nlang_builtins_static_array__nlang_builtins_i32_genN__bytecount
;
#ifndef HAS2__Ngen_nlang_builtins_static_array__nlang_builtins_i32_genN__all
#define HAS2__Ngen_nlang_builtins_static_array__nlang_builtins_i32_genN__all
static inline nlang_containers_index_range _Ngen_nlang_builtins_static_array__nlang_builtins_i32_genN__all(_Ngen_nlang_builtins_ref___Ngen_nlang_builtins_static_array__nlang_builtins_i32_genN__genN_ self) __attribute__((__nonnull__(1)));
#endif // HAS2__Ngen_nlang_builtins_static_array__nlang_builtins_i32_genN__all
;
#ifndef HAS2__Ngen_nlang_builtins_mercurial_ref___Ngen_nlang_builtins_static_array__nlang_builtins_i32_genN__genN_
#define HAS2__Ngen_nlang_builtins_mercurial_ref___Ngen_nlang_builtins_static_array__nlang_builtins_i32_genN__genN_
struct _Ngen_nlang_builtins_static_array__nlang_builtins_i32_genN_;
typedef struct _Ngen_nlang_builtins_static_array__nlang_builtins_i32_genN_* _Ngen_nlang_builtins_mercurial_ref___Ngen_nlang_builtins_static_array__nlang_builtins_i32_genN__genN_;
#endif // HAS2__Ngen_nlang_builtins_mercurial_ref___Ngen_nlang_builtins_static_array__nlang_builtins_i32_genN__genN_
#ifndef HAS2__Ngen_nlang_builtins_static_array__nlang_builtins_i32_genN__ctor
#define HAS2__Ngen_nlang_builtins_static_array__nlang_builtins_i32_genN__ctor
static inline nlang_builtins_void _Ngen_nlang_builtins_static_array__nlang_builtins_i32_genN__ctor(_Ngen_nlang_builtins_mercurial_ref___Ngen_nlang_builtins_static_array__nlang_builtins_i32_genN__genN_ self) __attribute__((__nonnull__(1)));
#endif // HAS2__Ngen_nlang_builtins_static_array__nlang_builtins_i32_genN__ctor
;
#ifndef HAS2__Ngen_nlang_builtins_static_array__nlang_builtins_i32_genN__mk
#define HAS2__Ngen_nlang_builtins_static_array__nlang_builtins_i32_genN__mk
static inline _Ngen_nlang_builtins_static_array__nlang_builtins_i32_genN_ _Ngen_nlang_builtins_static_array__nlang_builtins_i32_genN__mk(void);
#endif // HAS2__Ngen_nlang_builtins_static_array__nlang_builtins_i32_genN__mk
;
#ifndef HAS2__Ngen_nlang_builtins_static_array__nlang_builtins_i32_genN__new
#define HAS2__Ngen_nlang_builtins_static_array__nlang_builtins_i32_genN__new
static inline _Ngen_nlang_builtins_mercurial_ref___Ngen_nlang_builtins_static_array__nlang_builtins_i32_genN__genN_ _Ngen_nlang_builtins_static_array__nlang_builtins_i32_genN__new(void);
#endif // HAS2__Ngen_nlang_builtins_static_array__nlang_builtins_i32_genN__new
;
#ifndef HAS2__Ngen_nlang_builtins_static_array__nlang_builtins_i32_genN__copy_ctor
#define HAS2__Ngen_nlang_builtins_static_array__nlang_builtins_i32_genN__copy_ctor
static inline nlang_builtins_void _Ngen_nlang_builtins_static_array__nlang_builtins_i32_genN__copy_ctor(_Ngen_nlang_builtins_mercurial_ref___Ngen_nlang_builtins_static_array__nlang_builtins_i32_genN__genN_ self, _Ngen_nlang_builtins_ref___Ngen_nlang_builtins_static_array__nlang_builtins_i32_genN__genN_ other) __attribute__((__nonnull__(1, 2)));
#endif // HAS2__Ngen_nlang_builtins_static_array__nlang_builtins_i32_genN__copy_ctor
;
#endif // HAS2__Ngen_nlang_builtins_static_array__nlang_builtins_i32_genN_
#ifndef HAS2__Ngen_nlang_builtins_mercurial_ref___Ngen_nlang_vectors_vector__nlang_builtins_i32_genN__genN_
#define HAS2__Ngen_nlang_builtins_mercurial_ref___Ngen_nlang_vectors_vector__nlang_builtins_i32_genN__genN_
struct _Ngen_nlang_vectors_vector__nlang_builtins_i32_genN_;
typedef struct _Ngen_nlang_vectors_vector__nlang_builtins_i32_genN_* _Ngen_nlang_builtins_mercurial_ref___Ngen_nlang_vectors_vector__nlang_builtins_i32_genN__genN_;
#endif // HAS2__Ngen_nlang_builtins_mercurial_ref___Ngen_nlang_vectors_vector__nlang_builtins_i32_genN__genN_
#ifndef HAS2__Ngen_nlang_builtins_mutable_ref__nlang_containers_index_iterator_genN_
#define HAS2__Ngen_nlang_builtins_mutable_ref__nlang_containers_index_iterator_genN_
struct nlang_containers_index_iterator;
typedef struct nlang_containers_index_iterator* _Ngen_nlang_builtins_mutable_ref__nlang_containers_index_iterator_genN_;
#endif // HAS2__Ngen_nlang_builtins_mutable_ref__nlang_containers_index_iterator_genN_
#ifndef HAS2__Ngen_nlang_builtins_mutable_ref___Ngen_nlang_builtins_static_array__nlang_builtins_i32_genN__genN_
#define HAS2__Ngen_nlang_builtins_mutable_ref___Ngen_nlang_builtins_static_array__nlang_builtins_i32_genN__genN_
struct _Ngen_nlang_builtins_static_array__nlang_builtins_i32_genN_;
typedef struct _Ngen_nlang_builtins_static_array__nlang_builtins_i32_genN_* _Ngen_nlang_builtins_mutable_ref___Ngen_nlang_builtins_static_array__nlang_builtins_i32_genN__genN_;
#endif // HAS2__Ngen_nlang_builtins_mutable_ref___Ngen_nlang_builtins_static_array__nlang_builtins_i32_genN__genN_
#ifndef HAS2__Ngen_nlang_builtins_mutable_ref__nlang_builtins_u8_genN_
#define HAS2__Ngen_nlang_builtins_mutable_ref__nlang_builtins_u8_genN_
typedef nlang_builtins_u8* _Ngen_nlang_builtins_mutable_ref__nlang_builtins_u8_genN_;
#endif // HAS2__Ngen_nlang_builtins_mutable_ref__nlang_builtins_u8_genN_
#ifndef HAS2__Ngen__Ngen_nlang_builtins_static_array__nlang_builtins_i32_genN__unsafe_rawdata__nlang_builtins_mutable_ref_genN_
#define HAS2__Ngen__Ngen_nlang_builtins_static_array__nlang_builtins_i32_genN__unsafe_rawdata__nlang_builtins_mutable_ref_genN_
static inline _Ngen_nlang_builtins_mutable_ref__nlang_builtins_u8_genN_ _Ngen__Ngen_nlang_builtins_static_array__nlang_builtins_i32_genN__unsafe_rawdata__nlang_builtins_mutable_ref_genN_(_Ngen_nlang_builtins_mutable_ref___Ngen_nlang_builtins_static_array__nlang_builtins_i32_genN__genN_ self) __attribute__((__nonnull__(1)));
#endif // HAS2__Ngen__Ngen_nlang_builtins_static_array__nlang_builtins_i32_genN__unsafe_rawdata__nlang_builtins_mutable_ref_genN_
#ifndef HAS2__Ngen_nlang_builtins_ref__nlang_builtins_i32_genN_
#define HAS2__Ngen_nlang_builtins_ref__nlang_builtins_i32_genN_
typedef const nlang_builtins_i32* _Ngen_nlang_builtins_ref__nlang_builtins_i32_genN_;
#endif // HAS2__Ngen_nlang_builtins_ref__nlang_builtins_i32_genN_
#ifndef HAS2__Ngen__Ngen_nlang_builtins_static_array__nlang_builtins_i32_genN__at__nlang_builtins_ref_genN_
#define HAS2__Ngen__Ngen_nlang_builtins_static_array__nlang_builtins_i32_genN__at__nlang_builtins_ref_genN_
static inline _Ngen_nlang_builtins_ref__nlang_builtins_i32_genN_ _Ngen__Ngen_nlang_builtins_static_array__nlang_builtins_i32_genN__at__nlang_builtins_ref_genN_(_Ngen_nlang_builtins_ref___Ngen_nlang_builtins_static_array__nlang_builtins_i32_genN__genN_ self, nlang_builtins_size n) __attribute__((__nonnull__(1)));
#endif // HAS2__Ngen__Ngen_nlang_builtins_static_array__nlang_builtins_i32_genN__at__nlang_builtins_ref_genN_
#ifndef HAS2__Ngen_nlang_builtins_ref__nlang_containers_index_range_genN_
#define HAS2__Ngen_nlang_builtins_ref__nlang_containers_index_range_genN_
struct nlang_containers_index_range;
typedef const struct nlang_containers_index_range* _Ngen_nlang_builtins_ref__nlang_containers_index_range_genN_;
#endif // HAS2__Ngen_nlang_builtins_ref__nlang_containers_index_range_genN_
#ifndef HAS2__Ngen_nlang_vectors_vector__nlang_builtins_i32_genN__ctorv
#define HAS2__Ngen_nlang_vectors_vector__nlang_builtins_i32_genN__ctorv
static inline nlang_builtins_void _Ngen_nlang_vectors_vector__nlang_builtins_i32_genN__ctorv(_Ngen_nlang_builtins_mercurial_ref___Ngen_nlang_vectors_vector__nlang_builtins_i32_genN__genN_ self, _Ngen_nlang_builtins_ref___Ngen_nlang_builtins_static_array__nlang_builtins_i32_genN__genN_ c) __attribute__((__nonnull__(1, 2)));
#endif // HAS2__Ngen_nlang_vectors_vector__nlang_builtins_i32_genN__ctorv
;
#ifndef HAS2__Ngen_nlang_builtins_ref___Ngen_nlang_vectors_vector__nlang_builtins_i32_genN__genN_
#define HAS2__Ngen_nlang_builtins_ref___Ngen_nlang_vectors_vector__nlang_builtins_i32_genN__genN_
struct _Ngen_nlang_vectors_vector__nlang_builtins_i32_genN_;
typedef const struct _Ngen_nlang_vectors_vector__nlang_builtins_i32_genN_* _Ngen_nlang_builtins_ref___Ngen_nlang_vectors_vector__nlang_builtins_i32_genN__genN_;
#endif // HAS2__Ngen_nlang_builtins_ref___Ngen_nlang_vectors_vector__nlang_builtins_i32_genN__genN_
#ifndef HAS2__Ngen_nlang_vectors_vector__nlang_builtins_i32_genN__count
#define HAS2__Ngen_nlang_vectors_vector__nlang_builtins_i32_genN__count
static inline nlang_builtins_size _Ngen_nlang_vectors_vector__nlang_builtins_i32_genN__count(_Ngen_nlang_builtins_ref___Ngen_nlang_vectors_vector__nlang_builtins_i32_genN__genN_ self) __attribute__((__nonnull__(1)));
#endif // HAS2__Ngen_nlang_vectors_vector__nlang_builtins_i32_genN__count
;
#ifndef HAS2__Ngen_nlang_vectors_vector__nlang_builtins_i32_genN__is_empty
#define HAS2__Ngen_nlang_vectors_vector__nlang_builtins_i32_genN__is_empty
static inline nlang_builtins_bool _Ngen_nlang_vectors_vector__nlang_builtins_i32_genN__is_empty(_Ngen_nlang_builtins_ref___Ngen_nlang_vectors_vector__nlang_builtins_i32_genN__genN_ self) __attribute__((__nonnull__(1)));
#endif // HAS2__Ngen_nlang_vectors_vector__nlang_builtins_i32_genN__is_empty
;
#ifndef HAS2__Ngen_nlang_vectors_vector__nlang_builtins_i32_genN__capacity
#define HAS2__Ngen_nlang_vectors_vector__nlang_builtins_i32_genN__capacity
static inline nlang_builtins_size _Ngen_nlang_vectors_vector__nlang_builtins_i32_genN__capacity(_Ngen_nlang_builtins_ref___Ngen_nlang_vectors_vector__nlang_builtins_i32_genN__genN_ self) __attribute__((__nonnull__(1)));
#endif // HAS2__Ngen_nlang_vectors_vector__nlang_builtins_i32_genN__capacity
;
#ifndef HAS2__Ngen_nlang_builtins_mutable_ref__nlang_sysheap_heap_genN_
#define HAS2__Ngen_nlang_builtins_mutable_ref__nlang_sysheap_heap_genN_
struct nlang_sysheap_heap;
typedef struct nlang_sysheap_heap* _Ngen_nlang_builtins_mutable_ref__nlang_sysheap_heap_genN_;
#endif // HAS2__Ngen_nlang_builtins_mutable_ref__nlang_sysheap_heap_genN_
#ifndef HAS2__Ngen_nlang_sysheap_heap_slice_realloc__nlang_builtins_i32_genN_
#define HAS2__Ngen_nlang_sysheap_heap_slice_realloc__nlang_builtins_i32_genN_
static inline nlang_builtins_void _Ngen_nlang_sysheap_heap_slice_realloc__nlang_builtins_i32_genN_(_Ngen_nlang_builtins_mutable_ref__nlang_sysheap_heap_genN_ self, _Ngen_nlang_builtins_mercurial_ref___Ngen_nlang_memory_slice__nlang_builtins_i32_genN__genN_ s, nlang_builtins_size count) __attribute__((__nonnull__(1, 2)));
#endif // HAS2__Ngen_nlang_sysheap_heap_slice_realloc__nlang_builtins_i32_genN_
#ifndef HAS2__Ngen_nlang_vectors_vector__nlang_builtins_i32_genN__reserve
#define HAS2__Ngen_nlang_vectors_vector__nlang_builtins_i32_genN__reserve
static inline nlang_builtins_void _Ngen_nlang_vectors_vector__nlang_builtins_i32_genN__reserve(_Ngen_nlang_builtins_mercurial_ref___Ngen_nlang_vectors_vector__nlang_builtins_i32_genN__genN_ self, nlang_builtins_size n) __attribute__((__nonnull__(1)));
#endif // HAS2__Ngen_nlang_vectors_vector__nlang_builtins_i32_genN__reserve
;
#ifndef HAS2__Ngen_nlang_vectors_vector__nlang_builtins_i32_genN__resize
#define HAS2__Ngen_nlang_vectors_vector__nlang_builtins_i32_genN__resize
static inline nlang_builtins_void _Ngen_nlang_vectors_vector__nlang_builtins_i32_genN__resize(_Ngen_nlang_builtins_mercurial_ref___Ngen_nlang_vectors_vector__nlang_builtins_i32_genN__genN_ self, nlang_builtins_size n) __attribute__((__nonnull__(1)));
#endif // HAS2__Ngen_nlang_vectors_vector__nlang_builtins_i32_genN__resize
;
#ifndef HAS2__Ngen__Ngen_nlang_memory_slice__nlang_builtins_i32_genN__at__nlang_builtins_mercurial_ref_genN_
#define HAS2__Ngen__Ngen_nlang_memory_slice__nlang_builtins_i32_genN__at__nlang_builtins_mercurial_ref_genN_
static inline _Ngen_nlang_builtins_mercurial_ref__nlang_builtins_i32_genN_ _Ngen__Ngen_nlang_memory_slice__nlang_builtins_i32_genN__at__nlang_builtins_mercurial_ref_genN_(_Ngen_nlang_builtins_mercurial_ref___Ngen_nlang_memory_slice__nlang_builtins_i32_genN__genN_ self, nlang_builtins_size n) __attribute__((__nonnull__(1)));
#endif // HAS2__Ngen__Ngen_nlang_memory_slice__nlang_builtins_i32_genN__at__nlang_builtins_mercurial_ref_genN_
#ifndef HAS2__Ngen__Ngen_nlang_vectors_vector__nlang_builtins_i32_genN__at__nlang_builtins_mercurial_ref_genN_
#define HAS2__Ngen__Ngen_nlang_vectors_vector__nlang_builtins_i32_genN__at__nlang_builtins_mercurial_ref_genN_
static inline _Ngen_nlang_builtins_mercurial_ref__nlang_builtins_i32_genN_ _Ngen__Ngen_nlang_vectors_vector__nlang_builtins_i32_genN__at__nlang_builtins_mercurial_ref_genN_(_Ngen_nlang_builtins_mercurial_ref___Ngen_nlang_vectors_vector__nlang_builtins_i32_genN__genN_ self, nlang_builtins_size n) __attribute__((__nonnull__(1)));
#endif // HAS2__Ngen__Ngen_nlang_vectors_vector__nlang_builtins_i32_genN__at__nlang_builtins_mercurial_ref_genN_
#ifndef HAS2__Ngen_nlang_vectors_vector__nlang_builtins_i32_genN__push
#define HAS2__Ngen_nlang_vectors_vector__nlang_builtins_i32_genN__push
static inline nlang_builtins_void _Ngen_nlang_vectors_vector__nlang_builtins_i32_genN__push(_Ngen_nlang_builtins_mercurial_ref___Ngen_nlang_vectors_vector__nlang_builtins_i32_genN__genN_ self, nlang_builtins_i32 x) __attribute__((__nonnull__(1)));
#endif // HAS2__Ngen_nlang_vectors_vector__nlang_builtins_i32_genN__push
;
#ifndef HAS2__Ngen__Ngen_nlang_vectors_vector__nlang_builtins_i32_genN__last__nlang_builtins_mercurial_ref_genN_
#define HAS2__Ngen__Ngen_nlang_vectors_vector__nlang_builtins_i32_genN__last__nlang_builtins_mercurial_ref_genN_
static inline _Ngen_nlang_builtins_mercurial_ref__nlang_builtins_i32_genN_ _Ngen__Ngen_nlang_vectors_vector__nlang_builtins_i32_genN__last__nlang_builtins_mercurial_ref_genN_(_Ngen_nlang_builtins_mercurial_ref___Ngen_nlang_vectors_vector__nlang_builtins_i32_genN__genN_ self) __attribute__((__nonnull__(1)));
#endif // HAS2__Ngen__Ngen_nlang_vectors_vector__nlang_builtins_i32_genN__last__nlang_builtins_mercurial_ref_genN_
#ifndef HAS2__Ngen_nlang_vectors_vector__nlang_builtins_i32_genN__pop
#define HAS2__Ngen_nlang_vectors_vector__nlang_builtins_i32_genN__pop
static inline nlang_builtins_i32 _Ngen_nlang_vectors_vector__nlang_builtins_i32_genN__pop(_Ngen_nlang_builtins_mercurial_ref___Ngen_nlang_vectors_vector__nlang_builtins_i32_genN__genN_ self) __attribute__((__nonnull__(1)));
#endif // HAS2__Ngen_nlang_vectors_vector__nlang_builtins_i32_genN__pop
;
#ifndef HAS2__Ngen_nlang_sysheap_heap_slice_free__nlang_builtins_i32_genN_
#define HAS2__Ngen_nlang_sysheap_heap_slice_free__nlang_builtins_i32_genN_
static inline nlang_builtins_void _Ngen_nlang_sysheap_heap_slice_free__nlang_builtins_i32_genN_(_Ngen_nlang_builtins_mutable_ref__nlang_sysheap_heap_genN_ self, _Ngen_nlang_builtins_mercurial_ref___Ngen_nlang_memory_slice__nlang_builtins_i32_genN__genN_ s) __attribute__((__nonnull__(1, 2)));
#endif // HAS2__Ngen_nlang_sysheap_heap_slice_free__nlang_builtins_i32_genN_
#ifndef HAS2__Ngen_nlang_vectors_vector__nlang_builtins_i32_genN__clear
#define HAS2__Ngen_nlang_vectors_vector__nlang_builtins_i32_genN__clear
static inline nlang_builtins_void _Ngen_nlang_vectors_vector__nlang_builtins_i32_genN__clear(_Ngen_nlang_builtins_mercurial_ref___Ngen_nlang_vectors_vector__nlang_builtins_i32_genN__genN_ self) __attribute__((__nonnull__(1)));
#endif // HAS2__Ngen_nlang_vectors_vector__nlang_builtins_i32_genN__clear
;
#ifndef HAS2__Ngen_nlang_vectors_vector__nlang_builtins_i32_genN__all
#define HAS2__Ngen_nlang_vectors_vector__nlang_builtins_i32_genN__all
static inline nlang_containers_index_range _Ngen_nlang_vectors_vector__nlang_builtins_i32_genN__all(_Ngen_nlang_builtins_ref___Ngen_nlang_vectors_vector__nlang_builtins_i32_genN__genN_ self) __attribute__((__nonnull__(1)));
#endif // HAS2__Ngen_nlang_vectors_vector__nlang_builtins_i32_genN__all
;
#ifndef HAS2__Ngen_nlang_vectors_vector__nlang_builtins_i32_genN__copy_ctor
#define HAS2__Ngen_nlang_vectors_vector__nlang_builtins_i32_genN__copy_ctor
static inline nlang_builtins_void _Ngen_nlang_vectors_vector__nlang_builtins_i32_genN__copy_ctor(_Ngen_nlang_builtins_mercurial_ref___Ngen_nlang_vectors_vector__nlang_builtins_i32_genN__genN_ self, _Ngen_nlang_builtins_ref___Ngen_nlang_vectors_vector__nlang_builtins_i32_genN__genN_ other) __attribute__((__nonnull__(1, 2)));
#endif // HAS2__Ngen_nlang_vectors_vector__nlang_builtins_i32_genN__copy_ctor
;
#ifndef HAS2__Ngen_nlang_vectors_vector__nlang_builtins_i32_genN__append_slice
#define HAS2__Ngen_nlang_vectors_vector__nlang_builtins_i32_genN__append_slice
static inline nlang_builtins_void _Ngen_nlang_vectors_vector__nlang_builtins_i32_genN__append_slice(_Ngen_nlang_builtins_mercurial_ref___Ngen_nlang_vectors_vector__nlang_builtins_i32_genN__genN_ self, _Ngen_nlang_builtins_ref___Ngen_nlang_memory_slice__nlang_builtins_i32_genN__genN_ other) __attribute__((__nonnull__(1, 2)));
#endif // HAS2__Ngen_nlang_vectors_vector__nlang_builtins_i32_genN__append_slice
;
#ifndef HAS2__Ngen_nlang_vectors_vector__nlang_builtins_i32_genN__ctor
#define HAS2__Ngen_nlang_vectors_vector__nlang_builtins_i32_genN__ctor
static inline nlang_builtins_void _Ngen_nlang_vectors_vector__nlang_builtins_i32_genN__ctor(_Ngen_nlang_builtins_mercurial_ref___Ngen_nlang_vectors_vector__nlang_builtins_i32_genN__genN_ self) __attribute__((__nonnull__(1)));
#endif // HAS2__Ngen_nlang_vectors_vector__nlang_builtins_i32_genN__ctor
;
#ifndef HAS2__Ngen_nlang_vectors_vector__nlang_builtins_i32_genN__mk
#define HAS2__Ngen_nlang_vectors_vector__nlang_builtins_i32_genN__mk
static inline void _Ngen_nlang_vectors_vector__nlang_builtins_i32_genN__mk(_Ngen_nlang_vectors_vector__nlang_builtins_i32_genN_ *_nrtr_r);
#endif // HAS2__Ngen_nlang_vectors_vector__nlang_builtins_i32_genN__mk
;
#ifndef HAS2__Ngen_nlang_vectors_vector__nlang_builtins_i32_genN__new
#define HAS2__Ngen_nlang_vectors_vector__nlang_builtins_i32_genN__new
static inline _Ngen_nlang_builtins_mercurial_ref___Ngen_nlang_vectors_vector__nlang_builtins_i32_genN__genN_ _Ngen_nlang_vectors_vector__nlang_builtins_i32_genN__new(void);
#endif // HAS2__Ngen_nlang_vectors_vector__nlang_builtins_i32_genN__new
;
#ifndef HAS2__Ngen_nlang_vectors_vector__nlang_builtins_i32_genN__mkv
#define HAS2__Ngen_nlang_vectors_vector__nlang_builtins_i32_genN__mkv
static inline void _Ngen_nlang_vectors_vector__nlang_builtins_i32_genN__mkv(_Ngen_nlang_builtins_ref___Ngen_nlang_builtins_static_array__nlang_builtins_i32_genN__genN_ c, _Ngen_nlang_vectors_vector__nlang_builtins_i32_genN_ *_nrtr_r) __attribute__((__nonnull__(1)));
#endif // HAS2__Ngen_nlang_vectors_vector__nlang_builtins_i32_genN__mkv
;
#ifndef HAS2__Ngen_nlang_vectors_vector__nlang_builtins_i32_genN__newv
#define HAS2__Ngen_nlang_vectors_vector__nlang_builtins_i32_genN__newv
static inline _Ngen_nlang_builtins_mercurial_ref___Ngen_nlang_vectors_vector__nlang_builtins_i32_genN__genN_ _Ngen_nlang_vectors_vector__nlang_builtins_i32_genN__newv(_Ngen_nlang_builtins_ref___Ngen_nlang_builtins_static_array__nlang_builtins_i32_genN__genN_ c) __attribute__((__nonnull__(1)));
#endif // HAS2__Ngen_nlang_vectors_vector__nlang_builtins_i32_genN__newv
;
#endif // HAS2__Ngen_nlang_vectors_vector__nlang_builtins_i32_genN_

static void t02_vector_foo(_Ngen_nlang_vectors_vector__nlang_builtins_i32_genN_ *_nrtr__nretval);

#ifndef HAS2__Ngen_nlang_builtins_ref__nlang_builtins_size_genN_
#define HAS2__Ngen_nlang_builtins_ref__nlang_builtins_size_genN_
typedef const nlang_builtins_size* _Ngen_nlang_builtins_ref__nlang_builtins_size_genN_;
#endif // HAS2__Ngen_nlang_builtins_ref__nlang_builtins_size_genN_
#ifndef HAS2__Ngen__Ngen_nlang_memory_slice__nlang_builtins_i32_genN__at__nlang_builtins_ref_genN_
#define HAS2__Ngen__Ngen_nlang_memory_slice__nlang_builtins_i32_genN__at__nlang_builtins_ref_genN_
static inline _Ngen_nlang_builtins_ref__nlang_builtins_i32_genN_ _Ngen__Ngen_nlang_memory_slice__nlang_builtins_i32_genN__at__nlang_builtins_ref_genN_(_Ngen_nlang_builtins_ref___Ngen_nlang_memory_slice__nlang_builtins_i32_genN__genN_ self, nlang_builtins_size n) __attribute__((__nonnull__(1)));
#endif // HAS2__Ngen__Ngen_nlang_memory_slice__nlang_builtins_i32_genN__at__nlang_builtins_ref_genN_
#ifndef HAS2__Ngen__Ngen_nlang_vectors_vector__nlang_builtins_i32_genN__at__nlang_builtins_ref_genN_
#define HAS2__Ngen__Ngen_nlang_vectors_vector__nlang_builtins_i32_genN__at__nlang_builtins_ref_genN_
static inline _Ngen_nlang_builtins_ref__nlang_builtins_i32_genN_ _Ngen__Ngen_nlang_vectors_vector__nlang_builtins_i32_genN__at__nlang_builtins_ref_genN_(_Ngen_nlang_builtins_ref___Ngen_nlang_vectors_vector__nlang_builtins_i32_genN__genN_ self, nlang_builtins_size n) __attribute__((__nonnull__(1)));
#endif // HAS2__Ngen__Ngen_nlang_vectors_vector__nlang_builtins_i32_genN__at__nlang_builtins_ref_genN_
#ifndef HAS2__Ngen_nlang_builtins_ref__nlang_builtins_u32_genN_
#define HAS2__Ngen_nlang_builtins_ref__nlang_builtins_u32_genN_
typedef const nlang_builtins_u32* _Ngen_nlang_builtins_ref__nlang_builtins_u32_genN_;
#endif // HAS2__Ngen_nlang_builtins_ref__nlang_builtins_u32_genN_
#define NLANG_DEFINE_FUNCTIONS
# include "lib/nlang/module.n.h.out"
#undef NLANG_DEFINE_FUNCTIONS

#define NLANG_DEFINE_FUNCTIONS
# include "lib/nlang/vectors.n.h.out"
#undef NLANG_DEFINE_FUNCTIONS

#define NLANG_DEFINE_FUNCTIONS
# include "t02/vector.n.h.out"
#undef NLANG_DEFINE_FUNCTIONS
#ifndef HAS3__Ngen_nlang_builtins__Ni_array_ctor__nlang_builtins_i32_genN_
#define HAS3__Ngen_nlang_builtins__Ni_array_ctor__nlang_builtins_i32_genN_
nlang_builtins_void _Ngen_nlang_builtins__Ni_array_ctor__nlang_builtins_i32_genN__ctorv(_Ngen_nlang_builtins__Ni_array_ctor__nlang_builtins_i32_genN_ self, _Ngen_nlang_builtins_ref___Ngen_nlang_builtins_static_array__nlang_builtins_i32_genN__genN_ c) {
self.vptr->ctorv(self.obj, c);
}
void _Ngen_nlang_builtins__Ni_array_ctor__nlang_builtins_i32_genN__mkv(_Ngen_nlang_builtins__Ni_array_ctor__nlang_builtins_i32_genN_ self, _Ngen_nlang_builtins_ref___Ngen_nlang_builtins_static_array__nlang_builtins_i32_genN__genN_ c, _Ngen_nlang_builtins__Ni_array_ctor__nlang_builtins_i32_genN_ *_nrtr_r) {
self.vptr->mkv(c, _nrtr_r);
}
_Ngen_nlang_builtins__Ni_array_ctor__nlang_builtins_i32_genN_ _Ngen_nlang_builtins__Ni_array_ctor__nlang_builtins_i32_genN__newv(_Ngen_nlang_builtins__Ni_array_ctor__nlang_builtins_i32_genN_ self, _Ngen_nlang_builtins_ref___Ngen_nlang_builtins_static_array__nlang_builtins_i32_genN__genN_ c) {
return self.vptr->newv(c);
}
#endif // HAS3__Ngen_nlang_builtins__Ni_array_ctor__nlang_builtins_i32_genN_
#ifndef HAS3__Ngen_nlang_builtins_nullable_mercurial_ref__nlang_builtins_i32_genN_
#define HAS3__Ngen_nlang_builtins_nullable_mercurial_ref__nlang_builtins_i32_genN_
typedef nlang_builtins_i32* _Ngen_nlang_builtins_nullable_mercurial_ref__nlang_builtins_i32_genN_;
#endif // HAS3__Ngen_nlang_builtins_nullable_mercurial_ref__nlang_builtins_i32_genN_
#ifndef HAS3__Ngen_nlang_memory_slice__nlang_builtins_i32_genN_
#define HAS3__Ngen_nlang_memory_slice__nlang_builtins_i32_genN_
#ifndef HAS3__Ngen_nlang_builtins_mercurial_ref__nlang_builtins_i32_genN_
#define HAS3__Ngen_nlang_builtins_mercurial_ref__nlang_builtins_i32_genN_
typedef nlang_builtins_i32* _Ngen_nlang_builtins_mercurial_ref__nlang_builtins_i32_genN_;
#endif // HAS3__Ngen_nlang_builtins_mercurial_ref__nlang_builtins_i32_genN_
#ifndef HAS3__Ngen_nlang_builtins_mercurial_ref___Ngen_nlang_memory_slice__nlang_builtins_i32_genN__genN_
#define HAS3__Ngen_nlang_builtins_mercurial_ref___Ngen_nlang_memory_slice__nlang_builtins_i32_genN__genN_
struct _Ngen_nlang_memory_slice__nlang_builtins_i32_genN_;
typedef struct _Ngen_nlang_memory_slice__nlang_builtins_i32_genN_* _Ngen_nlang_builtins_mercurial_ref___Ngen_nlang_memory_slice__nlang_builtins_i32_genN__genN_;
#endif // HAS3__Ngen_nlang_builtins_mercurial_ref___Ngen_nlang_memory_slice__nlang_builtins_i32_genN__genN_
#ifndef HAS3__Ngen_nlang_memory_slice__nlang_builtins_i32_genN__unsafe_wrap
#define HAS3__Ngen_nlang_memory_slice__nlang_builtins_i32_genN__unsafe_wrap
static inline nlang_builtins_void _Ngen_nlang_memory_slice__nlang_builtins_i32_genN__unsafe_wrap(_Ngen_nlang_builtins_mercurial_ref___Ngen_nlang_memory_slice__nlang_builtins_i32_genN__genN_ self, _Ngen_nlang_builtins_mercurial_ref__nlang_builtins_i32_genN_ data, nlang_builtins_size count) {
#define THIS(x) _Ngen_nlang_memory_slice__nlang_builtins_i32_genN_##x
 {
(self->d) = data;
(self->c) = count;
}
#undef THIS
}
#endif // HAS3__Ngen_nlang_memory_slice__nlang_builtins_i32_genN__unsafe_wrap
;
#ifndef HAS3__Ngen_nlang_builtins_ref___Ngen_nlang_memory_slice__nlang_builtins_i32_genN__genN_
#define HAS3__Ngen_nlang_builtins_ref___Ngen_nlang_memory_slice__nlang_builtins_i32_genN__genN_
struct _Ngen_nlang_memory_slice__nlang_builtins_i32_genN_;
typedef const struct _Ngen_nlang_memory_slice__nlang_builtins_i32_genN_* _Ngen_nlang_builtins_ref___Ngen_nlang_memory_slice__nlang_builtins_i32_genN__genN_;
#endif // HAS3__Ngen_nlang_builtins_ref___Ngen_nlang_memory_slice__nlang_builtins_i32_genN__genN_
#ifndef HAS3__Ngen_nlang_memory_slice__nlang_builtins_i32_genN__count
#define HAS3__Ngen_nlang_memory_slice__nlang_builtins_i32_genN__count
static inline nlang_builtins_size _Ngen_nlang_memory_slice__nlang_builtins_i32_genN__count(_Ngen_nlang_builtins_ref___Ngen_nlang_memory_slice__nlang_builtins_i32_genN__genN_ self) {
#define THIS(x) _Ngen_nlang_memory_slice__nlang_builtins_i32_genN_##x
 {
return (self->c);
}
#undef THIS
}
#endif // HAS3__Ngen_nlang_memory_slice__nlang_builtins_i32_genN__count
;
#ifndef HAS3__Ngen_nlang_memory_slice__nlang_builtins_i32_genN__bytecount
#define HAS3__Ngen_nlang_memory_slice__nlang_builtins_i32_genN__bytecount
static inline nlang_builtins_size _Ngen_nlang_memory_slice__nlang_builtins_i32_genN__bytecount(_Ngen_nlang_builtins_ref___Ngen_nlang_memory_slice__nlang_builtins_i32_genN__genN_ self) {
#define THIS(x) _Ngen_nlang_memory_slice__nlang_builtins_i32_genN_##x
 {
return ((self->c) * sizeof(nlang_builtins_i32));
}
#undef THIS
}
#endif // HAS3__Ngen_nlang_memory_slice__nlang_builtins_i32_genN__bytecount
;
#ifndef HAS3__Ngen_nlang_memory_slice__nlang_builtins_i32_genN__all
#define HAS3__Ngen_nlang_memory_slice__nlang_builtins_i32_genN__all
static inline nlang_containers_index_range _Ngen_nlang_memory_slice__nlang_builtins_i32_genN__all(_Ngen_nlang_builtins_ref___Ngen_nlang_memory_slice__nlang_builtins_i32_genN__genN_ self) {
#define THIS(x) _Ngen_nlang_memory_slice__nlang_builtins_i32_genN_##x
 {
return nlang_containers_range((nlang_builtins_size)0, (self->c));
}
#undef THIS
}
#endif // HAS3__Ngen_nlang_memory_slice__nlang_builtins_i32_genN__all
;
#ifndef HAS3__Ngen_nlang_builtins_mercurial_ref__nlang_builtins_u8_genN_
#define HAS3__Ngen_nlang_builtins_mercurial_ref__nlang_builtins_u8_genN_
typedef nlang_builtins_u8* _Ngen_nlang_builtins_mercurial_ref__nlang_builtins_u8_genN_;
#endif // HAS3__Ngen_nlang_builtins_mercurial_ref__nlang_builtins_u8_genN_
#ifndef HAS3__Ngen__Ngen_nlang_memory_slice__nlang_builtins_i32_genN__unsafe_rawdata__nlang_builtins_mercurial_ref_genN_
#define HAS3__Ngen__Ngen_nlang_memory_slice__nlang_builtins_i32_genN__unsafe_rawdata__nlang_builtins_mercurial_ref_genN_
static inline _Ngen_nlang_builtins_mercurial_ref__nlang_builtins_u8_genN_ _Ngen__Ngen_nlang_memory_slice__nlang_builtins_i32_genN__unsafe_rawdata__nlang_builtins_mercurial_ref_genN_(_Ngen_nlang_builtins_mercurial_ref___Ngen_nlang_memory_slice__nlang_builtins_i32_genN__genN_ self) {
#define THIS(x) _Ngen_nlang_memory_slice__nlang_builtins_i32_genN_##x
 {
nlang_builtins_assert(((self->c) != (nlang_builtins_size)0));
return (_Ngen_nlang_builtins_mercurial_ref__nlang_builtins_u8_genN_)((self->d));
}
#undef THIS
}
#endif // HAS3__Ngen__Ngen_nlang_memory_slice__nlang_builtins_i32_genN__unsafe_rawdata__nlang_builtins_mercurial_ref_genN_
#ifndef HAS3__Ngen_nlang_builtins_nullable_ref__nlang_builtins_i32_genN_
#define HAS3__Ngen_nlang_builtins_nullable_ref__nlang_builtins_i32_genN_
typedef const nlang_builtins_i32* _Ngen_nlang_builtins_nullable_ref__nlang_builtins_i32_genN_;
#endif // HAS3__Ngen_nlang_builtins_nullable_ref__nlang_builtins_i32_genN_
#ifndef HAS3__Ngen_nlang_builtins_ref__nlang_builtins_u8_genN_
#define HAS3__Ngen_nlang_builtins_ref__nlang_builtins_u8_genN_
typedef const nlang_builtins_u8* _Ngen_nlang_builtins_ref__nlang_builtins_u8_genN_;
#endif // HAS3__Ngen_nlang_builtins_ref__nlang_builtins_u8_genN_
#ifndef HAS3__Ngen__Ngen_nlang_memory_slice__nlang_builtins_i32_genN__unsafe_rawdata__nlang_builtins_ref_genN_
#define HAS3__Ngen__Ngen_nlang_memory_slice__nlang_builtins_i32_genN__unsafe_rawdata__nlang_builtins_ref_genN_
static inline _Ngen_nlang_builtins_ref__nlang_builtins_u8_genN_ _Ngen__Ngen_nlang_memory_slice__nlang_builtins_i32_genN__unsafe_rawdata__nlang_builtins_ref_genN_(_Ngen_nlang_builtins_ref___Ngen_nlang_memory_slice__nlang_builtins_i32_genN__genN_ self) {
#define THIS(x) _Ngen_nlang_memory_slice__nlang_builtins_i32_genN_##x
 {
nlang_builtins_assert(((self->c) != (nlang_builtins_size)0));
return (_Ngen_nlang_builtins_ref__nlang_builtins_u8_genN_)((self->d));
}
#undef THIS
}
#endif // HAS3__Ngen__Ngen_nlang_memory_slice__nlang_builtins_i32_genN__unsafe_rawdata__nlang_builtins_ref_genN_
#ifndef HAS3__Ngen_nlang_memory_slice__nlang_builtins_i32_genN__copy
#define HAS3__Ngen_nlang_memory_slice__nlang_builtins_i32_genN__copy
static inline nlang_builtins_void _Ngen_nlang_memory_slice__nlang_builtins_i32_genN__copy(_Ngen_nlang_builtins_mercurial_ref___Ngen_nlang_memory_slice__nlang_builtins_i32_genN__genN_ self, nlang_builtins_size at, _Ngen_nlang_builtins_ref___Ngen_nlang_memory_slice__nlang_builtins_i32_genN__genN_ other, nlang_builtins_size off, nlang_builtins_size count) {
#define THIS(x) _Ngen_nlang_memory_slice__nlang_builtins_i32_genN_##x
 {
nlang_builtins_assert(((off + count) <= _Ngen_nlang_memory_slice__nlang_builtins_i32_genN__count(other)));
nlang_builtins_assert(((at + count) <= _Ngen_nlang_memory_slice__nlang_builtins_i32_genN__count(self)));
nlang_builtins_size bat = (at * sizeof(nlang_builtins_i32));
;
nlang_builtins_size boff = (off * sizeof(nlang_builtins_i32));
;
nlang_builtins_size bsz = (count * sizeof(nlang_builtins_i32));
;
nlang_memory_slice_memcpy(_Ngen__Ngen_nlang_memory_slice__nlang_builtins_i32_genN__unsafe_rawdata__nlang_builtins_mercurial_ref_genN_(self), bat, _Ngen__Ngen_nlang_memory_slice__nlang_builtins_i32_genN__unsafe_rawdata__nlang_builtins_ref_genN_(other), boff, bsz);
}
#undef THIS
}
#endif // HAS3__Ngen_nlang_memory_slice__nlang_builtins_i32_genN__copy
;
#ifndef HAS3__Ngen_nlang_memory_slice__nlang_builtins_i32_genN__ctor
#define HAS3__Ngen_nlang_memory_slice__nlang_builtins_i32_genN__ctor
static inline nlang_builtins_void _Ngen_nlang_memory_slice__nlang_builtins_i32_genN__ctor(_Ngen_nlang_builtins_mercurial_ref___Ngen_nlang_memory_slice__nlang_builtins_i32_genN__genN_ self) {
#define THIS(x) _Ngen_nlang_memory_slice__nlang_builtins_i32_genN_##x
#undef THIS
}
#endif // HAS3__Ngen_nlang_memory_slice__nlang_builtins_i32_genN__ctor
;
#ifndef HAS3__Ngen_nlang_memory_slice__nlang_builtins_i32_genN__mk
#define HAS3__Ngen_nlang_memory_slice__nlang_builtins_i32_genN__mk
static inline void _Ngen_nlang_memory_slice__nlang_builtins_i32_genN__mk(_Ngen_nlang_memory_slice__nlang_builtins_i32_genN_ *_nrtr_r) {
#define THIS(x) _Ngen_nlang_memory_slice__nlang_builtins_i32_genN_##x
#define r (*_nrtr_r)
#undef r
#undef THIS
}
#endif // HAS3__Ngen_nlang_memory_slice__nlang_builtins_i32_genN__mk
;
#ifndef HAS3__Ngen_nlang_memory_slice__nlang_builtins_i32_genN__new
#define HAS3__Ngen_nlang_memory_slice__nlang_builtins_i32_genN__new
static inline _Ngen_nlang_builtins_mercurial_ref___Ngen_nlang_memory_slice__nlang_builtins_i32_genN__genN_ _Ngen_nlang_memory_slice__nlang_builtins_i32_genN__new(void) {
#define THIS(x) _Ngen_nlang_memory_slice__nlang_builtins_i32_genN_##x
return calloc(1, sizeof(THIS()));
#undef THIS
}
#endif // HAS3__Ngen_nlang_memory_slice__nlang_builtins_i32_genN__new
;
#ifndef HAS3__Ngen_nlang_memory_slice__nlang_builtins_i32_genN__copy_ctor
#define HAS3__Ngen_nlang_memory_slice__nlang_builtins_i32_genN__copy_ctor
static inline nlang_builtins_void _Ngen_nlang_memory_slice__nlang_builtins_i32_genN__copy_ctor(_Ngen_nlang_builtins_mercurial_ref___Ngen_nlang_memory_slice__nlang_builtins_i32_genN__genN_ self, _Ngen_nlang_builtins_ref___Ngen_nlang_memory_slice__nlang_builtins_i32_genN__genN_ other) {
#define THIS(x) _Ngen_nlang_memory_slice__nlang_builtins_i32_genN_##x
memcpy(self, other, sizeof(*self));
#undef THIS
}
#endif // HAS3__Ngen_nlang_memory_slice__nlang_builtins_i32_genN__copy_ctor
;
#endif // HAS3__Ngen_nlang_memory_slice__nlang_builtins_i32_genN_
#ifndef HAS3__Ngen_nlang_vectors_vector__nlang_builtins_i32_genN_
#define HAS3__Ngen_nlang_vectors_vector__nlang_builtins_i32_genN_
#ifndef HAS3__Ngen_nlang_builtins_nullable_mutable_ref__nlang_builtins_i32_genN_
#define HAS3__Ngen_nlang_builtins_nullable_mutable_ref__nlang_builtins_i32_genN_
typedef nlang_builtins_i32* _Ngen_nlang_builtins_nullable_mutable_ref__nlang_builtins_i32_genN_;
#endif // HAS3__Ngen_nlang_builtins_nullable_mutable_ref__nlang_builtins_i32_genN_
#ifndef HAS3__Ngen_nlang_builtins__Ni_trivial_array_ctor__nlang_builtins_i32_genN_
#define HAS3__Ngen_nlang_builtins__Ni_trivial_array_ctor__nlang_builtins_i32_genN_
#endif // HAS3__Ngen_nlang_builtins__Ni_trivial_array_ctor__nlang_builtins_i32_genN_
#ifndef HAS3__Ngen_nlang_builtins_static_array__nlang_builtins_i32_genN_
#define HAS3__Ngen_nlang_builtins_static_array__nlang_builtins_i32_genN_
#ifndef HAS3__Ngen_nlang_builtins_ref___Ngen_nlang_builtins_static_array__nlang_builtins_i32_genN__genN_
#define HAS3__Ngen_nlang_builtins_ref___Ngen_nlang_builtins_static_array__nlang_builtins_i32_genN__genN_
struct _Ngen_nlang_builtins_static_array__nlang_builtins_i32_genN_;
typedef const struct _Ngen_nlang_builtins_static_array__nlang_builtins_i32_genN_* _Ngen_nlang_builtins_ref___Ngen_nlang_builtins_static_array__nlang_builtins_i32_genN__genN_;
#endif // HAS3__Ngen_nlang_builtins_ref___Ngen_nlang_builtins_static_array__nlang_builtins_i32_genN__genN_
#ifndef HAS3__Ngen_nlang_builtins_static_array__nlang_builtins_i32_genN__count
#define HAS3__Ngen_nlang_builtins_static_array__nlang_builtins_i32_genN__count
static inline nlang_builtins_size _Ngen_nlang_builtins_static_array__nlang_builtins_i32_genN__count(_Ngen_nlang_builtins_ref___Ngen_nlang_builtins_static_array__nlang_builtins_i32_genN__genN_ self) {
#define THIS(x) _Ngen_nlang_builtins_static_array__nlang_builtins_i32_genN_##x
 {
return (self->c);
}
#undef THIS
}
#endif // HAS3__Ngen_nlang_builtins_static_array__nlang_builtins_i32_genN__count
;
#ifndef HAS3__Ngen_nlang_builtins_static_array__nlang_builtins_i32_genN__bytecount
#define HAS3__Ngen_nlang_builtins_static_array__nlang_builtins_i32_genN__bytecount
static inline nlang_builtins_size _Ngen_nlang_builtins_static_array__nlang_builtins_i32_genN__bytecount(_Ngen_nlang_builtins_ref___Ngen_nlang_builtins_static_array__nlang_builtins_i32_genN__genN_ self) {
#define THIS(x) _Ngen_nlang_builtins_static_array__nlang_builtins_i32_genN_##x
 {
return ((self->c) * sizeof(nlang_builtins_i32));
}
#undef THIS
}
#endif // HAS3__Ngen_nlang_builtins_static_array__nlang_builtins_i32_genN__bytecount
;
#ifndef HAS3__Ngen_nlang_builtins_static_array__nlang_builtins_i32_genN__all
#define HAS3__Ngen_nlang_builtins_static_array__nlang_builtins_i32_genN__all
static inline nlang_containers_index_range _Ngen_nlang_builtins_static_array__nlang_builtins_i32_genN__all(_Ngen_nlang_builtins_ref___Ngen_nlang_builtins_static_array__nlang_builtins_i32_genN__genN_ self) {
#define THIS(x) _Ngen_nlang_builtins_static_array__nlang_builtins_i32_genN_##x
 {
return nlang_containers_range((nlang_builtins_size)0, (self->c));
}
#undef THIS
}
#endif // HAS3__Ngen_nlang_builtins_static_array__nlang_builtins_i32_genN__all
;
#ifndef HAS3__Ngen_nlang_builtins_mercurial_ref___Ngen_nlang_builtins_static_array__nlang_builtins_i32_genN__genN_
#define HAS3__Ngen_nlang_builtins_mercurial_ref___Ngen_nlang_builtins_static_array__nlang_builtins_i32_genN__genN_
struct _Ngen_nlang_builtins_static_array__nlang_builtins_i32_genN_;
typedef struct _Ngen_nlang_builtins_static_array__nlang_builtins_i32_genN_* _Ngen_nlang_builtins_mercurial_ref___Ngen_nlang_builtins_static_array__nlang_builtins_i32_genN__genN_;
#endif // HAS3__Ngen_nlang_builtins_mercurial_ref___Ngen_nlang_builtins_static_array__nlang_builtins_i32_genN__genN_
#ifndef HAS3__Ngen_nlang_builtins_static_array__nlang_builtins_i32_genN__ctor
#define HAS3__Ngen_nlang_builtins_static_array__nlang_builtins_i32_genN__ctor
static inline nlang_builtins_void _Ngen_nlang_builtins_static_array__nlang_builtins_i32_genN__ctor(_Ngen_nlang_builtins_mercurial_ref___Ngen_nlang_builtins_static_array__nlang_builtins_i32_genN__genN_ self) {
#define THIS(x) _Ngen_nlang_builtins_static_array__nlang_builtins_i32_genN_##x
#undef THIS
}
#endif // HAS3__Ngen_nlang_builtins_static_array__nlang_builtins_i32_genN__ctor
;
#ifndef HAS3__Ngen_nlang_builtins_static_array__nlang_builtins_i32_genN__mk
#define HAS3__Ngen_nlang_builtins_static_array__nlang_builtins_i32_genN__mk
static inline _Ngen_nlang_builtins_static_array__nlang_builtins_i32_genN_ _Ngen_nlang_builtins_static_array__nlang_builtins_i32_genN__mk(void) {
#define THIS(x) _Ngen_nlang_builtins_static_array__nlang_builtins_i32_genN_##x
__attribute__((__unused__)) _Ngen_nlang_builtins_static_array__nlang_builtins_i32_genN_ r = { 0 };
return (THIS()){ 0 };
return r;
#undef THIS
}
#endif // HAS3__Ngen_nlang_builtins_static_array__nlang_builtins_i32_genN__mk
;
#ifndef HAS3__Ngen_nlang_builtins_static_array__nlang_builtins_i32_genN__new
#define HAS3__Ngen_nlang_builtins_static_array__nlang_builtins_i32_genN__new
static inline _Ngen_nlang_builtins_mercurial_ref___Ngen_nlang_builtins_static_array__nlang_builtins_i32_genN__genN_ _Ngen_nlang_builtins_static_array__nlang_builtins_i32_genN__new(void) {
#define THIS(x) _Ngen_nlang_builtins_static_array__nlang_builtins_i32_genN_##x
return calloc(1, sizeof(THIS()));
#undef THIS
}
#endif // HAS3__Ngen_nlang_builtins_static_array__nlang_builtins_i32_genN__new
;
#ifndef HAS3__Ngen_nlang_builtins_static_array__nlang_builtins_i32_genN__copy_ctor
#define HAS3__Ngen_nlang_builtins_static_array__nlang_builtins_i32_genN__copy_ctor
static inline nlang_builtins_void _Ngen_nlang_builtins_static_array__nlang_builtins_i32_genN__copy_ctor(_Ngen_nlang_builtins_mercurial_ref___Ngen_nlang_builtins_static_array__nlang_builtins_i32_genN__genN_ self, _Ngen_nlang_builtins_ref___Ngen_nlang_builtins_static_array__nlang_builtins_i32_genN__genN_ other) {
#define THIS(x) _Ngen_nlang_builtins_static_array__nlang_builtins_i32_genN_##x
memcpy(self, other, sizeof(*self));
#undef THIS
}
#endif // HAS3__Ngen_nlang_builtins_static_array__nlang_builtins_i32_genN__copy_ctor
;
#endif // HAS3__Ngen_nlang_builtins_static_array__nlang_builtins_i32_genN_
#ifndef HAS3__Ngen_nlang_builtins_mercurial_ref___Ngen_nlang_vectors_vector__nlang_builtins_i32_genN__genN_
#define HAS3__Ngen_nlang_builtins_mercurial_ref___Ngen_nlang_vectors_vector__nlang_builtins_i32_genN__genN_
struct _Ngen_nlang_vectors_vector__nlang_builtins_i32_genN_;
typedef struct _Ngen_nlang_vectors_vector__nlang_builtins_i32_genN_* _Ngen_nlang_builtins_mercurial_ref___Ngen_nlang_vectors_vector__nlang_builtins_i32_genN__genN_;
#endif // HAS3__Ngen_nlang_builtins_mercurial_ref___Ngen_nlang_vectors_vector__nlang_builtins_i32_genN__genN_
#ifndef HAS3__Ngen_nlang_builtins_mutable_ref__nlang_containers_index_iterator_genN_
#define HAS3__Ngen_nlang_builtins_mutable_ref__nlang_containers_index_iterator_genN_
struct nlang_containers_index_iterator;
typedef struct nlang_containers_index_iterator* _Ngen_nlang_builtins_mutable_ref__nlang_containers_index_iterator_genN_;
#endif // HAS3__Ngen_nlang_builtins_mutable_ref__nlang_containers_index_iterator_genN_
#ifndef HAS3__Ngen_nlang_builtins_mutable_ref___Ngen_nlang_builtins_static_array__nlang_builtins_i32_genN__genN_
#define HAS3__Ngen_nlang_builtins_mutable_ref___Ngen_nlang_builtins_static_array__nlang_builtins_i32_genN__genN_
struct _Ngen_nlang_builtins_static_array__nlang_builtins_i32_genN_;
typedef struct _Ngen_nlang_builtins_static_array__nlang_builtins_i32_genN_* _Ngen_nlang_builtins_mutable_ref___Ngen_nlang_builtins_static_array__nlang_builtins_i32_genN__genN_;
#endif // HAS3__Ngen_nlang_builtins_mutable_ref___Ngen_nlang_builtins_static_array__nlang_builtins_i32_genN__genN_
#ifndef HAS3__Ngen_nlang_builtins_mutable_ref__nlang_builtins_u8_genN_
#define HAS3__Ngen_nlang_builtins_mutable_ref__nlang_builtins_u8_genN_
typedef nlang_builtins_u8* _Ngen_nlang_builtins_mutable_ref__nlang_builtins_u8_genN_;
#endif // HAS3__Ngen_nlang_builtins_mutable_ref__nlang_builtins_u8_genN_
#ifndef HAS3__Ngen__Ngen_nlang_builtins_static_array__nlang_builtins_i32_genN__unsafe_rawdata__nlang_builtins_mutable_ref_genN_
#define HAS3__Ngen__Ngen_nlang_builtins_static_array__nlang_builtins_i32_genN__unsafe_rawdata__nlang_builtins_mutable_ref_genN_
static inline _Ngen_nlang_builtins_mutable_ref__nlang_builtins_u8_genN_ _Ngen__Ngen_nlang_builtins_static_array__nlang_builtins_i32_genN__unsafe_rawdata__nlang_builtins_mutable_ref_genN_(_Ngen_nlang_builtins_mutable_ref___Ngen_nlang_builtins_static_array__nlang_builtins_i32_genN__genN_ self) {
#define THIS(x) _Ngen_nlang_builtins_static_array__nlang_builtins_i32_genN_##x
 {
nlang_builtins_assert(((self->c) != (nlang_builtins_size)0));
return (_Ngen_nlang_builtins_mutable_ref__nlang_builtins_u8_genN_)((self->d));
}
#undef THIS
}
#endif // HAS3__Ngen__Ngen_nlang_builtins_static_array__nlang_builtins_i32_genN__unsafe_rawdata__nlang_builtins_mutable_ref_genN_
#ifndef HAS3__Ngen_nlang_builtins_ref__nlang_builtins_i32_genN_
#define HAS3__Ngen_nlang_builtins_ref__nlang_builtins_i32_genN_
typedef const nlang_builtins_i32* _Ngen_nlang_builtins_ref__nlang_builtins_i32_genN_;
#endif // HAS3__Ngen_nlang_builtins_ref__nlang_builtins_i32_genN_
#ifndef HAS3__Ngen__Ngen_nlang_builtins_static_array__nlang_builtins_i32_genN__at__nlang_builtins_ref_genN_
#define HAS3__Ngen__Ngen_nlang_builtins_static_array__nlang_builtins_i32_genN__at__nlang_builtins_ref_genN_
static inline _Ngen_nlang_builtins_ref__nlang_builtins_i32_genN_ _Ngen__Ngen_nlang_builtins_static_array__nlang_builtins_i32_genN__at__nlang_builtins_ref_genN_(_Ngen_nlang_builtins_ref___Ngen_nlang_builtins_static_array__nlang_builtins_i32_genN__genN_ self, nlang_builtins_size n) {
#define THIS(x) _Ngen_nlang_builtins_static_array__nlang_builtins_i32_genN_##x
 {
nlang_builtins_assert((n < (self->c)));
nlang_builtins_size off = (n * sizeof(nlang_builtins_i32));
;
_Ngen_nlang_builtins_mutable_ref__nlang_builtins_u8_genN_ p = nlang_builtins_static_array_at_byte(_Ngen__Ngen_nlang_builtins_static_array__nlang_builtins_i32_genN__unsafe_rawdata__nlang_builtins_mutable_ref_genN_((_Ngen_nlang_builtins_mutable_ref___Ngen_nlang_builtins_static_array__nlang_builtins_i32_genN__genN_)(self)), off);
;
return (_Ngen_nlang_builtins_ref__nlang_builtins_i32_genN_)(p);
}
#undef THIS
}
#endif // HAS3__Ngen__Ngen_nlang_builtins_static_array__nlang_builtins_i32_genN__at__nlang_builtins_ref_genN_
#ifndef HAS3__Ngen_nlang_builtins_ref__nlang_containers_index_range_genN_
#define HAS3__Ngen_nlang_builtins_ref__nlang_containers_index_range_genN_
struct nlang_containers_index_range;
typedef const struct nlang_containers_index_range* _Ngen_nlang_builtins_ref__nlang_containers_index_range_genN_;
#endif // HAS3__Ngen_nlang_builtins_ref__nlang_containers_index_range_genN_
#ifndef HAS3__Ngen_nlang_vectors_vector__nlang_builtins_i32_genN__ctorv
#define HAS3__Ngen_nlang_vectors_vector__nlang_builtins_i32_genN__ctorv
static inline nlang_builtins_void _Ngen_nlang_vectors_vector__nlang_builtins_i32_genN__ctorv(_Ngen_nlang_builtins_mercurial_ref___Ngen_nlang_vectors_vector__nlang_builtins_i32_genN__genN_ self, _Ngen_nlang_builtins_ref___Ngen_nlang_builtins_static_array__nlang_builtins_i32_genN__genN_ c) {
#define THIS(x) _Ngen_nlang_vectors_vector__nlang_builtins_i32_genN_##x
 {
_Ngen_nlang_vectors_vector__nlang_builtins_i32_genN__reserve(self, _Ngen_nlang_builtins_static_array__nlang_builtins_i32_genN__count(c));
nlang_containers_index_range _Ngensym4 = { 0 };
nlang_containers_index_iterator _Ngensym5 = { 0 };
nlang_containers_index_iterator _Ngensym6 = { 0 };
_Ngen_nlang_builtins_mutable_ref__nlang_containers_index_iterator_genN_ _Ngensym0 = ({  {
nlang_containers_index_range_iter(({ _Ngensym4 = _Ngen_nlang_builtins_static_array__nlang_builtins_i32_genN__all(c);
((&_Ngensym4));
; }), &(_Ngensym5));
_Ngensym6 = _Ngensym5;
};
((&_Ngensym6));
; });
while (nlang_containers_index_iterator_has_next(_Ngensym0)) {
nlang_builtins_size i = nlang_containers_index_iterator_next(_Ngensym0);
_Ngen_nlang_vectors_vector__nlang_builtins_i32_genN__push(self, ((*_Ngen__Ngen_nlang_builtins_static_array__nlang_builtins_i32_genN__at__nlang_builtins_ref_genN_(c, i))));
;
};
;
;
}
#undef THIS
}
#endif // HAS3__Ngen_nlang_vectors_vector__nlang_builtins_i32_genN__ctorv
;
#ifndef HAS3__Ngen_nlang_builtins_ref___Ngen_nlang_vectors_vector__nlang_builtins_i32_genN__genN_
#define HAS3__Ngen_nlang_builtins_ref___Ngen_nlang_vectors_vector__nlang_builtins_i32_genN__genN_
struct _Ngen_nlang_vectors_vector__nlang_builtins_i32_genN_;
typedef const struct _Ngen_nlang_vectors_vector__nlang_builtins_i32_genN_* _Ngen_nlang_builtins_ref___Ngen_nlang_vectors_vector__nlang_builtins_i32_genN__genN_;
#endif // HAS3__Ngen_nlang_builtins_ref___Ngen_nlang_vectors_vector__nlang_builtins_i32_genN__genN_
#ifndef HAS3__Ngen_nlang_vectors_vector__nlang_builtins_i32_genN__count
#define HAS3__Ngen_nlang_vectors_vector__nlang_builtins_i32_genN__count
static inline nlang_builtins_size _Ngen_nlang_vectors_vector__nlang_builtins_i32_genN__count(_Ngen_nlang_builtins_ref___Ngen_nlang_vectors_vector__nlang_builtins_i32_genN__genN_ self) {
#define THIS(x) _Ngen_nlang_vectors_vector__nlang_builtins_i32_genN_##x
 {
return (self->c);
}
#undef THIS
}
#endif // HAS3__Ngen_nlang_vectors_vector__nlang_builtins_i32_genN__count
;
#ifndef HAS3__Ngen_nlang_vectors_vector__nlang_builtins_i32_genN__is_empty
#define HAS3__Ngen_nlang_vectors_vector__nlang_builtins_i32_genN__is_empty
static inline nlang_builtins_bool _Ngen_nlang_vectors_vector__nlang_builtins_i32_genN__is_empty(_Ngen_nlang_builtins_ref___Ngen_nlang_vectors_vector__nlang_builtins_i32_genN__genN_ self) {
#define THIS(x) _Ngen_nlang_vectors_vector__nlang_builtins_i32_genN_##x
 {
return ((self->c) == (nlang_builtins_size)0);
}
#undef THIS
}
#endif // HAS3__Ngen_nlang_vectors_vector__nlang_builtins_i32_genN__is_empty
;
#ifndef HAS3__Ngen_nlang_vectors_vector__nlang_builtins_i32_genN__capacity
#define HAS3__Ngen_nlang_vectors_vector__nlang_builtins_i32_genN__capacity
static inline nlang_builtins_size _Ngen_nlang_vectors_vector__nlang_builtins_i32_genN__capacity(_Ngen_nlang_builtins_ref___Ngen_nlang_vectors_vector__nlang_builtins_i32_genN__genN_ self) {
#define THIS(x) _Ngen_nlang_vectors_vector__nlang_builtins_i32_genN_##x
 {
return _Ngen_nlang_memory_slice__nlang_builtins_i32_genN__count(((&(self->p))));
}
#undef THIS
}
#endif // HAS3__Ngen_nlang_vectors_vector__nlang_builtins_i32_genN__capacity
;
#ifndef HAS3__Ngen_nlang_builtins_mutable_ref__nlang_sysheap_heap_genN_
#define HAS3__Ngen_nlang_builtins_mutable_ref__nlang_sysheap_heap_genN_
struct nlang_sysheap_heap;
typedef struct nlang_sysheap_heap* _Ngen_nlang_builtins_mutable_ref__nlang_sysheap_heap_genN_;
#endif // HAS3__Ngen_nlang_builtins_mutable_ref__nlang_sysheap_heap_genN_
#ifndef HAS3__Ngen_nlang_sysheap_heap_slice_realloc__nlang_builtins_i32_genN_
#define HAS3__Ngen_nlang_sysheap_heap_slice_realloc__nlang_builtins_i32_genN_
static inline nlang_builtins_void _Ngen_nlang_sysheap_heap_slice_realloc__nlang_builtins_i32_genN_(_Ngen_nlang_builtins_mutable_ref__nlang_sysheap_heap_genN_ self, _Ngen_nlang_builtins_mercurial_ref___Ngen_nlang_memory_slice__nlang_builtins_i32_genN__genN_ s, nlang_builtins_size count) {
#define THIS(x) nlang_sysheap_heap##x
 {
nlang_builtins_size bsz = (count * sizeof(nlang_builtins_i32));
;
( ((_Ngen_nlang_memory_slice__nlang_builtins_i32_genN__count(s) == (nlang_builtins_size)0)) ? ( {
(s->d) = (_Ngen_nlang_builtins_nullable_mercurial_ref__nlang_builtins_i32_genN_)(nlang_sysheap_realloc(NULL, (nlang_builtins_size)0, bsz));
(s->c) = count;
})
 : ( {
nlang_builtins_size old_bsz = _Ngen_nlang_memory_slice__nlang_builtins_i32_genN__bytecount(s);
;
_Ngen_nlang_builtins_mercurial_ref__nlang_builtins_u8_genN_ raw = _Ngen__Ngen_nlang_memory_slice__nlang_builtins_i32_genN__unsafe_rawdata__nlang_builtins_mercurial_ref_genN_(s);
;
(s->d) = (_Ngen_nlang_builtins_nullable_mercurial_ref__nlang_builtins_i32_genN_)(nlang_sysheap_realloc(raw, old_bsz, bsz));
(s->c) = count;
}));
}
#undef THIS
}
#endif // HAS3__Ngen_nlang_sysheap_heap_slice_realloc__nlang_builtins_i32_genN_
#ifndef HAS3__Ngen_nlang_vectors_vector__nlang_builtins_i32_genN__reserve
#define HAS3__Ngen_nlang_vectors_vector__nlang_builtins_i32_genN__reserve
static inline nlang_builtins_void _Ngen_nlang_vectors_vector__nlang_builtins_i32_genN__reserve(_Ngen_nlang_builtins_mercurial_ref___Ngen_nlang_vectors_vector__nlang_builtins_i32_genN__genN_ self, nlang_builtins_size n) {
#define THIS(x) _Ngen_nlang_vectors_vector__nlang_builtins_i32_genN_##x
 {
( ((n > _Ngen_nlang_vectors_vector__nlang_builtins_i32_genN__capacity(self))) ? ( {
_Ngen_nlang_sysheap_heap_slice_realloc__nlang_builtins_i32_genN_(((&nlang_sysheap_sysheap)), ((&(self->p))), n);
}) : ({;}) );
}
#undef THIS
}
#endif // HAS3__Ngen_nlang_vectors_vector__nlang_builtins_i32_genN__reserve
;
#ifndef HAS3__Ngen_nlang_vectors_vector__nlang_builtins_i32_genN__resize
#define HAS3__Ngen_nlang_vectors_vector__nlang_builtins_i32_genN__resize
static inline nlang_builtins_void _Ngen_nlang_vectors_vector__nlang_builtins_i32_genN__resize(_Ngen_nlang_builtins_mercurial_ref___Ngen_nlang_vectors_vector__nlang_builtins_i32_genN__genN_ self, nlang_builtins_size n) {
#define THIS(x) _Ngen_nlang_vectors_vector__nlang_builtins_i32_genN_##x
 {
_Ngen_nlang_sysheap_heap_slice_realloc__nlang_builtins_i32_genN_(((&nlang_sysheap_sysheap)), ((&(self->p))), n);
(self->c) = n;
}
#undef THIS
}
#endif // HAS3__Ngen_nlang_vectors_vector__nlang_builtins_i32_genN__resize
;
#ifndef HAS3__Ngen__Ngen_nlang_memory_slice__nlang_builtins_i32_genN__at__nlang_builtins_mercurial_ref_genN_
#define HAS3__Ngen__Ngen_nlang_memory_slice__nlang_builtins_i32_genN__at__nlang_builtins_mercurial_ref_genN_
static inline _Ngen_nlang_builtins_mercurial_ref__nlang_builtins_i32_genN_ _Ngen__Ngen_nlang_memory_slice__nlang_builtins_i32_genN__at__nlang_builtins_mercurial_ref_genN_(_Ngen_nlang_builtins_mercurial_ref___Ngen_nlang_memory_slice__nlang_builtins_i32_genN__genN_ self, nlang_builtins_size n) {
#define THIS(x) _Ngen_nlang_memory_slice__nlang_builtins_i32_genN_##x
 {
nlang_builtins_assert((n < (self->c)));
nlang_builtins_size off = (n * sizeof(nlang_builtins_i32));
;
_Ngen_nlang_builtins_mercurial_ref__nlang_builtins_u8_genN_ p = nlang_memory_slice_at_byte(_Ngen__Ngen_nlang_memory_slice__nlang_builtins_i32_genN__unsafe_rawdata__nlang_builtins_mercurial_ref_genN_((_Ngen_nlang_builtins_mercurial_ref___Ngen_nlang_memory_slice__nlang_builtins_i32_genN__genN_)(self)), off);
;
return (_Ngen_nlang_builtins_mercurial_ref__nlang_builtins_i32_genN_)(p);
}
#undef THIS
}
#endif // HAS3__Ngen__Ngen_nlang_memory_slice__nlang_builtins_i32_genN__at__nlang_builtins_mercurial_ref_genN_
#ifndef HAS3__Ngen__Ngen_nlang_vectors_vector__nlang_builtins_i32_genN__at__nlang_builtins_mercurial_ref_genN_
#define HAS3__Ngen__Ngen_nlang_vectors_vector__nlang_builtins_i32_genN__at__nlang_builtins_mercurial_ref_genN_
static inline _Ngen_nlang_builtins_mercurial_ref__nlang_builtins_i32_genN_ _Ngen__Ngen_nlang_vectors_vector__nlang_builtins_i32_genN__at__nlang_builtins_mercurial_ref_genN_(_Ngen_nlang_builtins_mercurial_ref___Ngen_nlang_vectors_vector__nlang_builtins_i32_genN__genN_ self, nlang_builtins_size n) {
#define THIS(x) _Ngen_nlang_vectors_vector__nlang_builtins_i32_genN_##x
 {
nlang_builtins_assert((n <= (self->c)));
return _Ngen__Ngen_nlang_memory_slice__nlang_builtins_i32_genN__at__nlang_builtins_mercurial_ref_genN_(((&(self->p))), n);
}
#undef THIS
}
#endif // HAS3__Ngen__Ngen_nlang_vectors_vector__nlang_builtins_i32_genN__at__nlang_builtins_mercurial_ref_genN_
#ifndef HAS3__Ngen_nlang_vectors_vector__nlang_builtins_i32_genN__push
#define HAS3__Ngen_nlang_vectors_vector__nlang_builtins_i32_genN__push
static inline nlang_builtins_void _Ngen_nlang_vectors_vector__nlang_builtins_i32_genN__push(_Ngen_nlang_builtins_mercurial_ref___Ngen_nlang_vectors_vector__nlang_builtins_i32_genN__genN_ self, nlang_builtins_i32 x) {
#define THIS(x) _Ngen_nlang_vectors_vector__nlang_builtins_i32_genN_##x
 {
_Ngen_nlang_vectors_vector__nlang_builtins_i32_genN__reserve(self, ((self->c) + (nlang_builtins_size)1));
nlang_builtins_size n = (self->c);
;
(self->c) += (nlang_builtins_size)1;
_Ngen_nlang_builtins_mercurial_ref__nlang_builtins_i32_genN_ d = _Ngen__Ngen_nlang_vectors_vector__nlang_builtins_i32_genN__at__nlang_builtins_mercurial_ref_genN_(self, n);
;
((*d)) = x;
}
#undef THIS
}
#endif // HAS3__Ngen_nlang_vectors_vector__nlang_builtins_i32_genN__push
;
#ifndef HAS3__Ngen__Ngen_nlang_vectors_vector__nlang_builtins_i32_genN__last__nlang_builtins_mercurial_ref_genN_
#define HAS3__Ngen__Ngen_nlang_vectors_vector__nlang_builtins_i32_genN__last__nlang_builtins_mercurial_ref_genN_
static inline _Ngen_nlang_builtins_mercurial_ref__nlang_builtins_i32_genN_ _Ngen__Ngen_nlang_vectors_vector__nlang_builtins_i32_genN__last__nlang_builtins_mercurial_ref_genN_(_Ngen_nlang_builtins_mercurial_ref___Ngen_nlang_vectors_vector__nlang_builtins_i32_genN__genN_ self) {
#define THIS(x) _Ngen_nlang_vectors_vector__nlang_builtins_i32_genN_##x
 {
return _Ngen__Ngen_nlang_vectors_vector__nlang_builtins_i32_genN__at__nlang_builtins_mercurial_ref_genN_(self, ((self->c) - (nlang_builtins_size)1));
}
#undef THIS
}
#endif // HAS3__Ngen__Ngen_nlang_vectors_vector__nlang_builtins_i32_genN__last__nlang_builtins_mercurial_ref_genN_
#ifndef HAS3__Ngen_nlang_vectors_vector__nlang_builtins_i32_genN__pop
#define HAS3__Ngen_nlang_vectors_vector__nlang_builtins_i32_genN__pop
static inline nlang_builtins_i32 _Ngen_nlang_vectors_vector__nlang_builtins_i32_genN__pop(_Ngen_nlang_builtins_mercurial_ref___Ngen_nlang_vectors_vector__nlang_builtins_i32_genN__genN_ self) {
#define THIS(x) _Ngen_nlang_vectors_vector__nlang_builtins_i32_genN_##x
 {
nlang_builtins_assert(((self->c) != (nlang_builtins_size)0));
_Ngen_nlang_builtins_mercurial_ref__nlang_builtins_i32_genN_ d = _Ngen__Ngen_nlang_vectors_vector__nlang_builtins_i32_genN__last__nlang_builtins_mercurial_ref_genN_(self);
;
(self->c) -= (nlang_builtins_size)1;
return ((*d));
}
#undef THIS
}
#endif // HAS3__Ngen_nlang_vectors_vector__nlang_builtins_i32_genN__pop
;
#ifndef HAS3__Ngen_nlang_sysheap_heap_slice_free__nlang_builtins_i32_genN_
#define HAS3__Ngen_nlang_sysheap_heap_slice_free__nlang_builtins_i32_genN_
static inline nlang_builtins_void _Ngen_nlang_sysheap_heap_slice_free__nlang_builtins_i32_genN_(_Ngen_nlang_builtins_mutable_ref__nlang_sysheap_heap_genN_ self, _Ngen_nlang_builtins_mercurial_ref___Ngen_nlang_memory_slice__nlang_builtins_i32_genN__genN_ s) {
#define THIS(x) nlang_sysheap_heap##x
 {
nlang_builtins_size bsz = _Ngen_nlang_memory_slice__nlang_builtins_i32_genN__bytecount(s);
;
_Ngen_nlang_builtins_mercurial_ref__nlang_builtins_u8_genN_ raw = _Ngen__Ngen_nlang_memory_slice__nlang_builtins_i32_genN__unsafe_rawdata__nlang_builtins_mercurial_ref_genN_(s);
;
nlang_sysheap_free(raw, bsz);
(s->c) = (nlang_builtins_size)0;
(s->d) = NULL;
}
#undef THIS
}
#endif // HAS3__Ngen_nlang_sysheap_heap_slice_free__nlang_builtins_i32_genN_
#ifndef HAS3__Ngen_nlang_vectors_vector__nlang_builtins_i32_genN__clear
#define HAS3__Ngen_nlang_vectors_vector__nlang_builtins_i32_genN__clear
static inline nlang_builtins_void _Ngen_nlang_vectors_vector__nlang_builtins_i32_genN__clear(_Ngen_nlang_builtins_mercurial_ref___Ngen_nlang_vectors_vector__nlang_builtins_i32_genN__genN_ self) {
#define THIS(x) _Ngen_nlang_vectors_vector__nlang_builtins_i32_genN_##x
 {
_Ngen_nlang_sysheap_heap_slice_free__nlang_builtins_i32_genN_(((&nlang_sysheap_sysheap)), ((&(self->p))));
}
#undef THIS
}
#endif // HAS3__Ngen_nlang_vectors_vector__nlang_builtins_i32_genN__clear
;
#ifndef HAS3__Ngen_nlang_vectors_vector__nlang_builtins_i32_genN__all
#define HAS3__Ngen_nlang_vectors_vector__nlang_builtins_i32_genN__all
static inline nlang_containers_index_range _Ngen_nlang_vectors_vector__nlang_builtins_i32_genN__all(_Ngen_nlang_builtins_ref___Ngen_nlang_vectors_vector__nlang_builtins_i32_genN__genN_ self) {
#define THIS(x) _Ngen_nlang_vectors_vector__nlang_builtins_i32_genN_##x
 {
return nlang_containers_range((nlang_builtins_size)0, _Ngen_nlang_vectors_vector__nlang_builtins_i32_genN__count(self));
}
#undef THIS
}
#endif // HAS3__Ngen_nlang_vectors_vector__nlang_builtins_i32_genN__all
;
#ifndef HAS3__Ngen_nlang_vectors_vector__nlang_builtins_i32_genN__copy_ctor
#define HAS3__Ngen_nlang_vectors_vector__nlang_builtins_i32_genN__copy_ctor
static inline nlang_builtins_void _Ngen_nlang_vectors_vector__nlang_builtins_i32_genN__copy_ctor(_Ngen_nlang_builtins_mercurial_ref___Ngen_nlang_vectors_vector__nlang_builtins_i32_genN__genN_ self, _Ngen_nlang_builtins_ref___Ngen_nlang_vectors_vector__nlang_builtins_i32_genN__genN_ other) {
#define THIS(x) _Ngen_nlang_vectors_vector__nlang_builtins_i32_genN_##x
 {
_Ngen_nlang_sysheap_heap_slice_realloc__nlang_builtins_i32_genN_(((&nlang_sysheap_sysheap)), ((&(self->p))), _Ngen_nlang_memory_slice__nlang_builtins_i32_genN__count(((&(other->p)))));
_Ngen_nlang_memory_slice__nlang_builtins_i32_genN__copy(((&(self->p))), (nlang_builtins_size)0, ((&(other->p))), (nlang_builtins_size)0, _Ngen_nlang_memory_slice__nlang_builtins_i32_genN__count(((&(other->p)))));
(self->c) = (other->c);
}
#undef THIS
}
#endif // HAS3__Ngen_nlang_vectors_vector__nlang_builtins_i32_genN__copy_ctor
;
#ifndef HAS3__Ngen_nlang_vectors_vector__nlang_builtins_i32_genN__append_slice
#define HAS3__Ngen_nlang_vectors_vector__nlang_builtins_i32_genN__append_slice
static inline nlang_builtins_void _Ngen_nlang_vectors_vector__nlang_builtins_i32_genN__append_slice(_Ngen_nlang_builtins_mercurial_ref___Ngen_nlang_vectors_vector__nlang_builtins_i32_genN__genN_ self, _Ngen_nlang_builtins_ref___Ngen_nlang_memory_slice__nlang_builtins_i32_genN__genN_ other) {
#define THIS(x) _Ngen_nlang_vectors_vector__nlang_builtins_i32_genN_##x
 {
_Ngen_nlang_sysheap_heap_slice_realloc__nlang_builtins_i32_genN_(((&nlang_sysheap_sysheap)), ((&(self->p))), _Ngen_nlang_memory_slice__nlang_builtins_i32_genN__count(other));
_Ngen_nlang_memory_slice__nlang_builtins_i32_genN__copy(((&(self->p))), (nlang_builtins_size)0, other, (nlang_builtins_size)0, _Ngen_nlang_memory_slice__nlang_builtins_i32_genN__count(other));
(self->c) = _Ngen_nlang_memory_slice__nlang_builtins_i32_genN__count(other);
}
#undef THIS
}
#endif // HAS3__Ngen_nlang_vectors_vector__nlang_builtins_i32_genN__append_slice
;
#ifndef HAS3__Ngen_nlang_vectors_vector__nlang_builtins_i32_genN__ctor
#define HAS3__Ngen_nlang_vectors_vector__nlang_builtins_i32_genN__ctor
static inline nlang_builtins_void _Ngen_nlang_vectors_vector__nlang_builtins_i32_genN__ctor(_Ngen_nlang_builtins_mercurial_ref___Ngen_nlang_vectors_vector__nlang_builtins_i32_genN__genN_ self) {
#define THIS(x) _Ngen_nlang_vectors_vector__nlang_builtins_i32_genN_##x
#undef THIS
}
#endif // HAS3__Ngen_nlang_vectors_vector__nlang_builtins_i32_genN__ctor
;
#ifndef HAS3__Ngen_nlang_vectors_vector__nlang_builtins_i32_genN__mk
#define HAS3__Ngen_nlang_vectors_vector__nlang_builtins_i32_genN__mk
static inline void _Ngen_nlang_vectors_vector__nlang_builtins_i32_genN__mk(_Ngen_nlang_vectors_vector__nlang_builtins_i32_genN_ *_nrtr_r) {
#define THIS(x) _Ngen_nlang_vectors_vector__nlang_builtins_i32_genN_##x
#define r (*_nrtr_r)
#undef r
#undef THIS
}
#endif // HAS3__Ngen_nlang_vectors_vector__nlang_builtins_i32_genN__mk
;
#ifndef HAS3__Ngen_nlang_vectors_vector__nlang_builtins_i32_genN__new
#define HAS3__Ngen_nlang_vectors_vector__nlang_builtins_i32_genN__new
static inline _Ngen_nlang_builtins_mercurial_ref___Ngen_nlang_vectors_vector__nlang_builtins_i32_genN__genN_ _Ngen_nlang_vectors_vector__nlang_builtins_i32_genN__new(void) {
#define THIS(x) _Ngen_nlang_vectors_vector__nlang_builtins_i32_genN_##x
return calloc(1, sizeof(THIS()));
#undef THIS
}
#endif // HAS3__Ngen_nlang_vectors_vector__nlang_builtins_i32_genN__new
;
#ifndef HAS3__Ngen_nlang_vectors_vector__nlang_builtins_i32_genN__mkv
#define HAS3__Ngen_nlang_vectors_vector__nlang_builtins_i32_genN__mkv
static inline void _Ngen_nlang_vectors_vector__nlang_builtins_i32_genN__mkv(_Ngen_nlang_builtins_ref___Ngen_nlang_builtins_static_array__nlang_builtins_i32_genN__genN_ c, _Ngen_nlang_vectors_vector__nlang_builtins_i32_genN_ *_nrtr_r) {
#define THIS(x) _Ngen_nlang_vectors_vector__nlang_builtins_i32_genN_##x
#define r (*_nrtr_r)
THIS(_ctorv)(&r, c);
#undef r
#undef THIS
}
#endif // HAS3__Ngen_nlang_vectors_vector__nlang_builtins_i32_genN__mkv
;
#ifndef HAS3__Ngen_nlang_vectors_vector__nlang_builtins_i32_genN__newv
#define HAS3__Ngen_nlang_vectors_vector__nlang_builtins_i32_genN__newv
static inline _Ngen_nlang_builtins_mercurial_ref___Ngen_nlang_vectors_vector__nlang_builtins_i32_genN__genN_ _Ngen_nlang_vectors_vector__nlang_builtins_i32_genN__newv(_Ngen_nlang_builtins_ref___Ngen_nlang_builtins_static_array__nlang_builtins_i32_genN__genN_ c) {
#define THIS(x) _Ngen_nlang_vectors_vector__nlang_builtins_i32_genN_##x
THIS() *self = calloc(1, sizeof(sizeof(THIS())));
THIS(_ctorv)(self, c);
return self;
#undef THIS
}
#endif // HAS3__Ngen_nlang_vectors_vector__nlang_builtins_i32_genN__newv
;
#endif // HAS3__Ngen_nlang_vectors_vector__nlang_builtins_i32_genN_

static void t02_vector_foo(_Ngen_nlang_vectors_vector__nlang_builtins_i32_genN_ *_nrtr__nretval) {
#define _nretval (*_nrtr__nretval)
 {
_Ngen_nlang_builtins_static_array__nlang_builtins_i32_genN_ _Ngensym1 = { 0 };
_Ngen_nlang_vectors_vector__nlang_builtins_i32_genN__mkv(({ _Ngensym1= (const _Ngen_nlang_builtins_static_array__nlang_builtins_i32_genN_){ (nlang_builtins_i32[]){ (nlang_builtins_i32)1, (nlang_builtins_i32)0, (nlang_builtins_i32)2,  }, 3 }
;
((&_Ngensym1));
; }), &(_nretval));
return;
;
}
#undef _nretval
}

#ifndef HAS3__Ngen_nlang_builtins_ref__nlang_builtins_size_genN_
#define HAS3__Ngen_nlang_builtins_ref__nlang_builtins_size_genN_
typedef const nlang_builtins_size* _Ngen_nlang_builtins_ref__nlang_builtins_size_genN_;
#endif // HAS3__Ngen_nlang_builtins_ref__nlang_builtins_size_genN_
#ifndef HAS3__Ngen__Ngen_nlang_memory_slice__nlang_builtins_i32_genN__at__nlang_builtins_ref_genN_
#define HAS3__Ngen__Ngen_nlang_memory_slice__nlang_builtins_i32_genN__at__nlang_builtins_ref_genN_
static inline _Ngen_nlang_builtins_ref__nlang_builtins_i32_genN_ _Ngen__Ngen_nlang_memory_slice__nlang_builtins_i32_genN__at__nlang_builtins_ref_genN_(_Ngen_nlang_builtins_ref___Ngen_nlang_memory_slice__nlang_builtins_i32_genN__genN_ self, nlang_builtins_size n) {
#define THIS(x) _Ngen_nlang_memory_slice__nlang_builtins_i32_genN_##x
 {
nlang_builtins_assert((n < (self->c)));
nlang_builtins_size off = (n * sizeof(nlang_builtins_i32));
;
_Ngen_nlang_builtins_mercurial_ref__nlang_builtins_u8_genN_ p = nlang_memory_slice_at_byte(_Ngen__Ngen_nlang_memory_slice__nlang_builtins_i32_genN__unsafe_rawdata__nlang_builtins_mercurial_ref_genN_((_Ngen_nlang_builtins_mercurial_ref___Ngen_nlang_memory_slice__nlang_builtins_i32_genN__genN_)(self)), off);
;
return (_Ngen_nlang_builtins_ref__nlang_builtins_i32_genN_)(p);
}
#undef THIS
}
#endif // HAS3__Ngen__Ngen_nlang_memory_slice__nlang_builtins_i32_genN__at__nlang_builtins_ref_genN_
#ifndef HAS3__Ngen__Ngen_nlang_vectors_vector__nlang_builtins_i32_genN__at__nlang_builtins_ref_genN_
#define HAS3__Ngen__Ngen_nlang_vectors_vector__nlang_builtins_i32_genN__at__nlang_builtins_ref_genN_
static inline _Ngen_nlang_builtins_ref__nlang_builtins_i32_genN_ _Ngen__Ngen_nlang_vectors_vector__nlang_builtins_i32_genN__at__nlang_builtins_ref_genN_(_Ngen_nlang_builtins_ref___Ngen_nlang_vectors_vector__nlang_builtins_i32_genN__genN_ self, nlang_builtins_size n) {
#define THIS(x) _Ngen_nlang_vectors_vector__nlang_builtins_i32_genN_##x
 {
nlang_builtins_assert((n <= (self->c)));
return _Ngen__Ngen_nlang_memory_slice__nlang_builtins_i32_genN__at__nlang_builtins_ref_genN_(((&(self->p))), n);
}
#undef THIS
}
#endif // HAS3__Ngen__Ngen_nlang_vectors_vector__nlang_builtins_i32_genN__at__nlang_builtins_ref_genN_
#ifndef HAS3__Ngen_nlang_builtins_ref__nlang_builtins_u32_genN_
#define HAS3__Ngen_nlang_builtins_ref__nlang_builtins_u32_genN_
typedef const nlang_builtins_u32* _Ngen_nlang_builtins_ref__nlang_builtins_u32_genN_;
#endif // HAS3__Ngen_nlang_builtins_ref__nlang_builtins_u32_genN_
nlang_builtins_i32 _Nmain(void) {
 {
_Ngen_nlang_vectors_vector__nlang_builtins_i32_genN_ v = { 0 };
_Ngen_nlang_vectors_vector__nlang_builtins_i32_genN__mk(&(v));
_Ngen_nlang_vectors_vector__nlang_builtins_i32_genN__push(((&v)), (nlang_builtins_i32)0);
_Ngen_nlang_vectors_vector__nlang_builtins_i32_genN__push(((&v)), (nlang_builtins_i32)1);
nlang_builtins_assert((_Ngen_nlang_vectors_vector__nlang_builtins_i32_genN__pop(((&v))) == (nlang_builtins_i32)1));
_Ngen_nlang_vectors_vector__nlang_builtins_i32_genN__push(((&v)), (nlang_builtins_i32)1);
nlang_containers_index_range _Ngensym3 = { 0 };
nlang_containers_index_iterator _Ngensym4 = { 0 };
nlang_containers_index_iterator _Ngensym5 = { 0 };
_Ngen_nlang_builtins_mutable_ref__nlang_containers_index_iterator_genN_ _Ngensym0 = ({  {
nlang_containers_index_range_iter(({ _Ngensym3 = _Ngen_nlang_vectors_vector__nlang_builtins_i32_genN__all(((&v)));
((&_Ngensym3));
; }), &(_Ngensym4));
_Ngensym5 = _Ngensym4;
};
((&_Ngensym5));
; });
while (nlang_containers_index_iterator_has_next(_Ngensym0)) {
nlang_builtins_size i = nlang_containers_index_iterator_next(_Ngensym0);
nlang_builtins_u32 _Ngensym2 = { 0 };
nlang_builtins_assert((((*_Ngen__Ngen_nlang_vectors_vector__nlang_builtins_i32_genN__at__nlang_builtins_ref_genN_(((&v)), i))) == nlang_builtins_u32_reinterpret_signed(({ _Ngensym2 = nlang_builtins_size_trim_u32(((&i)));
((&_Ngensym2));
; }))));
;
;
};
;
;
;
_Ngen_nlang_vectors_vector__nlang_builtins_i32_genN_ w = { 0 };
t02_vector_foo(&(w));
;
nlang_builtins_assert((((*_Ngen__Ngen_nlang_vectors_vector__nlang_builtins_i32_genN__at__nlang_builtins_ref_genN_(((&w)), (nlang_builtins_size)0))) == (nlang_builtins_i32)1));
nlang_builtins_assert((((*_Ngen__Ngen_nlang_vectors_vector__nlang_builtins_i32_genN__at__nlang_builtins_ref_genN_(((&w)), (nlang_builtins_size)1))) == (nlang_builtins_i32)0));
nlang_builtins_assert((((*_Ngen__Ngen_nlang_vectors_vector__nlang_builtins_i32_genN__at__nlang_builtins_ref_genN_(((&w)), (nlang_builtins_size)2))) == (nlang_builtins_i32)2));
return (((*_Ngen__Ngen_nlang_vectors_vector__nlang_builtins_i32_genN__at__nlang_builtins_ref_genN_(((&v)), (nlang_builtins_size)1))) - (nlang_builtins_i32)1);
}
}
void t02_vector_Nrunexamples(void) __attribute__((section(".text.nlang.examples")));
void t02_vector_Nrunexamples(void) {
}
